Archive member included to satisfy reference by file (symbol)

C:/ST/STM32CubeIDE_1.18.0/STM32CubeIDE/plugins/com.st.stm32cube.ide.mcu.externaltools.gnu-tools-for-stm32.13.3.rel1.win32_1.0.0.202411081344/tools/bin/../lib/gcc/arm-none-eabi/13.3.1/../../../../arm-none-eabi/lib/thumb/v7-m/nofp\libc_nano.a(libc_a-exit.o)
                              C:/ST/STM32CubeIDE_1.18.0/STM32CubeIDE/plugins/com.st.stm32cube.ide.mcu.externaltools.gnu-tools-for-stm32.13.3.rel1.win32_1.0.0.202411081344/tools/bin/../lib/gcc/arm-none-eabi/13.3.1/../../../../arm-none-eabi/lib/thumb/v7-m/nofp/crt0.o (exit)
C:/ST/STM32CubeIDE_1.18.0/STM32CubeIDE/plugins/com.st.stm32cube.ide.mcu.externaltools.gnu-tools-for-stm32.13.3.rel1.win32_1.0.0.202411081344/tools/bin/../lib/gcc/arm-none-eabi/13.3.1/../../../../arm-none-eabi/lib/thumb/v7-m/nofp\libc_nano.a(libc_a-findfp.o)
                              C:/ST/STM32CubeIDE_1.18.0/STM32CubeIDE/plugins/com.st.stm32cube.ide.mcu.externaltools.gnu-tools-for-stm32.13.3.rel1.win32_1.0.0.202411081344/tools/bin/../lib/gcc/arm-none-eabi/13.3.1/../../../../arm-none-eabi/lib/thumb/v7-m/nofp\libc_nano.a(libc_a-exit.o) (__stdio_exit_handler)
C:/ST/STM32CubeIDE_1.18.0/STM32CubeIDE/plugins/com.st.stm32cube.ide.mcu.externaltools.gnu-tools-for-stm32.13.3.rel1.win32_1.0.0.202411081344/tools/bin/../lib/gcc/arm-none-eabi/13.3.1/../../../../arm-none-eabi/lib/thumb/v7-m/nofp\libc_nano.a(libc_a-fwalk.o)
                              C:/ST/STM32CubeIDE_1.18.0/STM32CubeIDE/plugins/com.st.stm32cube.ide.mcu.externaltools.gnu-tools-for-stm32.13.3.rel1.win32_1.0.0.202411081344/tools/bin/../lib/gcc/arm-none-eabi/13.3.1/../../../../arm-none-eabi/lib/thumb/v7-m/nofp\libc_nano.a(libc_a-findfp.o) (_fwalk_sglue)
C:/ST/STM32CubeIDE_1.18.0/STM32CubeIDE/plugins/com.st.stm32cube.ide.mcu.externaltools.gnu-tools-for-stm32.13.3.rel1.win32_1.0.0.202411081344/tools/bin/../lib/gcc/arm-none-eabi/13.3.1/../../../../arm-none-eabi/lib/thumb/v7-m/nofp\libc_nano.a(libc_a-printf.o)
                              ./src/application/ap.o (printf)
C:/ST/STM32CubeIDE_1.18.0/STM32CubeIDE/plugins/com.st.stm32cube.ide.mcu.externaltools.gnu-tools-for-stm32.13.3.rel1.win32_1.0.0.202411081344/tools/bin/../lib/gcc/arm-none-eabi/13.3.1/../../../../arm-none-eabi/lib/thumb/v7-m/nofp\libc_nano.a(libc_a-puts.o)
                              ./src/application/ap.o (puts)
C:/ST/STM32CubeIDE_1.18.0/STM32CubeIDE/plugins/com.st.stm32cube.ide.mcu.externaltools.gnu-tools-for-stm32.13.3.rel1.win32_1.0.0.202411081344/tools/bin/../lib/gcc/arm-none-eabi/13.3.1/../../../../arm-none-eabi/lib/thumb/v7-m/nofp\libc_nano.a(libc_a-stdio.o)
                              C:/ST/STM32CubeIDE_1.18.0/STM32CubeIDE/plugins/com.st.stm32cube.ide.mcu.externaltools.gnu-tools-for-stm32.13.3.rel1.win32_1.0.0.202411081344/tools/bin/../lib/gcc/arm-none-eabi/13.3.1/../../../../arm-none-eabi/lib/thumb/v7-m/nofp\libc_nano.a(libc_a-findfp.o) (__sread)
C:/ST/STM32CubeIDE_1.18.0/STM32CubeIDE/plugins/com.st.stm32cube.ide.mcu.externaltools.gnu-tools-for-stm32.13.3.rel1.win32_1.0.0.202411081344/tools/bin/../lib/gcc/arm-none-eabi/13.3.1/../../../../arm-none-eabi/lib/thumb/v7-m/nofp\libc_nano.a(libc_a-vsnprintf.o)
                              ./src/hw/driver/uart.o (vsnprintf)
C:/ST/STM32CubeIDE_1.18.0/STM32CubeIDE/plugins/com.st.stm32cube.ide.mcu.externaltools.gnu-tools-for-stm32.13.3.rel1.win32_1.0.0.202411081344/tools/bin/../lib/gcc/arm-none-eabi/13.3.1/../../../../arm-none-eabi/lib/thumb/v7-m/nofp\libc_nano.a(libc_a-wbuf.o)
                              C:/ST/STM32CubeIDE_1.18.0/STM32CubeIDE/plugins/com.st.stm32cube.ide.mcu.externaltools.gnu-tools-for-stm32.13.3.rel1.win32_1.0.0.202411081344/tools/bin/../lib/gcc/arm-none-eabi/13.3.1/../../../../arm-none-eabi/lib/thumb/v7-m/nofp\libc_nano.a(libc_a-puts.o) (__swbuf_r)
C:/ST/STM32CubeIDE_1.18.0/STM32CubeIDE/plugins/com.st.stm32cube.ide.mcu.externaltools.gnu-tools-for-stm32.13.3.rel1.win32_1.0.0.202411081344/tools/bin/../lib/gcc/arm-none-eabi/13.3.1/../../../../arm-none-eabi/lib/thumb/v7-m/nofp\libc_nano.a(libc_a-wsetup.o)
                              C:/ST/STM32CubeIDE_1.18.0/STM32CubeIDE/plugins/com.st.stm32cube.ide.mcu.externaltools.gnu-tools-for-stm32.13.3.rel1.win32_1.0.0.202411081344/tools/bin/../lib/gcc/arm-none-eabi/13.3.1/../../../../arm-none-eabi/lib/thumb/v7-m/nofp\libc_nano.a(libc_a-puts.o) (__swsetup_r)
C:/ST/STM32CubeIDE_1.18.0/STM32CubeIDE/plugins/com.st.stm32cube.ide.mcu.externaltools.gnu-tools-for-stm32.13.3.rel1.win32_1.0.0.202411081344/tools/bin/../lib/gcc/arm-none-eabi/13.3.1/../../../../arm-none-eabi/lib/thumb/v7-m/nofp\libc_nano.a(libc_a-memset.o)
                              C:/ST/STM32CubeIDE_1.18.0/STM32CubeIDE/plugins/com.st.stm32cube.ide.mcu.externaltools.gnu-tools-for-stm32.13.3.rel1.win32_1.0.0.202411081344/tools/bin/../lib/gcc/arm-none-eabi/13.3.1/../../../../arm-none-eabi/lib/thumb/v7-m/nofp/crt0.o (memset)
[...]
Memory Configuration

Name             Origin             Length             Attributes
RAM              0x20000000         0x00005000         xrw
FLASH            0x08000000         0x00020000         xr
*default*        0x00000000         0xffffffff

Linker script and memory map

LOAD C:/ST/STM32CubeIDE_1.18.0/STM32CubeIDE/plugins/com.st.stm32cube.ide.mcu.externaltools.gnu-tools-for-stm32.13.3.rel1.win32_1.0.0.202411081344/tools/bin/../lib/gcc/arm-none-eabi/13.3.1/thumb/v7-m/nofp/crti.o
LOAD C:/ST/STM32CubeIDE_1.18.0/STM32CubeIDE/plugins/com.st.stm32cube.ide.mcu.externaltools.gnu-tools-for-stm32.13.3.rel1.win32_1.0.0.202411081344/tools/bin/../lib/gcc/arm-none-eabi/13.3.1/thumb/v7-m/nofp/crtbegin.o
LOAD C:/ST/STM32CubeIDE_1.18.0/STM32CubeIDE/plugins/com.st.stm32cube.ide.mcu.externaltools.gnu-tools-for-stm32.13.3.rel1.win32_1.0.0.202411081344/tools/bin/../lib/gcc/arm-none-eabi/13.3.1/../../../../arm-none-eabi/lib/thumb/v7-m/nofp/crt0.o
LOAD ./src/application/ap.o
LOAD ./src/bsp/bsp.o
LOAD ./src/bsp/stm32f1xx_hal_msp.o
LOAD ./src/bsp/stm32f1xx_it.o
LOAD ./src/bsp/syscalls.o
LOAD ./src/bsp/sysmem.o
LOAD ./src/bsp/system_stm32f1xx.o
LOAD ./src/bsp/startup/startup_stm32f103rbtx.o
LOAD ./src/common/core/qbuffer.o
LOAD ./src/hw/driver/can.o
LOAD ./src/hw/driver/flash.o
LOAD ./src/hw/driver/led.o
LOAD ./src/hw/driver/motor.o
LOAD ./src/hw/driver/reset.o
LOAD ./src/hw/driver/rtc.o
LOAD ./src/hw/driver/uart.o
LOAD ./src/hw/hw.o
LOAD ./src/lib/FreeRTOS/Source/CMSIS_RTOS/cmsis_os.o
LOAD ./src/lib/FreeRTOS/Source/croutine.o
LOAD ./src/lib/FreeRTOS/Source/event_groups.o
LOAD ./src/lib/FreeRTOS/Source/list.o
LOAD ./src/lib/FreeRTOS/Source/queue.o
LOAD ./src/lib/FreeRTOS/Source/stream_buffer.o
LOAD ./src/lib/FreeRTOS/Source/tasks.o
LOAD ./src/lib/FreeRTOS/Source/timers.o
LOAD ./src/lib/FreeRTOS/Source/portable/GCC/ARM_CM3/port.o
LOAD ./src/lib/FreeRTOS/Source/portable/MemMang/heap_4.o
LOAD ./src/lib/cube_f103xx/Drivers/STM32F1xx_HAL_Driver/Src/stm32f1xx_hal.o
LOAD ./src/lib/cube_f103xx/Drivers/STM32F1xx_HAL_Driver/Src/stm32f1xx_hal_can.o
LOAD ./src/lib/cube_f103xx/Drivers/STM32F1xx_HAL_Driver/Src/stm32f1xx_hal_cortex.o
LOAD ./src/lib/cube_f103xx/Drivers/STM32F1xx_HAL_Driver/Src/stm32f1xx_hal_dma.o
LOAD ./src/lib/cube_f103xx/Drivers/STM32F1xx_HAL_Driver/Src/stm32f1xx_hal_exti.o
LOAD ./src/lib/cube_f103xx/Drivers/STM32F1xx_HAL_Driver/Src/stm32f1xx_hal_flash.o
LOAD ./src/lib/cube_f103xx/Drivers/STM32F1xx_HAL_Driver/Src/stm32f1xx_hal_flash_ex.o
LOAD ./src/lib/cube_f103xx/Drivers/STM32F1xx_HAL_Driver/Src/stm32f1xx_hal_gpio.o
LOAD ./src/lib/cube_f103xx/Drivers/STM32F1xx_HAL_Driver/Src/stm32f1xx_hal_gpio_ex.o
LOAD ./src/lib/cube_f103xx/Drivers/STM32F1xx_HAL_Driver/Src/stm32f1xx_hal_pwr.o
LOAD ./src/lib/cube_f103xx/Drivers/STM32F1xx_HAL_Driver/Src/stm32f1xx_hal_rcc.o
LOAD ./src/lib/cube_f103xx/Drivers/STM32F1xx_HAL_Driver/Src/stm32f1xx_hal_rcc_ex.o
LOAD ./src/lib/cube_f103xx/Drivers/STM32F1xx_HAL_Driver/Src/stm32f1xx_hal_rtc.o
LOAD ./src/lib/cube_f103xx/Drivers/STM32F1xx_HAL_Driver/Src/stm32f1xx_hal_rtc_ex.o
LOAD ./src/lib/cube_f103xx/Drivers/STM32F1xx_HAL_Driver/Src/stm32f1xx_hal_tim.o
LOAD ./src/lib/cube_f103xx/Drivers/STM32F1xx_HAL_Driver/Src/stm32f1xx_hal_tim_ex.o
LOAD ./src/lib/cube_f103xx/Drivers/STM32F1xx_HAL_Driver/Src/stm32f1xx_hal_uart.o
LOAD ./src/main.o
START GROUP
LOAD C:/ST/STM32CubeIDE_1.18.0/STM32CubeIDE/plugins/com.st.stm32cube.ide.mcu.externaltools.gnu-tools-for-stm32.13.3.rel1.win32_1.0.0.202411081344/tools/bin/../lib/gcc/arm-none-eabi/13.3.1/../../../../arm-none-eabi/lib/thumb/v7-m/nofp\libc_nano.a
LOAD C:/ST/STM32CubeIDE_1.18.0/STM32CubeIDE/plugins/com.st.stm32cube.ide.mcu.externaltools.gnu-tools-for-stm32.13.3.rel1.win32_1.0.0.202411081344/tools/bin/../lib/gcc/arm-none-eabi/13.3.1/../../../../arm-none-eabi/lib/thumb/v7-m/nofp\libm.a
END GROUP
START GROUP
LOAD C:/ST/STM32CubeIDE_1.18.0/STM32CubeIDE/plugins/com.st.stm32cube.ide.mcu.externaltools.gnu-tools-for-stm32.13.3.rel1.win32_1.0.0.202411081344/tools/bin/../lib/gcc/arm-none-eabi/13.3.1/thumb/v7-m/nofp\libgcc.a
LOAD C:/ST/STM32CubeIDE_1.18.0/STM32CubeIDE/plugins/com.st.stm32cube.ide.mcu.externaltools.gnu-tools-for-stm32.13.3.rel1.win32_1.0.0.202411081344/tools/bin/../lib/gcc/arm-none-eabi/13.3.1/../../../../arm-none-eabi/lib/thumb/v7-m/nofp\libc_nano.a
END GROUP
START GROUP
LOAD C:/ST/STM32CubeIDE_1.18.0/STM32CubeIDE/plugins/com.st.stm32cube.ide.mcu.externaltools.gnu-tools-for-stm32.13.3.rel1.win32_1.0.0.202411081344/tools/bin/../lib/gcc/arm-none-eabi/13.3.1/thumb/v7-m/nofp\libgcc.a
LOAD C:/ST/STM32CubeIDE_1.18.0/STM32CubeIDE/plugins/com.st.stm32cube.ide.mcu.externaltools.gnu-tools-for-stm32.13.3.rel1.win32_1.0.0.202411081344/tools/bin/../lib/gcc/arm-none-eabi/13.3.1/../../../../arm-none-eabi/lib/thumb/v7-m/nofp\libc_nano.a
LOAD C:/ST/STM32CubeIDE_1.18.0/STM32CubeIDE/plugins/com.st.stm32cube.ide.mcu.externaltools.gnu-tools-for-stm32.13.3.rel1.win32_1.0.0.202411081344/tools/bin/../lib/gcc/arm-none-eabi/13.3.1/../../../../arm-none-eabi/lib/thumb/v7-m/nofp\libnosys.a
END GROUP
START GROUP
LOAD C:/ST/STM32CubeIDE_1.18.0/STM32CubeIDE/plugins/com.st.stm32cube.ide.mcu.externaltools.gnu-tools-for-stm32.13.3.rel1.win32_1.0.0.202411081344/tools/bin/../lib/gcc/arm-none-eabi/13.3.1/thumb/v7-m/nofp\libgcc.a
LOAD C:/ST/STM32CubeIDE_1.18.0/STM32CubeIDE/plugins/com.st.stm32cube.ide.mcu.externaltools.gnu-tools-for-stm32.13.3.rel1.win32_1.0.0.202411081344/tools/bin/../lib/gcc/arm-none-eabi/13.3.1/../../../../arm-none-eabi/lib/thumb/v7-m/nofp\libc_nano.a
LOAD C:/ST/STM32CubeIDE_1.18.0/STM32CubeIDE/plugins/com.st.stm32cube.ide.mcu.externaltools.gnu-tools-for-stm32.13.3.rel1.win32_1.0.0.202411081344/tools/bin/../lib/gcc/arm-none-eabi/13.3.1/../../../../arm-none-eabi/lib/thumb/v7-m/nofp\libnosys.a
END GROUP
LOAD C:/ST/STM32CubeIDE_1.18.0/STM32CubeIDE/plugins/com.st.stm32cube.ide.mcu.externaltools.gnu-tools-for-stm32.13.3.rel1.win32_1.0.0.202411081344/tools/bin/../lib/gcc/arm-none-eabi/13.3.1/thumb/v7-m/nofp/crtend.o
LOAD C:/ST/STM32CubeIDE_1.18.0/STM32CubeIDE/plugins/com.st.stm32cube.ide.mcu.externaltools.gnu-tools-for-stm32.13.3.rel1.win32_1.0.0.202411081344/tools/bin/../lib/gcc/arm-none-eabi/13.3.1/thumb/v7-m/nofp/crtn.o
                0x20005000                        _estack = (ORIGIN (RAM) + LENGTH (RAM))
                0x00000200                        _Min_Heap_Size = 0x200
                0x00000400                        _Min_Stack_Size = 0x400

.isr_vector     0x08000000      0x10c
                0x08000000                        . = ALIGN (0x4)
 *(.isr_vector)
 .isr_vector    0x08000000      0x10c ./src/bsp/startup/startup_stm32f103rbtx.o
                0x08000000                g_pfnVectors
                0x0800010c                        . = ALIGN (0x4)

.text           0x08000110     0x730c
                0x08000110                        . = ALIGN (0x4)
 *(.text)
 .text          0x08000110       0x40 C:/ST/STM32CubeIDE_1.18.0/STM32CubeIDE/plugins/com.st.stm32cube.ide.mcu.externaltools.gnu-tools-for-stm32.13.3.rel1.win32_1.0.0.202411081344/tools/bin/../lib/gcc/arm-none-eabi/13.3.1/thumb/v7-m/nofp/crtbegin.o
 *(.text*)
 .text.apInit   0x08000150       0x58 ./src/application/ap.o
                0x08000150                apInit
 .text.apMain   0x080001a8       0x28 ./src/application/ap.o
                0x080001a8                apMain
 .text.threadMotor
                0x080001d0       0x2c ./src/application/ap.o
 .text.bspInit  0x080001fc       0x94 ./src/bsp/bsp.o
                0x080001fc                bspInit
 .text.delay    0x08000290       0x28 ./src/bsp/bsp.o
                0x08000290                delay
 .text.mills    0x080002b8        0xe ./src/bsp/bsp.o
                0x080002b8                mills
 .text.__io_putchar
                0x080002c6       0x1e ./src/bsp/bsp.o
                0x080002c6                __io_putchar
 .text.SystemClock_Config
                0x080002e4       0xba ./src/bsp/bsp.o
                0x080002e4                SystemClock_Config
 .text.Error_Handler
                0x0800039e        0xc ./src/bsp/bsp.o
                0x0800039e                Error_Handler
 *fill*         0x080003aa        0x2 
 .text.HAL_MspInit
                0x080003ac       0x64 ./src/bsp/stm32f1xx_hal_msp.o
                0x080003ac                HAL_MspInit
 .text.NMI_Handler
                0x08000410        0x8 ./src/bsp/stm32f1xx_it.o
                0x08000410                NMI_Handler
 .text.HardFault_Handler
                0x08000418        0x8 ./src/bsp/stm32f1xx_it.o
                0x08000418                HardFault_Handler
 .text.MemManage_Handler
                0x08000420        0x8 ./src/bsp/stm32f1xx_it.o
                0x08000420                MemManage_Handler
 .text.BusFault_Handler
                0x08000428        0x8 ./src/bsp/stm32f1xx_it.o
                0x08000428                BusFault_Handler
 .text.UsageFault_Handler
                0x08000430        0x8 ./src/bsp/stm32f1xx_it.o
                0x08000430                UsageFault_Handler
 .text.DebugMon_Handler
                0x08000438        0xc ./src/bsp/stm32f1xx_it.o
                0x08000438                DebugMon_Handler
 .text.SysTick_Handler
                0x08000444       0x10 ./src/bsp/stm32f1xx_it.o
                0x08000444                SysTick_Handler
 .text.DMA1_Channel5_IRQHandler
                0x08000454       0x14 ./src/bsp/stm32f1xx_it.o
                0x08000454                DMA1_Channel5_IRQHandler
 .text.USB_LP_CAN1_RX0_IRQHandler
                0x08000468       0x14 ./src/bsp/stm32f1xx_it.o
                0x08000468                USB_LP_CAN1_RX0_IRQHandler
 .text.USART1_IRQHandler
                0x0800047c       0x14 ./src/bsp/stm32f1xx_it.o
                0x0800047c                USART1_IRQHandler
 .text._read    0x08000490       0x3a ./src/bsp/syscalls.o
                0x08000490                _read
 .text._write   0x080004ca       0x38 ./src/bsp/syscalls.o
                0x080004ca                _write
 .text._close   0x08000502       0x16 ./src/bsp/syscalls.o
                0x08000502                _close
 .text._fstat   0x08000518       0x1e ./src/bsp/syscalls.o
                0x08000518                _fstat
 .text._isatty  0x08000536       0x14 ./src/bsp/syscalls.o
                0x08000536                _isatty
 .text._lseek   0x0800054a       0x18 ./src/bsp/syscalls.o
                0x0800054a                _lseek
 *fill*         0x08000562        0x2 
 .text._sbrk    0x08000564       0x6c ./src/bsp/sysmem.o
                0x08000564                _sbrk
 .text.SystemInit
                0x080005d0        0xc ./src/bsp/system_stm32f1xx.o
                0x080005d0                SystemInit
 .text.Reset_Handler
                0x080005dc       0x48 ./src/bsp/startup/startup_stm32f103rbtx.o
                0x080005dc                Reset_Handler
 .text.Default_Handler
                0x08000624        0x2 ./src/bsp/startup/startup_stm32f103rbtx.o
                0x08000624                RTC_Alarm_IRQHandler
                0x08000624                EXTI2_IRQHandler
                0x08000624                TIM1_CC_IRQHandler
                0x08000624                PVD_IRQHandler
                0x08000624                EXTI3_IRQHandler
                0x08000624                EXTI0_IRQHandler
                0x08000624                I2C2_EV_IRQHandler
                0x08000624                ADC1_2_IRQHandler
                0x08000624                SPI1_IRQHandler
                0x08000624                TAMPER_IRQHandler
                0x08000624                DMA1_Channel4_IRQHandler
                0x08000624                USART3_IRQHandler
                0x08000624                RTC_IRQHandler
                0x08000624                DMA1_Channel7_IRQHandler
                0x08000624                CAN1_RX1_IRQHandler
                0x08000624                TIM4_IRQHandler
                0x08000624                I2C1_EV_IRQHandler
                0x08000624                DMA1_Channel6_IRQHandler
                0x08000624                TIM3_IRQHandler
                0x08000624                RCC_IRQHandler
                0x08000624                TIM1_TRG_COM_IRQHandler
                0x08000624                DMA1_Channel1_IRQHandler
                0x08000624                Default_Handler
                0x08000624                EXTI15_10_IRQHandler
                0x08000624                EXTI9_5_IRQHandler
                0x08000624                SPI2_IRQHandler
                0x08000624                EXTI4_IRQHandler
                0x08000624                USB_HP_CAN1_TX_IRQHandler
                0x08000624                DMA1_Channel3_IRQHandler
                0x08000624                TIM1_UP_IRQHandler
                0x08000624                WWDG_IRQHandler
                0x08000624                TIM2_IRQHandler
                0x08000624                TIM1_BRK_IRQHandler
                0x08000624                EXTI1_IRQHandler
                0x08000624                USART2_IRQHandler
                0x08000624                I2C2_ER_IRQHandler
                0x08000624                DMA1_Channel2_IRQHandler
                0x08000624                CAN1_SCE_IRQHandler
                0x08000624                FLASH_IRQHandler
                0x08000624                I2C1_ER_IRQHandler
                0x08000624                USBWakeUp_IRQHandler
 .text.qbufferCreate
                0x08000626       0x34 ./src/common/core/qbuffer.o
                0x08000626                qbufferCreate
 *fill*         0x0800065a        0x2 
 .text.flashInit
                0x0800065c       0x48 ./src/hw/driver/flash.o
                0x0800065c                flashInit
 .text.ledInit  0x080006a4       0x78 ./src/hw/driver/led.o
                0x080006a4                ledInit
 .text.ledOn    0x0800071c       0x40 ./src/hw/driver/led.o
                0x0800071c                ledOn
 .text.ledOff   0x0800075c       0x40 ./src/hw/driver/led.o
                0x0800075c                ledOff
 .text.motorInit
                0x0800079c      0x13c ./src/hw/driver/motor.o
                0x0800079c                motorInit
 .text.motorOpen
                0x080008d8       0xcc ./src/hw/driver/motor.o
                0x080008d8                motorOpen
 .text.setMotorSpeed
                0x080009a4       0x8c ./src/hw/driver/motor.o
                0x080009a4                setMotorSpeed
 .text.HAL_TIM_Base_MspInit
                0x08000a30       0x38 ./src/hw/driver/motor.o
                0x08000a30                HAL_TIM_Base_MspInit
 .text.HAL_TIM_MspPostInit
                0x08000a68       0x60 ./src/hw/driver/motor.o
                0x08000a68                HAL_TIM_MspPostInit
 .text.resetInit
                0x08000ac8       0x58 ./src/hw/driver/reset.o
                0x08000ac8                resetInit
 .text.rtcInit  0x08000b20       0xbc ./src/hw/driver/rtc.o
                0x08000b20                rtcInit
 .text.rtcBackupRegWrite
                0x08000bdc       0x20 ./src/hw/driver/rtc.o
                0x08000bdc                rtcBackupRegWrite
 .text.rtcBackupRegRead
                0x08000bfc       0x20 ./src/hw/driver/rtc.o
                0x08000bfc                rtcBackupRegRead
 .text.HAL_RTC_MspInit
                0x08000c1c       0x48 ./src/hw/driver/rtc.o
                0x08000c1c                HAL_RTC_MspInit
 .text.uartInit
                0x08000c64       0x34 ./src/hw/driver/uart.o
                0x08000c64                uartInit
 .text.uartOpen
                0x08000c98      0x158 ./src/hw/driver/uart.o
                0x08000c98                uartOpen
 .text.uartWrite
                0x08000df0       0x5c ./src/hw/driver/uart.o
                0x08000df0                uartWrite
 .text.HAL_UART_RxCpltCallback
                0x08000e4c       0x12 ./src/hw/driver/uart.o
                0x08000e4c                HAL_UART_RxCpltCallback
 *fill*         0x08000e5e        0x2 
 .text.HAL_UART_ErrorCallback
                0x08000e60       0x98 ./src/hw/driver/uart.o
                0x08000e60                HAL_UART_ErrorCallback
 .text.HAL_UART_MspInit
                0x08000ef8       0xfc ./src/hw/driver/uart.o
                0x08000ef8                HAL_UART_MspInit
 .text.HAL_UART_MspDeInit
                0x08000ff4       0x4c ./src/hw/driver/uart.o
                0x08000ff4                HAL_UART_MspDeInit
 .text.hwInit   0x08001040       0x28 ./src/hw/hw.o
                0x08001040                hwInit
 .text.makeFreeRtosPriority
                0x08001068       0x2e ./src/lib/FreeRTOS/Source/CMSIS_RTOS/cmsis_os.o
 .text.osKernelStart
                0x08001096        0xe ./src/lib/FreeRTOS/Source/CMSIS_RTOS/cmsis_os.o
                0x08001096                osKernelStart
 .text.osThreadCreate
                0x080010a4       0x4e ./src/lib/FreeRTOS/Source/CMSIS_RTOS/cmsis_os.o
                0x080010a4                osThreadCreate
 .text.osDelay  0x080010f2       0x28 ./src/lib/FreeRTOS/Source/CMSIS_RTOS/cmsis_os.o
                0x080010f2                osDelay
 .text.osSystickHandler
                0x0800111a       0x16 ./src/lib/FreeRTOS/Source/CMSIS_RTOS/cmsis_os.o
                0x0800111a                osSystickHandler
 .text.vListInitialise
                0x08001130       0x3e ./src/lib/FreeRTOS/Source/list.o
                0x08001130                vListInitialise
 .text.vListInitialiseItem
                0x0800116e       0x18 ./src/lib/FreeRTOS/Source/list.o
                0x0800116e                vListInitialiseItem
 .text.vListInsertEnd
                0x08001186       0x46 ./src/lib/FreeRTOS/Source/list.o
                0x08001186                vListInsertEnd
 .text.vListInsert
                0x080011cc       0x70 ./src/lib/FreeRTOS/Source/list.o
                0x080011cc                vListInsert
 .text.uxListRemove
                0x0800123c       0x52 ./src/lib/FreeRTOS/Source/list.o
                0x0800123c                uxListRemove
 .text.xTaskCreate
                0x0800128e       0x82 ./src/lib/FreeRTOS/Source/tasks.o
                0x0800128e                xTaskCreate
 .text.prvInitialiseNewTask
                0x08001310      0x120 ./src/lib/FreeRTOS/Source/tasks.o
 .text.prvAddNewTaskToReadyList
                0x08001430       0xdc ./src/lib/FreeRTOS/Source/tasks.o
 .text.vTaskDelay
                0x0800150c       0x6c ./src/lib/FreeRTOS/Source/tasks.o
                0x0800150c                vTaskDelay
 .text.vTaskStartScheduler
                0x08001578       0x90 ./src/lib/FreeRTOS/Source/tasks.o
                0x08001578                vTaskStartScheduler
 .text.vTaskSuspendAll
                0x08001608       0x1c ./src/lib/FreeRTOS/Source/tasks.o
                0x08001608                vTaskSuspendAll
 .text.xTaskResumeAll
                0x08001624      0x13c ./src/lib/FreeRTOS/Source/tasks.o
                0x08001624                xTaskResumeAll
 .text.xTaskIncrementTick
                0x08001760      0x174 ./src/lib/FreeRTOS/Source/tasks.o
                0x08001760                xTaskIncrementTick
 .text.vTaskSwitchContext
                0x080018d4       0xb8 ./src/lib/FreeRTOS/Source/tasks.o
                0x080018d4                vTaskSwitchContext
 .text.prvIdleTask
                0x0800198c       0x30 ./src/lib/FreeRTOS/Source/tasks.o
 .text.prvInitialiseTaskLists
                0x080019bc       0x80 ./src/lib/FreeRTOS/Source/tasks.o
 .text.prvCheckTasksWaitingTermination
                0x08001a3c       0x5c ./src/lib/FreeRTOS/Source/tasks.o
 .text.prvDeleteTCB
                0x08001a98       0x20 ./src/lib/FreeRTOS/Source/tasks.o
 .text.prvResetNextTaskUnblockTime
                0x08001ab8       0x40 ./src/lib/FreeRTOS/Source/tasks.o
 .text.xTaskGetSchedulerState
                0x08001af8       0x3c ./src/lib/FreeRTOS/Source/tasks.o
                0x08001af8                xTaskGetSchedulerState
 .text.prvAddCurrentTaskToDelayedList
                0x08001b34       0xcc ./src/lib/FreeRTOS/Source/tasks.o
 .text.pxPortInitialiseStack
                0x08001c00       0x58 ./src/lib/FreeRTOS/Source/portable/GCC/ARM_CM3/port.o
                0x08001c00                pxPortInitialiseStack
 .text.prvTaskExitError
                0x08001c58       0x58 ./src/lib/FreeRTOS/Source/portable/GCC/ARM_CM3/port.o
 .text.SVC_Handler
                0x08001cb0       0x28 ./src/lib/FreeRTOS/Source/portable/GCC/ARM_CM3/port.o
                0x08001cb0                SVC_Handler
 .text.prvPortStartFirstTask
                0x08001cd8       0x20 ./src/lib/FreeRTOS/Source/portable/GCC/ARM_CM3/port.o
 .text.xPortStartScheduler
                0x08001cf8       0xe4 ./src/lib/FreeRTOS/Source/portable/GCC/ARM_CM3/port.o
                0x08001cf8                xPortStartScheduler
 .text.vPortEnterCritical
                0x08001ddc       0x60 ./src/lib/FreeRTOS/Source/portable/GCC/ARM_CM3/port.o
                0x08001ddc                vPortEnterCritical
 .text.vPortExitCritical
                0x08001e3c       0x54 ./src/lib/FreeRTOS/Source/portable/GCC/ARM_CM3/port.o
                0x08001e3c                vPortExitCritical
 .text.PendSV_Handler
                0x08001e90       0x48 ./src/lib/FreeRTOS/Source/portable/GCC/ARM_CM3/port.o
                0x08001e90                PendSV_Handler
 .text.xPortSysTickHandler
                0x08001ed8       0x44 ./src/lib/FreeRTOS/Source/portable/GCC/ARM_CM3/port.o
                0x08001ed8                xPortSysTickHandler
 .text.vPortSetupTimerInterrupt
                0x08001f1c       0x44 ./src/lib/FreeRTOS/Source/portable/GCC/ARM_CM3/port.o
                0x08001f1c                vPortSetupTimerInterrupt
 .text.pvPortMalloc
                0x08001f60      0x19c ./src/lib/FreeRTOS/Source/portable/MemMang/heap_4.o
                0x08001f60                pvPortMalloc
 .text.vPortFree
                0x080020fc       0xc8 ./src/lib/FreeRTOS/Source/portable/MemMang/heap_4.o
                0x080020fc                vPortFree
 .text.prvHeapInit
                0x080021c4       0xc4 ./src/lib/FreeRTOS/Source/portable/MemMang/heap_4.o
 .text.prvInsertBlockIntoFreeList
                0x08002288       0xb0 ./src/lib/FreeRTOS/Source/portable/MemMang/heap_4.o
 .text.HAL_Init
                0x08002338       0x2c ./src/lib/cube_f103xx/Drivers/STM32F1xx_HAL_Driver/Src/stm32f1xx_hal.o
                0x08002338                HAL_Init
 .text.HAL_InitTick
                0x08002364       0x60 ./src/lib/cube_f103xx/Drivers/STM32F1xx_HAL_Driver/Src/stm32f1xx_hal.o
                0x08002364                HAL_InitTick
 .text.HAL_IncTick
                0x080023c4       0x24 ./src/lib/cube_f103xx/Drivers/STM32F1xx_HAL_Driver/Src/stm32f1xx_hal.o
                0x080023c4                HAL_IncTick
 .text.HAL_GetTick
                0x080023e8       0x14 ./src/lib/cube_f103xx/Drivers/STM32F1xx_HAL_Driver/Src/stm32f1xx_hal.o
                0x080023e8                HAL_GetTick
 .text.HAL_Delay
                0x080023fc       0x48 ./src/lib/cube_f103xx/Drivers/STM32F1xx_HAL_Driver/Src/stm32f1xx_hal.o
                0x080023fc                HAL_Delay
 .text.HAL_CAN_IRQHandler
                0x08002444      0x36e ./src/lib/cube_f103xx/Drivers/STM32F1xx_HAL_Driver/Src/stm32f1xx_hal_can.o
                0x08002444                HAL_CAN_IRQHandler
 .text.HAL_CAN_TxMailbox0CompleteCallback
                0x080027b2       0x12 ./src/lib/cube_f103xx/Drivers/STM32F1xx_HAL_Driver/Src/stm32f1xx_hal_can.o
                0x080027b2                HAL_CAN_TxMailbox0CompleteCallback
 .text.HAL_CAN_TxMailbox1CompleteCallback
                0x080027c4       0x12 ./src/lib/cube_f103xx/Drivers/STM32F1xx_HAL_Driver/Src/stm32f1xx_hal_can.o
                0x080027c4                HAL_CAN_TxMailbox1CompleteCallback
 .text.HAL_CAN_TxMailbox2CompleteCallback
                0x080027d6       0x12 ./src/lib/cube_f103xx/Drivers/STM32F1xx_HAL_Driver/Src/stm32f1xx_hal_can.o
                0x080027d6                HAL_CAN_TxMailbox2CompleteCallback
 .text.HAL_CAN_TxMailbox0AbortCallback
                0x080027e8       0x12 ./src/lib/cube_f103xx/Drivers/STM32F1xx_HAL_Driver/Src/stm32f1xx_hal_can.o
                0x080027e8                HAL_CAN_TxMailbox0AbortCallback
 .text.HAL_CAN_TxMailbox1AbortCallback
                0x080027fa       0x12 ./src/lib/cube_f103xx/Drivers/STM32F1xx_HAL_Driver/Src/stm32f1xx_hal_can.o
                0x080027fa                HAL_CAN_TxMailbox1AbortCallback
 .text.HAL_CAN_TxMailbox2AbortCallback
                0x0800280c       0x12 ./src/lib/cube_f103xx/Drivers/STM32F1xx_HAL_Driver/Src/stm32f1xx_hal_can.o
                0x0800280c                HAL_CAN_TxMailbox2AbortCallback
 .text.HAL_CAN_RxFifo0MsgPendingCallback
                0x0800281e       0x12 ./src/lib/cube_f103xx/Drivers/STM32F1xx_HAL_Driver/Src/stm32f1xx_hal_can.o
                0x0800281e                HAL_CAN_RxFifo0MsgPendingCallback
 .text.HAL_CAN_RxFifo0FullCallback
                0x08002830       0x12 ./src/lib/cube_f103xx/Drivers/STM32F1xx_HAL_Driver/Src/stm32f1xx_hal_can.o
                0x08002830                HAL_CAN_RxFifo0FullCallback
 .text.HAL_CAN_RxFifo1MsgPendingCallback
                0x08002842       0x12 ./src/lib/cube_f103xx/Drivers/STM32F1xx_HAL_Driver/Src/stm32f1xx_hal_can.o
                0x08002842                HAL_CAN_RxFifo1MsgPendingCallback
 .text.HAL_CAN_RxFifo1FullCallback
                0x08002854       0x12 ./src/lib/cube_f103xx/Drivers/STM32F1xx_HAL_Driver/Src/stm32f1xx_hal_can.o
                0x08002854                HAL_CAN_RxFifo1FullCallback
 .text.HAL_CAN_SleepCallback
                0x08002866       0x12 ./src/lib/cube_f103xx/Drivers/STM32F1xx_HAL_Driver/Src/stm32f1xx_hal_can.o
                0x08002866                HAL_CAN_SleepCallback
 .text.HAL_CAN_WakeUpFromRxMsgCallback
                0x08002878       0x12 ./src/lib/cube_f103xx/Drivers/STM32F1xx_HAL_Driver/Src/stm32f1xx_hal_can.o
                0x08002878                HAL_CAN_WakeUpFromRxMsgCallback
 .text.HAL_CAN_ErrorCallback
                0x0800288a       0x12 ./src/lib/cube_f103xx/Drivers/STM32F1xx_HAL_Driver/Src/stm32f1xx_hal_can.o
                0x0800288a                HAL_CAN_ErrorCallback
 .text.__NVIC_SetPriorityGrouping
                0x0800289c       0x48 ./src/lib/cube_f103xx/Drivers/STM32F1xx_HAL_Driver/Src/stm32f1xx_hal_cortex.o
 .text.__NVIC_GetPriorityGrouping
                0x080028e4       0x1c ./src/lib/cube_f103xx/Drivers/STM32F1xx_HAL_Driver/Src/stm32f1xx_hal_cortex.o
 .text.__NVIC_EnableIRQ
                0x08002900       0x38 ./src/lib/cube_f103xx/Drivers/STM32F1xx_HAL_Driver/Src/stm32f1xx_hal_cortex.o
 .text.__NVIC_DisableIRQ
                0x08002938       0x48 ./src/lib/cube_f103xx/Drivers/STM32F1xx_HAL_Driver/Src/stm32f1xx_hal_cortex.o
 .text.__NVIC_SetPriority
                0x08002980       0x54 ./src/lib/cube_f103xx/Drivers/STM32F1xx_HAL_Driver/Src/stm32f1xx_hal_cortex.o
 .text.NVIC_EncodePriority
                0x080029d4       0x64 ./src/lib/cube_f103xx/Drivers/STM32F1xx_HAL_Driver/Src/stm32f1xx_hal_cortex.o
 .text.SysTick_Config
                0x08002a38       0x44 ./src/lib/cube_f103xx/Drivers/STM32F1xx_HAL_Driver/Src/stm32f1xx_hal_cortex.o
 .text.HAL_NVIC_SetPriorityGrouping
                0x08002a7c       0x16 ./src/lib/cube_f103xx/Drivers/STM32F1xx_HAL_Driver/Src/stm32f1xx_hal_cortex.o
                0x08002a7c                HAL_NVIC_SetPriorityGrouping
 .text.HAL_NVIC_SetPriority
                0x08002a92       0x38 ./src/lib/cube_f103xx/Drivers/STM32F1xx_HAL_Driver/Src/stm32f1xx_hal_cortex.o
                0x08002a92                HAL_NVIC_SetPriority
 .text.HAL_NVIC_EnableIRQ
                0x08002aca       0x1c ./src/lib/cube_f103xx/Drivers/STM32F1xx_HAL_Driver/Src/stm32f1xx_hal_cortex.o
                0x08002aca                HAL_NVIC_EnableIRQ
 .text.HAL_NVIC_DisableIRQ
                0x08002ae6       0x1c ./src/lib/cube_f103xx/Drivers/STM32F1xx_HAL_Driver/Src/stm32f1xx_hal_cortex.o
                0x08002ae6                HAL_NVIC_DisableIRQ
 .text.HAL_SYSTICK_Config
                0x08002b02       0x18 ./src/lib/cube_f103xx/Drivers/STM32F1xx_HAL_Driver/Src/stm32f1xx_hal_cortex.o
                0x08002b02                HAL_SYSTICK_Config
 *fill*         0x08002b1a        0x2 
 .text.HAL_DMA_Init
                0x08002b1c       0xb4 ./src/lib/cube_f103xx/Drivers/STM32F1xx_HAL_Driver/Src/stm32f1xx_hal_dma.o
                0x08002b1c                HAL_DMA_Init
 .text.HAL_DMA_DeInit
                0x08002bd0       0xb8 ./src/lib/cube_f103xx/Drivers/STM32F1xx_HAL_Driver/Src/stm32f1xx_hal_dma.o
                0x08002bd0                HAL_DMA_DeInit
 .text.HAL_DMA_Start_IT
                0x08002c88       0xc0 ./src/lib/cube_f103xx/Drivers/STM32F1xx_HAL_Driver/Src/stm32f1xx_hal_dma.o
                0x08002c88                HAL_DMA_Start_IT
 .text.HAL_DMA_Abort
                0x08002d48       0x76 ./src/lib/cube_f103xx/Drivers/STM32F1xx_HAL_Driver/Src/stm32f1xx_hal_dma.o
                0x08002d48                HAL_DMA_Abort
 *fill*         0x08002dbe        0x2 
 .text.HAL_DMA_Abort_IT
                0x08002dc0       0xf0 ./src/lib/cube_f103xx/Drivers/STM32F1xx_HAL_Driver/Src/stm32f1xx_hal_dma.o
                0x08002dc0                HAL_DMA_Abort_IT
 .text.HAL_DMA_IRQHandler
                0x08002eb0      0x20c ./src/lib/cube_f103xx/Drivers/STM32F1xx_HAL_Driver/Src/stm32f1xx_hal_dma.o
                0x08002eb0                HAL_DMA_IRQHandler
 .text.DMA_SetConfig
                0x080030bc       0x5a ./src/lib/cube_f103xx/Drivers/STM32F1xx_HAL_Driver/Src/stm32f1xx_hal_dma.o
 *fill*         0x08003116        0x2 
 .text.HAL_GPIO_Init
                0x08003118      0x308 ./src/lib/cube_f103xx/Drivers/STM32F1xx_HAL_Driver/Src/stm32f1xx_hal_gpio.o
                0x08003118                HAL_GPIO_Init
 .text.HAL_GPIO_DeInit
                0x08003420      0x178 ./src/lib/cube_f103xx/Drivers/STM32F1xx_HAL_Driver/Src/stm32f1xx_hal_gpio.o
                0x08003420                HAL_GPIO_DeInit
 .text.HAL_GPIO_WritePin
                0x08003598       0x30 ./src/lib/cube_f103xx/Drivers/STM32F1xx_HAL_Driver/Src/stm32f1xx_hal_gpio.o
                0x08003598                HAL_GPIO_WritePin
 .text.HAL_PWR_EnableBkUpAccess
                0x080035c8       0x18 ./src/lib/cube_f103xx/Drivers/STM32F1xx_HAL_Driver/Src/stm32f1xx_hal_pwr.o
                0x080035c8                HAL_PWR_EnableBkUpAccess
 .text.HAL_RCC_OscConfig
                0x080035e0      0x504 ./src/lib/cube_f103xx/Drivers/STM32F1xx_HAL_Driver/Src/stm32f1xx_hal_rcc.o
                0x080035e0                HAL_RCC_OscConfig
 .text.HAL_RCC_ClockConfig
                0x08003ae4      0x1d4 ./src/lib/cube_f103xx/Drivers/STM32F1xx_HAL_Driver/Src/stm32f1xx_hal_rcc.o
                0x08003ae4                HAL_RCC_ClockConfig
 .text.HAL_RCC_GetSysClockFreq
                0x08003cb8       0xa8 ./src/lib/cube_f103xx/Drivers/STM32F1xx_HAL_Driver/Src/stm32f1xx_hal_rcc.o
                0x08003cb8                HAL_RCC_GetSysClockFreq
 .text.HAL_RCC_GetHCLKFreq
                0x08003d60       0x14 ./src/lib/cube_f103xx/Drivers/STM32F1xx_HAL_Driver/Src/stm32f1xx_hal_rcc.o
                0x08003d60                HAL_RCC_GetHCLKFreq
 .text.HAL_RCC_GetPCLK1Freq
                0x08003d74       0x28 ./src/lib/cube_f103xx/Drivers/STM32F1xx_HAL_Driver/Src/stm32f1xx_hal_rcc.o
                0x08003d74                HAL_RCC_GetPCLK1Freq
 .text.HAL_RCC_GetPCLK2Freq
                0x08003d9c       0x28 ./src/lib/cube_f103xx/Drivers/STM32F1xx_HAL_Driver/Src/stm32f1xx_hal_rcc.o
                0x08003d9c                HAL_RCC_GetPCLK2Freq
 .text.RCC_Delay
                0x08003dc4       0x3c ./src/lib/cube_f103xx/Drivers/STM32F1xx_HAL_Driver/Src/stm32f1xx_hal_rcc.o
 .text.HAL_RCCEx_PeriphCLKConfig
                0x08003e00      0x16c ./src/lib/cube_f103xx/Drivers/STM32F1xx_HAL_Driver/Src/stm32f1xx_hal_rcc_ex.o
                0x08003e00                HAL_RCCEx_PeriphCLKConfig
 .text.HAL_RCCEx_GetPeriphCLKFreq
                0x08003f6c      0x16c ./src/lib/cube_f103xx/Drivers/STM32F1xx_HAL_Driver/Src/stm32f1xx_hal_rcc_ex.o
                0x08003f6c                HAL_RCCEx_GetPeriphCLKFreq
 .text.HAL_RTC_Init
                0x080040d8      0x118 ./src/lib/cube_f103xx/Drivers/STM32F1xx_HAL_Driver/Src/stm32f1xx_hal_rtc.o
                0x080040d8                HAL_RTC_Init
 .text.HAL_RTC_SetTime
                0x080041f0      0x12e ./src/lib/cube_f103xx/Drivers/STM32F1xx_HAL_Driver/Src/stm32f1xx_hal_rtc.o
                0x080041f0                HAL_RTC_SetTime
 *fill*         0x0800431e        0x2 
 .text.HAL_RTC_SetDate
                0x08004320      0x16c ./src/lib/cube_f103xx/Drivers/STM32F1xx_HAL_Driver/Src/stm32f1xx_hal_rtc.o
                0x08004320                HAL_RTC_SetDate
 .text.HAL_RTC_WaitForSynchro
                0x0800448c       0x5a ./src/lib/cube_f103xx/Drivers/STM32F1xx_HAL_Driver/Src/stm32f1xx_hal_rtc.o
                0x0800448c                HAL_RTC_WaitForSynchro
 .text.RTC_ReadTimeCounter
                0x080044e6       0x60 ./src/lib/cube_f103xx/Drivers/STM32F1xx_HAL_Driver/Src/stm32f1xx_hal_rtc.o
 .text.RTC_WriteTimeCounter
                0x08004546       0x4e ./src/lib/cube_f103xx/Drivers/STM32F1xx_HAL_Driver/Src/stm32f1xx_hal_rtc.o
 .text.RTC_ReadAlarmCounter
                0x08004594       0x32 ./src/lib/cube_f103xx/Drivers/STM32F1xx_HAL_Driver/Src/stm32f1xx_hal_rtc.o
 .text.RTC_WriteAlarmCounter
                0x080045c6       0x4e ./src/lib/cube_f103xx/Drivers/STM32F1xx_HAL_Driver/Src/stm32f1xx_hal_rtc.o
 .text.RTC_EnterInitMode
                0x08004614       0x50 ./src/lib/cube_f103xx/Drivers/STM32F1xx_HAL_Driver/Src/stm32f1xx_hal_rtc.o
 .text.RTC_ExitInitMode
                0x08004664       0x50 ./src/lib/cube_f103xx/Drivers/STM32F1xx_HAL_Driver/Src/stm32f1xx_hal_rtc.o
 .text.RTC_Bcd2ToByte
                0x080046b4       0x3a ./src/lib/cube_f103xx/Drivers/STM32F1xx_HAL_Driver/Src/stm32f1xx_hal_rtc.o
 *fill*         0x080046ee        0x2 
 .text.RTC_WeekDayNum
                0x080046f0       0xf0 ./src/lib/cube_f103xx/Drivers/STM32F1xx_HAL_Driver/Src/stm32f1xx_hal_rtc.o
 .text.HAL_RTCEx_BKUPWrite
                0x080047e0       0x34 ./src/lib/cube_f103xx/Drivers/STM32F1xx_HAL_Driver/Src/stm32f1xx_hal_rtc_ex.o
                0x080047e0                HAL_RTCEx_BKUPWrite
 .text.HAL_RTCEx_BKUPRead
                0x08004814       0x38 ./src/lib/cube_f103xx/Drivers/STM32F1xx_HAL_Driver/Src/stm32f1xx_hal_rtc_ex.o
                0x08004814                HAL_RTCEx_BKUPRead
 .text.HAL_TIM_Base_Init
                0x0800484c       0x9e ./src/lib/cube_f103xx/Drivers/STM32F1xx_HAL_Driver/Src/stm32f1xx_hal_tim.o
                0x0800484c                HAL_TIM_Base_Init
 .text.HAL_TIM_PWM_Init
                0x080048ea       0x9e ./src/lib/cube_f103xx/Drivers/STM32F1xx_HAL_Driver/Src/stm32f1xx_hal_tim.o
                0x080048ea                HAL_TIM_PWM_Init
 .text.HAL_TIM_PWM_MspInit
                0x08004988       0x12 ./src/lib/cube_f103xx/Drivers/STM32F1xx_HAL_Driver/Src/stm32f1xx_hal_tim.o
                0x08004988                HAL_TIM_PWM_MspInit
 *fill*         0x0800499a        0x2 
 .text.HAL_TIM_PWM_Start
                0x0800499c      0x144 ./src/lib/cube_f103xx/Drivers/STM32F1xx_HAL_Driver/Src/stm32f1xx_hal_tim.o
                0x0800499c                HAL_TIM_PWM_Start
 .text.HAL_TIM_PWM_ConfigChannel
                0x08004ae0      0x184 ./src/lib/cube_f103xx/Drivers/STM32F1xx_HAL_Driver/Src/stm32f1xx_hal_tim.o
                0x08004ae0                HAL_TIM_PWM_ConfigChannel
 .text.HAL_TIM_ConfigClockSource
                0x08004c64      0x18e ./src/lib/cube_f103xx/Drivers/STM32F1xx_HAL_Driver/Src/stm32f1xx_hal_tim.o
                0x08004c64                HAL_TIM_ConfigClockSource
 *fill*         0x08004df2        0x2 
 .text.TIM_Base_SetConfig
                0x08004df4       0xdc ./src/lib/cube_f103xx/Drivers/STM32F1xx_HAL_Driver/Src/stm32f1xx_hal_tim.o
                0x08004df4                TIM_Base_SetConfig
 .text.TIM_OC1_SetConfig
                0x08004ed0       0xcc ./src/lib/cube_f103xx/Drivers/STM32F1xx_HAL_Driver/Src/stm32f1xx_hal_tim.o
 .text.TIM_OC2_SetConfig
                0x08004f9c       0xd4 ./src/lib/cube_f103xx/Drivers/STM32F1xx_HAL_Driver/Src/stm32f1xx_hal_tim.o
                0x08004f9c                TIM_OC2_SetConfig
 .text.TIM_OC3_SetConfig
                0x08005070       0xd4 ./src/lib/cube_f103xx/Drivers/STM32F1xx_HAL_Driver/Src/stm32f1xx_hal_tim.o
 .text.TIM_OC4_SetConfig
                0x08005144       0x9c ./src/lib/cube_f103xx/Drivers/STM32F1xx_HAL_Driver/Src/stm32f1xx_hal_tim.o
 .text.TIM_TI1_ConfigInputStage
                0x080051e0       0x5c ./src/lib/cube_f103xx/Drivers/STM32F1xx_HAL_Driver/Src/stm32f1xx_hal_tim.o
 .text.TIM_TI2_ConfigInputStage
                0x0800523c       0x5e ./src/lib/cube_f103xx/Drivers/STM32F1xx_HAL_Driver/Src/stm32f1xx_hal_tim.o
 .text.TIM_ITRx_SetConfig
                0x0800529a       0x34 ./src/lib/cube_f103xx/Drivers/STM32F1xx_HAL_Driver/Src/stm32f1xx_hal_tim.o
 .text.TIM_ETR_SetConfig
                0x080052ce       0x3e ./src/lib/cube_f103xx/Drivers/STM32F1xx_HAL_Driver/Src/stm32f1xx_hal_tim.o
                0x080052ce                TIM_ETR_SetConfig
 .text.TIM_CCxChannelCmd
                0x0800530c       0x48 ./src/lib/cube_f103xx/Drivers/STM32F1xx_HAL_Driver/Src/stm32f1xx_hal_tim.o
                0x0800530c                TIM_CCxChannelCmd
 .text.HAL_TIMEx_MasterConfigSynchronization
                0x08005354       0xbc ./src/lib/cube_f103xx/Drivers/STM32F1xx_HAL_Driver/Src/stm32f1xx_hal_tim_ex.o
                0x08005354                HAL_TIMEx_MasterConfigSynchronization
 .text.HAL_UART_Init
                0x08005410       0xa0 ./src/lib/cube_f103xx/Drivers/STM32F1xx_HAL_Driver/Src/stm32f1xx_hal_uart.o
                0x08005410                HAL_UART_Init
 .text.HAL_UART_DeInit
                0x080054b0       0x64 ./src/lib/cube_f103xx/Drivers/STM32F1xx_HAL_Driver/Src/stm32f1xx_hal_uart.o
                0x080054b0                HAL_UART_DeInit
 .text.HAL_UART_Transmit
                0x08005514      0x116 ./src/lib/cube_f103xx/Drivers/STM32F1xx_HAL_Driver/Src/stm32f1xx_hal_uart.o
                0x08005514                HAL_UART_Transmit
 .text.HAL_UART_Receive_DMA
                0x0800562a       0x4a ./src/lib/cube_f103xx/Drivers/STM32F1xx_HAL_Driver/Src/stm32f1xx_hal_uart.o
                0x0800562a                HAL_UART_Receive_DMA
 .text.HAL_UART_IRQHandler
                0x08005674      0x524 ./src/lib/cube_f103xx/Drivers/STM32F1xx_HAL_Driver/Src/stm32f1xx_hal_uart.o
                0x08005674                HAL_UART_IRQHandler
 .text.HAL_UART_TxCpltCallback
                0x08005b98       0x12 ./src/lib/cube_f103xx/Drivers/STM32F1xx_HAL_Driver/Src/stm32f1xx_hal_uart.o
                0x08005b98                HAL_UART_TxCpltCallback
 .text.HAL_UART_RxHalfCpltCallback
                0x08005baa       0x12 ./src/lib/cube_f103xx/Drivers/STM32F1xx_HAL_Driver/Src/stm32f1xx_hal_uart.o
                0x08005baa                HAL_UART_RxHalfCpltCallback
 .text.HAL_UARTEx_RxEventCallback
                0x08005bbc       0x16 ./src/lib/cube_f103xx/Drivers/STM32F1xx_HAL_Driver/Src/stm32f1xx_hal_uart.o
                0x08005bbc                HAL_UARTEx_RxEventCallback
 .text.HAL_UART_GetError
                0x08005bd2       0x16 ./src/lib/cube_f103xx/Drivers/STM32F1xx_HAL_Driver/Src/stm32f1xx_hal_uart.o
                0x08005bd2                HAL_UART_GetError
 .text.UART_DMAReceiveCplt
                0x08005be8      0x12c ./src/lib/cube_f103xx/Drivers/STM32F1xx_HAL_Driver/Src/stm32f1xx_hal_uart.o
 .text.UART_DMARxHalfCplt
                0x08005d14       0x3c ./src/lib/cube_f103xx/Drivers/STM32F1xx_HAL_Driver/Src/stm32f1xx_hal_uart.o
 .text.UART_DMAError
                0x08005d50       0x94 ./src/lib/cube_f103xx/Drivers/STM32F1xx_HAL_Driver/Src/stm32f1xx_hal_uart.o
 .text.UART_WaitOnFlagUntilTimeout
                0x08005de4       0xb2 ./src/lib/cube_f103xx/Drivers/STM32F1xx_HAL_Driver/Src/stm32f1xx_hal_uart.o
 *fill*         0x08005e96        0x2 
 .text.UART_Start_Receive_DMA
                0x08005e98      0x134 ./src/lib/cube_f103xx/Drivers/STM32F1xx_HAL_Driver/Src/stm32f1xx_hal_uart.o
                0x08005e98                UART_Start_Receive_DMA
 .text.UART_EndTxTransfer
                0x08005fcc       0x4e ./src/lib/cube_f103xx/Drivers/STM32F1xx_HAL_Driver/Src/stm32f1xx_hal_uart.o
 .text.UART_EndRxTransfer
                0x0800601a       0xc4 ./src/lib/cube_f103xx/Drivers/STM32F1xx_HAL_Driver/Src/stm32f1xx_hal_uart.o
 .text.UART_DMAAbortOnError
                0x080060de       0x28 ./src/lib/cube_f103xx/Drivers/STM32F1xx_HAL_Driver/Src/stm32f1xx_hal_uart.o
 .text.UART_Transmit_IT
                0x08006106       0x9e ./src/lib/cube_f103xx/Drivers/STM32F1xx_HAL_Driver/Src/stm32f1xx_hal_uart.o
 .text.UART_EndTransmit_IT
                0x080061a4       0x30 ./src/lib/cube_f103xx/Drivers/STM32F1xx_HAL_Driver/Src/stm32f1xx_hal_uart.o
 .text.UART_Receive_IT
                0x080061d4      0x17c ./src/lib/cube_f103xx/Drivers/STM32F1xx_HAL_Driver/Src/stm32f1xx_hal_uart.o
 .text.UART_SetConfig
                0x08006350      0x11c ./src/lib/cube_f103xx/Drivers/STM32F1xx_HAL_Driver/Src/stm32f1xx_hal_uart.o
 .text.main     0x0800646c       0x58 ./src/main.o
                0x0800646c                main
 .text.threadMain
                0x080064c4       0x14 ./src/main.o
 .text.std      0x080064d8       0x6c C:/ST/STM32CubeIDE_1.18.0/STM32CubeIDE/plugins/com.st.stm32cube.ide.mcu.externaltools.gnu-tools-for-stm32.13.3.rel1.win32_1.0.0.202411081344/tools/bin/../lib/gcc/arm-none-eabi/13.3.1/../../../../arm-none-eabi/lib/thumb/v7-m/nofp\libc_nano.a(libc_a-findfp.o)
 .text.stdio_exit_handler
                0x08006544       0x18 C:/ST/STM32CubeIDE_1.18.0/STM32CubeIDE/plugins/com.st.stm32cube.ide.mcu.externaltools.gnu-tools-for-stm32.13.3.rel1.win32_1.0.0.202411081344/tools/bin/../lib/gcc/arm-none-eabi/13.3.1/../../../../arm-none-eabi/lib/thumb/v7-m/nofp\libc_nano.a(libc_a-findfp.o)
 .text.cleanup_stdio
                0x0800655c       0x40 C:/ST/STM32CubeIDE_1.18.0/STM32CubeIDE/plugins/com.st.stm32cube.ide.mcu.externaltools.gnu-tools-for-stm32.13.3.rel1.win32_1.0.0.202411081344/tools/bin/../lib/gcc/arm-none-eabi/13.3.1/../../../../arm-none-eabi/lib/thumb/v7-m/nofp\libc_nano.a(libc_a-findfp.o)
 .text.global_stdio_init.part.0
                0x0800659c       0x3c C:/ST/STM32CubeIDE_1.18.0/STM32CubeIDE/plugins/com.st.stm32cube.ide.mcu.externaltools.gnu-tools-for-stm32.13.3.rel1.win32_1.0.0.202411081344/tools/bin/../lib/gcc/arm-none-eabi/13.3.1/../../../../arm-none-eabi/lib/thumb/v7-m/nofp\libc_nano.a(libc_a-findfp.o)
 .text.__sfp_lock_acquire
                0x080065d8        0xc C:/ST/STM32CubeIDE_1.18.0/STM32CubeIDE/plugins/com.st.stm32cube.ide.mcu.externaltools.gnu-tools-for-stm32.13.3.rel1.win32_1.0.0.202411081344/tools/bin/../lib/gcc/arm-none-eabi/13.3.1/../../../../arm-none-eabi/lib/thumb/v7-m/nofp\libc_nano.a(libc_a-findfp.o)
                0x080065d8                __sfp_lock_acquire
 .text.__sfp_lock_release
                0x080065e4        0xc C:/ST/STM32CubeIDE_1.18.0/STM32CubeIDE/plugins/com.st.stm32cube.ide.mcu.externaltools.gnu-tools-for-stm32.13.3.rel1.win32_1.0.0.202411081344/tools/bin/../lib/gcc/arm-none-eabi/13.3.1/../../../../arm-none-eabi/lib/thumb/v7-m/nofp\libc_nano.a(libc_a-findfp.o)
                0x080065e4                __sfp_lock_release
 .text.__sinit  0x080065f0       0x30 C:/ST/STM32CubeIDE_1.18.0/STM32CubeIDE/plugins/com.st.stm32cube.ide.mcu.externaltools.gnu-tools-for-stm32.13.3.rel1.win32_1.0.0.202411081344/tools/bin/../lib/gcc/arm-none-eabi/13.3.1/../../../../arm-none-eabi/lib/thumb/v7-m/nofp\libc_nano.a(libc_a-findfp.o)
                0x080065f0                __sinit
 .text._fwalk_sglue
                0x08006620       0x3c C:/ST/STM32CubeIDE_1.18.0/STM32CubeIDE/plugins/com.st.stm32cube.ide.mcu.externaltools.gnu-tools-for-stm32.13.3.rel1.win32_1.0.0.202411081344/tools/bin/../lib/gcc/arm-none-eabi/13.3.1/../../../../arm-none-eabi/lib/thumb/v7-m/nofp\libc_nano.a(libc_a-fwalk.o)
                0x08006620                _fwalk_sglue
 .text.printf   0x0800665c       0x24 C:/ST/STM32CubeIDE_1.18.0/STM32CubeIDE/plugins/com.st.stm32cube.ide.mcu.externaltools.gnu-tools-for-stm32.13.3.rel1.win32_1.0.0.202411081344/tools/bin/../lib/gcc/arm-none-eabi/13.3.1/../../../../arm-none-eabi/lib/thumb/v7-m/nofp\libc_nano.a(libc_a-printf.o)
                0x0800665c                iprintf
                0x0800665c                printf
 .text._puts_r  0x08006680       0xaa C:/ST/STM32CubeIDE_1.18.0/STM32CubeIDE/plugins/com.st.stm32cube.ide.mcu.externaltools.gnu-tools-for-stm32.13.3.rel1.win32_1.0.0.202411081344/tools/bin/../lib/gcc/arm-none-eabi/13.3.1/../../../../arm-none-eabi/lib/thumb/v7-m/nofp\libc_nano.a(libc_a-puts.o)
                0x08006680                _puts_r
 *fill*         0x0800672a        0x2 
 .text.puts     0x0800672c       0x10 C:/ST/STM32CubeIDE_1.18.0/STM32CubeIDE/plugins/com.st.stm32cube.ide.mcu.externaltools.gnu-tools-for-stm32.13.3.rel1.win32_1.0.0.202411081344/tools/bin/../lib/gcc/arm-none-eabi/13.3.1/../../../../arm-none-eabi/lib/thumb/v7-m/nofp\libc_nano.a(libc_a-puts.o)
                0x0800672c                puts
 .text.__sread  0x0800673c       0x22 C:/ST/STM32CubeIDE_1.18.0/STM32CubeIDE/plugins/com.st.stm32cube.ide.mcu.externaltools.gnu-tools-for-stm32.13.3.rel1.win32_1.0.0.202411081344/tools/bin/../lib/gcc/arm-none-eabi/13.3.1/../../../../arm-none-eabi/lib/thumb/v7-m/nofp\libc_nano.a(libc_a-stdio.o)
                0x0800673c                __sread
 .text.__swrite
                0x0800675e       0x38 C:/ST/STM32CubeIDE_1.18.0/STM32CubeIDE/plugins/com.st.stm32cube.ide.mcu.externaltools.gnu-tools-for-stm32.13.3.rel1.win32_1.0.0.202411081344/tools/bin/../lib/gcc/arm-none-eabi/13.3.1/../../../../arm-none-eabi/lib/thumb/v7-m/nofp\libc_nano.a(libc_a-stdio.o)
                0x0800675e                __swrite
 .text.__sseek  0x08006796       0x24 C:/ST/STM32CubeIDE_1.18.0/STM32CubeIDE/plugins/com.st.stm32cube.ide.mcu.externaltools.gnu-tools-for-stm32.13.3.rel1.win32_1.0.0.202411081344/tools/bin/../lib/gcc/arm-none-eabi/13.3.1/../../../../arm-none-eabi/lib/thumb/v7-m/nofp\libc_nano.a(libc_a-stdio.o)
                0x08006796                __sseek
 .text.__sclose
                0x080067ba        0x8 C:/ST/STM32CubeIDE_1.18.0/STM32CubeIDE/plugins/com.st.stm32cube.ide.mcu.externaltools.gnu-tools-for-stm32.13.3.rel1.win32_1.0.0.202411081344/tools/bin/../lib/gcc/arm-none-eabi/13.3.1/../../../../arm-none-eabi/lib/thumb/v7-m/nofp\libc_nano.a(libc_a-stdio.o)
                0x080067ba                __sclose
 .text.__swbuf_r
                0x080067c2       0x7c C:/ST/STM32CubeIDE_1.18.0/STM32CubeIDE/plugins/com.st.stm32cube.ide.mcu.externaltools.gnu-tools-for-stm32.13.3.rel1.win32_1.0.0.202411081344/tools/bin/../lib/gcc/arm-none-eabi/13.3.1/../../../../arm-none-eabi/lib/thumb/v7-m/nofp\libc_nano.a(libc_a-wbuf.o)
                0x080067c2                __swbuf_r
 *fill*         0x0800683e        0x2 
 .text.__swsetup_r
                0x08006840       0xac C:/ST/STM32CubeIDE_1.18.0/STM32CubeIDE/plugins/com.st.stm32cube.ide.mcu.externaltools.gnu-tools-for-stm32.13.3.rel1.win32_1.0.0.202411081344/tools/bin/../lib/gcc/arm-none-eabi/13.3.1/../../../../arm-none-eabi/lib/thumb/v7-m/nofp\libc_nano.a(libc_a-wsetup.o)
                0x08006840                __swsetup_r
 .text.memset   0x080068ec       0x10 C:/ST/STM32CubeIDE_1.18.0/STM32CubeIDE/plugins/com.st.stm32cube.ide.mcu.externaltools.gnu-tools-for-stm32.13.3.rel1.win32_1.0.0.202411081344/tools/bin/../lib/gcc/arm-none-eabi/13.3.1/../../../../arm-none-eabi/lib/thumb/v7-m/nofp\libc_nano.a(libc_a-memset.o)
                0x080068ec                memset
 .text._close_r
                0x080068fc       0x20 C:/ST/STM32CubeIDE_1.18.0/STM32CubeIDE/plugins/com.st.stm32cube.ide.mcu.externaltools.gnu-tools-for-stm32.13.3.rel1.win32_1.0.0.202411081344/tools/bin/../lib/gcc/arm-none-eabi/13.3.1/../../../../arm-none-eabi/lib/thumb/v7-m/nofp\libc_nano.a(libc_a-closer.o)
                0x080068fc                _close_r
 .text._lseek_r
                0x0800691c       0x24 C:/ST/STM32CubeIDE_1.18.0/STM32CubeIDE/plugins/com.st.stm32cube.ide.mcu.externaltools.gnu-tools-for-stm32.13.3.rel1.win32_1.0.0.202411081344/tools/bin/../lib/gcc/arm-none-eabi/13.3.1/../../../../arm-none-eabi/lib/thumb/v7-m/nofp\libc_nano.a(libc_a-lseekr.o)
                0x0800691c                _lseek_r
 .text._read_r  0x08006940       0x24 C:/ST/STM32CubeIDE_1.18.0/STM32CubeIDE/plugins/com.st.stm32cube.ide.mcu.externaltools.gnu-tools-for-stm32.13.3.rel1.win32_1.0.0.202411081344/tools/bin/../lib/gcc/arm-none-eabi/13.3.1/../../../../arm-none-eabi/lib/thumb/v7-m/nofp\libc_nano.a(libc_a-readr.o)
                0x08006940                _read_r
 .text._write_r
                0x08006964       0x24 C:/ST/STM32CubeIDE_1.18.0/STM32CubeIDE/plugins/com.st.stm32cube.ide.mcu.externaltools.gnu-tools-for-stm32.13.3.rel1.win32_1.0.0.202411081344/tools/bin/../lib/gcc/arm-none-eabi/13.3.1/../../../../arm-none-eabi/lib/thumb/v7-m/nofp\libc_nano.a(libc_a-writer.o)
                0x08006964                _write_r
 .text.__errno  0x08006988        0xc C:/ST/STM32CubeIDE_1.18.0/STM32CubeIDE/plugins/com.st.stm32cube.ide.mcu.externaltools.gnu-tools-for-stm32.13.3.rel1.win32_1.0.0.202411081344/tools/bin/../lib/gcc/arm-none-eabi/13.3.1/../../../../arm-none-eabi/lib/thumb/v7-m/nofp\libc_nano.a(libc_a-errno.o)
                0x08006988                __errno
 .text.__libc_init_array
                0x08006994       0x48 C:/ST/STM32CubeIDE_1.18.0/STM32CubeIDE/plugins/com.st.stm32cube.ide.mcu.externaltools.gnu-tools-for-stm32.13.3.rel1.win32_1.0.0.202411081344/tools/bin/../lib/gcc/arm-none-eabi/13.3.1/../../../../arm-none-eabi/lib/thumb/v7-m/nofp\libc_nano.a(libc_a-init.o)
                0x08006994                __libc_init_array
 .text.__retarget_lock_init_recursive
                0x080069dc        0x2 C:/ST/STM32CubeIDE_1.18.0/STM32CubeIDE/plugins/com.st.stm32cube.ide.mcu.externaltools.gnu-tools-for-stm32.13.3.rel1.win32_1.0.0.202411081344/tools/bin/../lib/gcc/arm-none-eabi/13.3.1/../../../../arm-none-eabi/lib/thumb/v7-m/nofp\libc_nano.a(libc_a-lock.o)
                0x080069dc                __retarget_lock_init_recursive
 .text.__retarget_lock_acquire_recursive
                0x080069de        0x2 C:/ST/STM32CubeIDE_1.18.0/STM32CubeIDE/plugins/com.st.stm32cube.ide.mcu.externaltools.gnu-tools-for-stm32.13.3.rel1.win32_1.0.0.202411081344/tools/bin/../lib/gcc/arm-none-eabi/13.3.1/../../../../arm-none-eabi/lib/thumb/v7-m/nofp\libc_nano.a(libc_a-lock.o)
                0x080069de                __retarget_lock_acquire_recursive
 .text.__retarget_lock_release_recursive
                0x080069e0        0x2 C:/ST/STM32CubeIDE_1.18.0/STM32CubeIDE/plugins/com.st.stm32cube.ide.mcu.externaltools.gnu-tools-for-stm32.13.3.rel1.win32_1.0.0.202411081344/tools/bin/../lib/gcc/arm-none-eabi/13.3.1/../../../../arm-none-eabi/lib/thumb/v7-m/nofp\libc_nano.a(libc_a-lock.o)
                0x080069e0                __retarget_lock_release_recursive
 *fill*         0x080069e2        0x2 
 .text._free_r  0x080069e4       0x90 C:/ST/STM32CubeIDE_1.18.0/STM32CubeIDE/plugins/com.st.stm32cube.ide.mcu.externaltools.gnu-tools-for-stm32.13.3.rel1.win32_1.0.0.202411081344/tools/bin/../lib/gcc/arm-none-eabi/13.3.1/../../../../arm-none-eabi/lib/thumb/v7-m/nofp\libc_nano.a(libc_a-freer.o)
                0x080069e4                _free_r
 .text.sbrk_aligned
                0x08006a74       0x44 C:/ST/STM32CubeIDE_1.18.0/STM32CubeIDE/plugins/com.st.stm32cube.ide.mcu.externaltools.gnu-tools-for-stm32.13.3.rel1.win32_1.0.0.202411081344/tools/bin/../lib/gcc/arm-none-eabi/13.3.1/../../../../arm-none-eabi/lib/thumb/v7-m/nofp\libc_nano.a(libc_a-mallocr.o)
 .text._malloc_r
                0x08006ab8      0x100 C:/ST/STM32CubeIDE_1.18.0/STM32CubeIDE/plugins/com.st.stm32cube.ide.mcu.externaltools.gnu-tools-for-stm32.13.3.rel1.win32_1.0.0.202411081344/tools/bin/../lib/gcc/arm-none-eabi/13.3.1/../../../../arm-none-eabi/lib/thumb/v7-m/nofp\libc_nano.a(libc_a-mallocr.o)
                0x08006ab8                _malloc_r
 .text.__malloc_lock
                0x08006bb8        0xc C:/ST/STM32CubeIDE_1.18.0/STM32CubeIDE/plugins/com.st.stm32cube.ide.mcu.externaltools.gnu-tools-for-stm32.13.3.rel1.win32_1.0.0.202411081344/tools/bin/../lib/gcc/arm-none-eabi/13.3.1/../../../../arm-none-eabi/lib/thumb/v7-m/nofp\libc_nano.a(libc_a-mlock.o)
                0x08006bb8                __malloc_lock
 .text.__malloc_unlock
                0x08006bc4        0xc C:/ST/STM32CubeIDE_1.18.0/STM32CubeIDE/plugins/com.st.stm32cube.ide.mcu.externaltools.gnu-tools-for-stm32.13.3.rel1.win32_1.0.0.202411081344/tools/bin/../lib/gcc/arm-none-eabi/13.3.1/../../../../arm-none-eabi/lib/thumb/v7-m/nofp\libc_nano.a(libc_a-mlock.o)
                0x08006bc4                __malloc_unlock
 .text.__sfputc_r
                0x08006bd0       0x2a C:/ST/STM32CubeIDE_1.18.0/STM32CubeIDE/plugins/com.st.stm32cube.ide.mcu.externaltools.gnu-tools-for-stm32.13.3.rel1.win32_1.0.0.202411081344/tools/bin/../lib/gcc/arm-none-eabi/13.3.1/../../../../arm-none-eabi/lib/thumb/v7-m/nofp\libc_nano.a(libc_a-nano-vfprintf.o)
 .text.__sfputs_r
                0x08006bfa       0x24 C:/ST/STM32CubeIDE_1.18.0/STM32CubeIDE/plugins/com.st.stm32cube.ide.mcu.externaltools.gnu-tools-for-stm32.13.3.rel1.win32_1.0.0.202411081344/tools/bin/../lib/gcc/arm-none-eabi/13.3.1/../../../../arm-none-eabi/lib/thumb/v7-m/nofp\libc_nano.a(libc_a-nano-vfprintf.o)
                0x08006bfa                __sfputs_r
 *fill*         0x08006c1e        0x2 
 .text._vfprintf_r
                0x08006c20      0x230 C:/ST/STM32CubeIDE_1.18.0/STM32CubeIDE/plugins/com.st.stm32cube.ide.mcu.externaltools.gnu-tools-for-stm32.13.3.rel1.win32_1.0.0.202411081344/tools/bin/../lib/gcc/arm-none-eabi/13.3.1/../../../../arm-none-eabi/lib/thumb/v7-m/nofp\libc_nano.a(libc_a-nano-vfprintf.o)
                0x08006c20                _vfprintf_r
                0x08006c20                _vfiprintf_r
 .text._printf_common
                0x08006e50       0xe4 C:/ST/STM32CubeIDE_1.18.0/STM32CubeIDE/plugins/com.st.stm32cube.ide.mcu.externaltools.gnu-tools-for-stm32.13.3.rel1.win32_1.0.0.202411081344/tools/bin/../lib/gcc/arm-none-eabi/13.3.1/../../../../arm-none-eabi/lib/thumb/v7-m/nofp\libc_nano.a(libc_a-nano-vfprintf_i.o)
                0x08006e50                _printf_common
 .text._printf_i
                0x08006f34      0x23c C:/ST/STM32CubeIDE_1.18.0/STM32CubeIDE/plugins/com.st.stm32cube.ide.mcu.externaltools.gnu-tools-for-stm32.13.3.rel1.win32_1.0.0.202411081344/tools/bin/../lib/gcc/arm-none-eabi/13.3.1/../../../../arm-none-eabi/lib/thumb/v7-m/nofp\libc_nano.a(libc_a-nano-vfprintf_i.o)
                0x08006f34                _printf_i
 .text.__sflush_r
                0x08007170      0x100 C:/ST/STM32CubeIDE_1.18.0/STM32CubeIDE/plugins/com.st.stm32cube.ide.mcu.externaltools.gnu-tools-for-stm32.13.3.rel1.win32_1.0.0.202411081344/tools/bin/../lib/gcc/arm-none-eabi/13.3.1/../../../../arm-none-eabi/lib/thumb/v7-m/nofp\libc_nano.a(libc_a-fflush.o)
                0x08007170                __sflush_r
 .text._fflush_r
                0x08007270       0x50 C:/ST/STM32CubeIDE_1.18.0/STM32CubeIDE/plugins/com.st.stm32cube.ide.mcu.externaltools.gnu-tools-for-stm32.13.3.rel1.win32_1.0.0.202411081344/tools/bin/../lib/gcc/arm-none-eabi/13.3.1/../../../../arm-none-eabi/lib/thumb/v7-m/nofp\libc_nano.a(libc_a-fflush.o)
                0x08007270                _fflush_r
 .text.__swhatbuf_r
                0x080072c0       0x4a C:/ST/STM32CubeIDE_1.18.0/STM32CubeIDE/plugins/com.st.stm32cube.ide.mcu.externaltools.gnu-tools-for-stm32.13.3.rel1.win32_1.0.0.202411081344/tools/bin/../lib/gcc/arm-none-eabi/13.3.1/../../../../arm-none-eabi/lib/thumb/v7-m/nofp\libc_nano.a(libc_a-makebuf.o)
                0x080072c0                __swhatbuf_r
 .text.__smakebuf_r
                0x0800730a       0x78 C:/ST/STM32CubeIDE_1.18.0/STM32CubeIDE/plugins/com.st.stm32cube.ide.mcu.externaltools.gnu-tools-for-stm32.13.3.rel1.win32_1.0.0.202411081344/tools/bin/../lib/gcc/arm-none-eabi/13.3.1/../../../../arm-none-eabi/lib/thumb/v7-m/nofp\libc_nano.a(libc_a-makebuf.o)
                0x0800730a                __smakebuf_r
 *fill*         0x08007382        0x2 
 .text._fstat_r
                0x08007384       0x24 C:/ST/STM32CubeIDE_1.18.0/STM32CubeIDE/plugins/com.st.stm32cube.ide.mcu.externaltools.gnu-tools-for-stm32.13.3.rel1.win32_1.0.0.202411081344/tools/bin/../lib/gcc/arm-none-eabi/13.3.1/../../../../arm-none-eabi/lib/thumb/v7-m/nofp\libc_nano.a(libc_a-fstatr.o)
                0x08007384                _fstat_r
 .text._isatty_r
                0x080073a8       0x20 C:/ST/STM32CubeIDE_1.18.0/STM32CubeIDE/plugins/com.st.stm32cube.ide.mcu.externaltools.gnu-tools-for-stm32.13.3.rel1.win32_1.0.0.202411081344/tools/bin/../lib/gcc/arm-none-eabi/13.3.1/../../../../arm-none-eabi/lib/thumb/v7-m/nofp\libc_nano.a(libc_a-isattyr.o)
                0x080073a8                _isatty_r
 .text._sbrk_r  0x080073c8       0x20 C:/ST/STM32CubeIDE_1.18.0/STM32CubeIDE/plugins/com.st.stm32cube.ide.mcu.externaltools.gnu-tools-for-stm32.13.3.rel1.win32_1.0.0.202411081344/tools/bin/../lib/gcc/arm-none-eabi/13.3.1/../../../../arm-none-eabi/lib/thumb/v7-m/nofp\libc_nano.a(libc_a-sbrkr.o)
                0x080073c8                _sbrk_r
 .text.memchr   0x080073e8       0x1c C:/ST/STM32CubeIDE_1.18.0/STM32CubeIDE/plugins/com.st.stm32cube.ide.mcu.externaltools.gnu-tools-for-stm32.13.3.rel1.win32_1.0.0.202411081344/tools/bin/../lib/gcc/arm-none-eabi/13.3.1/../../../../arm-none-eabi/lib/thumb/v7-m/nofp\libc_nano.a(libc_a-memchr-stub.o)
                0x080073e8                memchr
 *(.glue_7)
 .glue_7        0x08007404        0x0 linker stubs
 *(.glue_7t)
 .glue_7t       0x08007404        0x0 linker stubs
 *(.eh_frame)
 .eh_frame      0x08007404        0x0 C:/ST/STM32CubeIDE_1.18.0/STM32CubeIDE/plugins/com.st.stm32cube.ide.mcu.externaltools.gnu-tools-for-stm32.13.3.rel1.win32_1.0.0.202411081344/tools/bin/../lib/gcc/arm-none-eabi/13.3.1/thumb/v7-m/nofp/crtbegin.o
 *(.init)
 .init          0x08007404        0x4 C:/ST/STM32CubeIDE_1.18.0/STM32CubeIDE/plugins/com.st.stm32cube.ide.mcu.externaltools.gnu-tools-for-stm32.13.3.rel1.win32_1.0.0.202411081344/tools/bin/../lib/gcc/arm-none-eabi/13.3.1/thumb/v7-m/nofp/crti.o
                0x08007404                _init
 .init          0x08007408        0x8 C:/ST/STM32CubeIDE_1.18.0/STM32CubeIDE/plugins/com.st.stm32cube.ide.mcu.externaltools.gnu-tools-for-stm32.13.3.rel1.win32_1.0.0.202411081344/tools/bin/../lib/gcc/arm-none-eabi/13.3.1/thumb/v7-m/nofp/crtn.o
 *(.fini)
 .fini          0x08007410        0x4 C:/ST/STM32CubeIDE_1.18.0/STM32CubeIDE/plugins/com.st.stm32cube.ide.mcu.externaltools.gnu-tools-for-stm32.13.3.rel1.win32_1.0.0.202411081344/tools/bin/../lib/gcc/arm-none-eabi/13.3.1/thumb/v7-m/nofp/crti.o
                0x08007410                _fini
 .fini          0x08007414        0x8 C:/ST/STM32CubeIDE_1.18.0/STM32CubeIDE/plugins/com.st.stm32cube.ide.mcu.externaltools.gnu-tools-for-stm32.13.3.rel1.win32_1.0.0.202411081344/tools/bin/../lib/gcc/arm-none-eabi/13.3.1/thumb/v7-m/nofp/crtn.o
                0x0800741c                        . = ALIGN (0x4)
                0x0800741c                        _etext = .

.vfp11_veneer   0x0800741c        0x0
 .vfp11_veneer  0x0800741c        0x0 linker stubs

.v4_bx          0x0800741c        0x0
 .v4_bx         0x0800741c        0x0 linker stubs

.iplt           0x0800741c        0x0
 .iplt          0x0800741c        0x0 C:/ST/STM32CubeIDE_1.18.0/STM32CubeIDE/plugins/com.st.stm32cube.ide.mcu.externaltools.gnu-tools-for-stm32.13.3.rel1.win32_1.0.0.202411081344/tools/bin/../lib/gcc/arm-none-eabi/13.3.1/thumb/v7-m/nofp/crtbegin.o

.rodata         0x0800741c      0x198
                0x0800741c                        . = ALIGN (0x4)
 *(.rodata)
 .rodata        0x0800741c       0x65 ./src/application/ap.o
 *fill*         0x08007481        0x3 
 .rodata        0x08007484       0x67 ./src/hw/driver/uart.o
 *fill*         0x080074eb        0x1 
 .rodata        0x080074ec        0x5 ./src/lib/FreeRTOS/Source/tasks.o
 *fill*         0x080074f1        0x3 
 .rodata        0x080074f4       0x4c ./src/main.o
 *(.rodata*)
 .rodata.AHBPrescTable
                0x08007540       0x10 ./src/bsp/system_stm32f1xx.o
                0x08007540                AHBPrescTable
 .rodata.APBPrescTable
                0x08007550        0x8 ./src/bsp/system_stm32f1xx.o
                0x08007550                APBPrescTable
 .rodata.aPLLMULFactorTable.1
                0x08007558       0x10 ./src/lib/cube_f103xx/Drivers/STM32F1xx_HAL_Driver/Src/stm32f1xx_hal_rcc.o
 .rodata.aPredivFactorTable.0
                0x08007568        0x2 ./src/lib/cube_f103xx/Drivers/STM32F1xx_HAL_Driver/Src/stm32f1xx_hal_rcc.o
 *fill*         0x0800756a        0x2 
 .rodata.aPLLMULFactorTable.1
                0x0800756c       0x10 ./src/lib/cube_f103xx/Drivers/STM32F1xx_HAL_Driver/Src/stm32f1xx_hal_rcc_ex.o
 .rodata.aPredivFactorTable.0
                0x0800757c        0x2 ./src/lib/cube_f103xx/Drivers/STM32F1xx_HAL_Driver/Src/stm32f1xx_hal_rcc_ex.o
 .rodata._vfprintf_r.str1.1
                0x0800757e       0x33 C:/ST/STM32CubeIDE_1.18.0/STM32CubeIDE/plugins/com.st.stm32cube.ide.mcu.externaltools.gnu-tools-for-stm32.13.3.rel1.win32_1.0.0.202411081344/tools/bin/../lib/gcc/arm-none-eabi/13.3.1/../../../../arm-none-eabi/lib/thumb/v7-m/nofp\libc_nano.a(libc_a-nano-vfprintf.o)
                                 0x11 (size before relaxing)
 .rodata._printf_i.str1.1
                0x080075b1       0x22 C:/ST/STM32CubeIDE_1.18.0/STM32CubeIDE/plugins/com.st.stm32cube.ide.mcu.externaltools.gnu-tools-for-stm32.13.3.rel1.win32_1.0.0.202411081344/tools/bin/../lib/gcc/arm-none-eabi/13.3.1/../../../../arm-none-eabi/lib/thumb/v7-m/nofp\libc_nano.a(libc_a-nano-vfprintf_i.o)
                0x080075d4                        . = ALIGN (0x4)
 *fill*         0x080075b1        0x3 

.ARM.extab      0x080075b4        0x0
                0x080075b4                        . = ALIGN (0x4)
 *(.ARM.extab* .gnu.linkonce.armextab.*)
                0x080075b4                        . = ALIGN (0x4)

.ARM            0x080075b4        0x0
                0x080075b4                        . = ALIGN (0x4)
                0x080075b4                        __exidx_start = .
 *(.ARM.exidx*)
                0x080075b4                        __exidx_end = .
                0x080075b4                        . = ALIGN (0x4)

.preinit_array  0x080075b4        0x0
                0x080075b4                        . = ALIGN (0x4)
                0x080075b4                        PROVIDE (__preinit_array_start = .)
 *(.preinit_array*)
                0x080075b4                        PROVIDE (__preinit_array_end = .)
                0x080075b4                        . = ALIGN (0x4)

.init_array     0x080075b4        0x4
                0x080075b4                        . = ALIGN (0x4)
                0x080075b4                        PROVIDE (__init_array_start = .)
 *(SORT_BY_NAME(.init_array.*))
 *(.init_array*)
 .init_array    0x080075b4        0x4 C:/ST/STM32CubeIDE_1.18.0/STM32CubeIDE/plugins/com.st.stm32cube.ide.mcu.externaltools.gnu-tools-for-stm32.13.3.rel1.win32_1.0.0.202411081344/tools/bin/../lib/gcc/arm-none-eabi/13.3.1/thumb/v7-m/nofp/crtbegin.o
                0x080075b8                        PROVIDE (__init_array_end = .)
                0x080075b8                        . = ALIGN (0x4)

.fini_array     0x080075b8        0x4
                0x080075b8                        . = ALIGN (0x4)
                [!provide]                        PROVIDE (__fini_array_start = .)
 *(SORT_BY_NAME(.fini_array.*))
 *(.fini_array*)
 .fini_array    0x080075b8        0x4 C:/ST/STM32CubeIDE_1.18.0/STM32CubeIDE/plugins/com.st.stm32cube.ide.mcu.externaltools.gnu-tools-for-stm32.13.3.rel1.win32_1.0.0.202411081344/tools/bin/../lib/gcc/arm-none-eabi/13.3.1/thumb/v7-m/nofp/crtbegin.o
                [!provide]                        PROVIDE (__fini_array_end = .)
                0x080075bc                        . = ALIGN (0x4)
                0x080075bc                        _sidata = LOADADDR (.data)

.rel.dyn        0x080075bc        0x0
 .rel.iplt      0x080075bc        0x0 C:/ST/STM32CubeIDE_1.18.0/STM32CubeIDE/plugins/com.st.stm32cube.ide.mcu.externaltools.gnu-tools-for-stm32.13.3.rel1.win32_1.0.0.202411081344/tools/bin/../lib/gcc/arm-none-eabi/13.3.1/thumb/v7-m/nofp/crtbegin.o

.data           0x20000000       0x74 load address 0x080075bc
                0x20000000                        . = ALIGN (0x4)
                0x20000000                        _sdata = .
 *(.data)
 *(.data*)
 .data.SystemCoreClock
                0x20000000        0x4 ./src/bsp/system_stm32f1xx.o
                0x20000000                SystemCoreClock
 .data.led_tbl  0x20000004        0x8 ./src/hw/driver/led.o
                0x20000004                led_tbl
 .data.uxCriticalNesting
                0x2000000c        0x4 ./src/lib/FreeRTOS/Source/portable/GCC/ARM_CM3/port.o
 .data.uwTickPrio
                0x20000010        0x4 ./src/lib/cube_f103xx/Drivers/STM32F1xx_HAL_Driver/Src/stm32f1xx_hal.o
                0x20000010                uwTickPrio
 .data.uwTickFreq
                0x20000014        0x1 ./src/lib/cube_f103xx/Drivers/STM32F1xx_HAL_Driver/Src/stm32f1xx_hal.o
                0x20000014                uwTickFreq
 *fill*         0x20000015        0x3 
 .data.__sglue  0x20000018        0xc C:/ST/STM32CubeIDE_1.18.0/STM32CubeIDE/plugins/com.st.stm32cube.ide.mcu.externaltools.gnu-tools-for-stm32.13.3.rel1.win32_1.0.0.202411081344/tools/bin/../lib/gcc/arm-none-eabi/13.3.1/../../../../arm-none-eabi/lib/thumb/v7-m/nofp\libc_nano.a(libc_a-findfp.o)
                0x20000018                __sglue
 .data._impure_ptr
                0x20000024        0x4 C:/ST/STM32CubeIDE_1.18.0/STM32CubeIDE/plugins/com.st.stm32cube.ide.mcu.externaltools.gnu-tools-for-stm32.13.3.rel1.win32_1.0.0.202411081344/tools/bin/../lib/gcc/arm-none-eabi/13.3.1/../../../../arm-none-eabi/lib/thumb/v7-m/nofp\libc_nano.a(libc_a-impure.o)
                0x20000024                _impure_ptr
 .data._impure_data
                0x20000028       0x4c C:/ST/STM32CubeIDE_1.18.0/STM32CubeIDE/plugins/com.st.stm32cube.ide.mcu.externaltools.gnu-tools-for-stm32.13.3.rel1.win32_1.0.0.202411081344/tools/bin/../lib/gcc/arm-none-eabi/13.3.1/../../../../arm-none-eabi/lib/thumb/v7-m/nofp\libc_nano.a(libc_a-impure.o)
                0x20000028                _impure_data
 *(.RamFunc)
 *(.RamFunc*)
                0x20000074                        . = ALIGN (0x4)
                0x20000074                        _edata = .

.igot.plt       0x20000074        0x0 load address 0x08007630
 .igot.plt      0x20000074        0x0 C:/ST/STM32CubeIDE_1.18.0/STM32CubeIDE/plugins/com.st.stm32cube.ide.mcu.externaltools.gnu-tools-for-stm32.13.3.rel1.win32_1.0.0.202411081344/tools/bin/../lib/gcc/arm-none-eabi/13.3.1/thumb/v7-m/nofp/crtbegin.o
                0x20000074                        . = ALIGN (0x4)

.bss            0x20000074     0x3124 load address 0x08007630
                0x20000074                        _sbss = .
                0x20000074                        __bss_start__ = _sbss
 *(.bss)
 .bss           0x20000074       0x1c C:/ST/STM32CubeIDE_1.18.0/STM32CubeIDE/plugins/com.st.stm32cube.ide.mcu.externaltools.gnu-tools-for-stm32.13.3.rel1.win32_1.0.0.202411081344/tools/bin/../lib/gcc/arm-none-eabi/13.3.1/thumb/v7-m/nofp/crtbegin.o
 *(.bss*)
 .bss.__sbrk_heap_end
                0x20000090        0x4 ./src/bsp/sysmem.o
 .bss.hcan      0x20000094       0x28 ./src/hw/driver/can.o
                0x20000094                hcan
 .bss.flash_tbl
                0x200000bc      0x400 ./src/hw/driver/flash.o
 .bss.is_open   0x200004bc        0x1 ./src/hw/driver/motor.o
 *fill*         0x200004bd        0x3 
 .bss.htim2     0x200004c0       0x48 ./src/hw/driver/motor.o
                0x200004c0                htim2
 .bss.sClockSourceConfig
                0x20000508       0x10 ./src/hw/driver/motor.o
 .bss.sMasterConfig
                0x20000518        0x8 ./src/hw/driver/motor.o
 .bss.sConfigOC
                0x20000520       0x1c ./src/hw/driver/motor.o
 .bss.reset_count
                0x2000053c        0x4 ./src/hw/driver/reset.o
 .bss.hrtc      0x20000540       0x14 ./src/hw/driver/rtc.o
 .bss.is_open   0x20000554        0x1 ./src/hw/driver/uart.o
 *fill*         0x20000555        0x3 
 .bss.qbuffer   0x20000558       0x10 ./src/hw/driver/uart.o
 .bss.rx_buf    0x20000568      0x100 ./src/hw/driver/uart.o
 .bss.huart1    0x20000668       0x48 ./src/hw/driver/uart.o
                0x20000668                huart1
 .bss.hdma_usart1_rx
                0x200006b0       0x44 ./src/hw/driver/uart.o
                0x200006b0                hdma_usart1_rx
 .bss.pxCurrentTCB
                0x200006f4        0x4 ./src/lib/FreeRTOS/Source/tasks.o
                0x200006f4                pxCurrentTCB
 .bss.pxReadyTasksLists
                0x200006f8       0x8c ./src/lib/FreeRTOS/Source/tasks.o
 .bss.xDelayedTaskList1
                0x20000784       0x14 ./src/lib/FreeRTOS/Source/tasks.o
 .bss.xDelayedTaskList2
                0x20000798       0x14 ./src/lib/FreeRTOS/Source/tasks.o
 .bss.pxDelayedTaskList
                0x200007ac        0x4 ./src/lib/FreeRTOS/Source/tasks.o
 .bss.pxOverflowDelayedTaskList
                0x200007b0        0x4 ./src/lib/FreeRTOS/Source/tasks.o
 .bss.xPendingReadyList
                0x200007b4       0x14 ./src/lib/FreeRTOS/Source/tasks.o
 .bss.xTasksWaitingTermination
                0x200007c8       0x14 ./src/lib/FreeRTOS/Source/tasks.o
 .bss.uxDeletedTasksWaitingCleanUp
                0x200007dc        0x4 ./src/lib/FreeRTOS/Source/tasks.o
 .bss.xSuspendedTaskList
                0x200007e0       0x14 ./src/lib/FreeRTOS/Source/tasks.o
 .bss.uxCurrentNumberOfTasks
                0x200007f4        0x4 ./src/lib/FreeRTOS/Source/tasks.o
 .bss.xTickCount
                0x200007f8        0x4 ./src/lib/FreeRTOS/Source/tasks.o
 .bss.uxTopReadyPriority
                0x200007fc        0x4 ./src/lib/FreeRTOS/Source/tasks.o
 .bss.xSchedulerRunning
                0x20000800        0x4 ./src/lib/FreeRTOS/Source/tasks.o
 .bss.xPendedTicks
                0x20000804        0x4 ./src/lib/FreeRTOS/Source/tasks.o
 .bss.xYieldPending
                0x20000808        0x4 ./src/lib/FreeRTOS/Source/tasks.o
 .bss.xNumOfOverflows
                0x2000080c        0x4 ./src/lib/FreeRTOS/Source/tasks.o
 .bss.uxTaskNumber
                0x20000810        0x4 ./src/lib/FreeRTOS/Source/tasks.o
 .bss.xNextTaskUnblockTime
                0x20000814        0x4 ./src/lib/FreeRTOS/Source/tasks.o
 .bss.xIdleTaskHandle
                0x20000818        0x4 ./src/lib/FreeRTOS/Source/tasks.o
 .bss.uxSchedulerSuspended
                0x2000081c        0x4 ./src/lib/FreeRTOS/Source/tasks.o
 .bss.ucMaxSysCallPriority
                0x20000820        0x1 ./src/lib/FreeRTOS/Source/portable/GCC/ARM_CM3/port.o
 *fill*         0x20000821        0x3 
 .bss.ulMaxPRIGROUPValue
                0x20000824        0x4 ./src/lib/FreeRTOS/Source/portable/GCC/ARM_CM3/port.o
 .bss.ucHeap    0x20000828     0x2800 ./src/lib/FreeRTOS/Source/portable/MemMang/heap_4.o
 .bss.xStart    0x20003028        0x8 ./src/lib/FreeRTOS/Source/portable/MemMang/heap_4.o
 .bss.pxEnd     0x20003030        0x4 ./src/lib/FreeRTOS/Source/portable/MemMang/heap_4.o
 .bss.xFreeBytesRemaining
                0x20003034        0x4 ./src/lib/FreeRTOS/Source/portable/MemMang/heap_4.o
 .bss.xMinimumEverFreeBytesRemaining
                0x20003038        0x4 ./src/lib/FreeRTOS/Source/portable/MemMang/heap_4.o
 .bss.xNumberOfSuccessfulAllocations
                0x2000303c        0x4 ./src/lib/FreeRTOS/Source/portable/MemMang/heap_4.o
 .bss.xNumberOfSuccessfulFrees
                0x20003040        0x4 ./src/lib/FreeRTOS/Source/portable/MemMang/heap_4.o
 .bss.xBlockAllocatedBit
                0x20003044        0x4 ./src/lib/FreeRTOS/Source/portable/MemMang/heap_4.o
 .bss.uwTick    0x20003048        0x4 ./src/lib/cube_f103xx/Drivers/STM32F1xx_HAL_Driver/Src/stm32f1xx_hal.o
                0x20003048                uwTick
 .bss.__sf      0x2000304c      0x138 C:/ST/STM32CubeIDE_1.18.0/STM32CubeIDE/plugins/com.st.stm32cube.ide.mcu.externaltools.gnu-tools-for-stm32.13.3.rel1.win32_1.0.0.202411081344/tools/bin/../lib/gcc/arm-none-eabi/13.3.1/../../../../arm-none-eabi/lib/thumb/v7-m/nofp\libc_nano.a(libc_a-findfp.o)
                0x2000304c                __sf
 .bss.__stdio_exit_handler
                0x20003184        0x4 C:/ST/STM32CubeIDE_1.18.0/STM32CubeIDE/plugins/com.st.stm32cube.ide.mcu.externaltools.gnu-tools-for-stm32.13.3.rel1.win32_1.0.0.202411081344/tools/bin/../lib/gcc/arm-none-eabi/13.3.1/../../../../arm-none-eabi/lib/thumb/v7-m/nofp\libc_nano.a(libc_a-findfp.o)
                0x20003184                __stdio_exit_handler
 .bss.errno     0x20003188        0x4 C:/ST/STM32CubeIDE_1.18.0/STM32CubeIDE/plugins/com.st.stm32cube.ide.mcu.externaltools.gnu-tools-for-stm32.13.3.rel1.win32_1.0.0.202411081344/tools/bin/../lib/gcc/arm-none-eabi/13.3.1/../../../../arm-none-eabi/lib/thumb/v7-m/nofp\libc_nano.a(libc_a-reent.o)
                0x20003188                errno
 .bss.__lock___malloc_recursive_mutex
                0x2000318c        0x1 C:/ST/STM32CubeIDE_1.18.0/STM32CubeIDE/plugins/com.st.stm32cube.ide.mcu.externaltools.gnu-tools-for-stm32.13.3.rel1.win32_1.0.0.202411081344/tools/bin/../lib/gcc/arm-none-eabi/13.3.1/../../../../arm-none-eabi/lib/thumb/v7-m/nofp\libc_nano.a(libc_a-lock.o)
                0x2000318c                __lock___malloc_recursive_mutex
 .bss.__lock___sfp_recursive_mutex
                0x2000318d        0x1 C:/ST/STM32CubeIDE_1.18.0/STM32CubeIDE/plugins/com.st.stm32cube.ide.mcu.externaltools.gnu-tools-for-stm32.13.3.rel1.win32_1.0.0.202411081344/tools/bin/../lib/gcc/arm-none-eabi/13.3.1/../../../../arm-none-eabi/lib/thumb/v7-m/nofp\libc_nano.a(libc_a-lock.o)
                0x2000318d                __lock___sfp_recursive_mutex
 *fill*         0x2000318e        0x2 
 .bss.__malloc_sbrk_start
                0x20003190        0x4 C:/ST/STM32CubeIDE_1.18.0/STM32CubeIDE/plugins/com.st.stm32cube.ide.mcu.externaltools.gnu-tools-for-stm32.13.3.rel1.win32_1.0.0.202411081344/tools/bin/../lib/gcc/arm-none-eabi/13.3.1/../../../../arm-none-eabi/lib/thumb/v7-m/nofp\libc_nano.a(libc_a-mallocr.o)
                0x20003190                __malloc_sbrk_start
 .bss.__malloc_free_list
                0x20003194        0x4 C:/ST/STM32CubeIDE_1.18.0/STM32CubeIDE/plugins/com.st.stm32cube.ide.mcu.externaltools.gnu-tools-for-stm32.13.3.rel1.win32_1.0.0.202411081344/tools/bin/../lib/gcc/arm-none-eabi/13.3.1/../../../../arm-none-eabi/lib/thumb/v7-m/nofp\libc_nano.a(libc_a-mallocr.o)
                0x20003194                __malloc_free_list
 *(COMMON)
                0x20003198                        . = ALIGN (0x4)
                0x20003198                        _ebss = .
                0x20003198                        __bss_end__ = _ebss

._user_heap_stack
                0x20003198      0x600 load address 0x08007630
                0x20003198                        . = ALIGN (0x8)
                [!provide]                        PROVIDE (end = .)
                0x20003198                        PROVIDE (_end = .)
                0x20003398                        . = (. + _Min_Heap_Size)
 *fill*         0x20003198      0x200 
                0x20003798                        . = (. + _Min_Stack_Size)
 *fill*         0x20003398      0x400 
                0x20003798                        . = ALIGN (0x8)

/DISCARD/
 libc.a(*)
 libm.a(*)
 libgcc.a(*)

.ARM.attributes
                0x00000000       0x29
 *(.ARM.attributes)
 .ARM.attributes
                0x00000000       0x1d C:/ST/STM32CubeIDE_1.18.0/STM32CubeIDE/plugins/com.st.stm32cube.ide.mcu.externaltools.gnu-tools-for-stm32.13.3.rel1.win32_1.0.0.202411081344/tools/bin/../lib/gcc/arm-none-eabi/13.3.1/thumb/v7-m/nofp/crti.o
 .ARM.attributes
                0x0000001d       0x2d C:/ST/STM32CubeIDE_1.18.0/STM32CubeIDE/plugins/com.st.stm32cube.ide.mcu.externaltools.gnu-tools-for-stm32.13.3.rel1.win32_1.0.0.202411081344/tools/bin/../lib/gcc/arm-none-eabi/13.3.1/thumb/v7-m/nofp/crtbegin.o
 .ARM.attributes
                0x0000004a       0x2d ./src/application/ap.o
 .ARM.attributes
                0x00000077       0x2d ./src/bsp/bsp.o
 .ARM.attributes
                0x000000a4       0x2d ./src/bsp/stm32f1xx_hal_msp.o
 .ARM.attributes
                0x000000d1       0x2d ./src/bsp/stm32f1xx_it.o
 .ARM.attributes
                0x000000fe       0x2d ./src/bsp/syscalls.o
 .ARM.attributes
                0x0000012b       0x2d ./src/bsp/sysmem.o
 .ARM.attributes
                0x00000158       0x2d ./src/bsp/system_stm32f1xx.o
 .ARM.attributes
                0x00000185       0x21 ./src/bsp/startup/startup_stm32f103rbtx.o
 .ARM.attributes
                0x000001a6       0x2d ./src/common/core/qbuffer.o
 .ARM.attributes
                0x000001d3       0x2d ./src/hw/driver/can.o
 .ARM.attributes
                0x00000200       0x2d ./src/hw/driver/flash.o
 .ARM.attributes
                0x0000022d       0x2d ./src/hw/driver/led.o
 .ARM.attributes
                0x0000025a       0x2d ./src/hw/driver/motor.o
 .ARM.attributes
                0x00000287       0x2d ./src/hw/driver/reset.o
 .ARM.attributes
                0x000002b4       0x2d ./src/hw/driver/rtc.o
 .ARM.attributes
                0x000002e1       0x2d ./src/hw/driver/uart.o
 .ARM.attributes
                0x0000030e       0x2d ./src/hw/hw.o
 .ARM.attributes
                0x0000033b       0x2d ./src/lib/FreeRTOS/Source/CMSIS_RTOS/cmsis_os.o
 .ARM.attributes
                0x00000368       0x2d ./src/lib/FreeRTOS/Source/list.o
 .ARM.attributes
                0x00000395       0x2d ./src/lib/FreeRTOS/Source/tasks.o
 .ARM.attributes
                0x000003c2       0x2d ./src/lib/FreeRTOS/Source/portable/GCC/ARM_CM3/port.o
 .ARM.attributes
                0x000003ef       0x2d ./src/lib/FreeRTOS/Source/portable/MemMang/heap_4.o
 .ARM.attributes
                0x0000041c       0x2d ./src/lib/cube_f103xx/Drivers/STM32F1xx_HAL_Driver/Src/stm32f1xx_hal.o
 .ARM.attributes
                0x00000449       0x2d ./src/lib/cube_f103xx/Drivers/STM32F1xx_HAL_Driver/Src/stm32f1xx_hal_can.o
 .ARM.attributes
                0x00000476       0x2d ./src/lib/cube_f103xx/Drivers/STM32F1xx_HAL_Driver/Src/stm32f1xx_hal_cortex.o
 .ARM.attributes
                0x000004a3       0x2d ./src/lib/cube_f103xx/Drivers/STM32F1xx_HAL_Driver/Src/stm32f1xx_hal_dma.o
 .ARM.attributes
                0x000004d0       0x2d ./src/lib/cube_f103xx/Drivers/STM32F1xx_HAL_Driver/Src/stm32f1xx_hal_gpio.o
 .ARM.attributes
                0x000004fd       0x2d ./src/lib/cube_f103xx/Drivers/STM32F1xx_HAL_Driver/Src/stm32f1xx_hal_pwr.o
 .ARM.attributes
                0x0000052a       0x2d ./src/lib/cube_f103xx/Drivers/STM32F1xx_HAL_Driver/Src/stm32f1xx_hal_rcc.o
 .ARM.attributes
                0x00000557       0x2d ./src/lib/cube_f103xx/Drivers/STM32F1xx_HAL_Driver/Src/stm32f1xx_hal_rcc_ex.o
 .ARM.attributes
                0x00000584       0x2d ./src/lib/cube_f103xx/Drivers/STM32F1xx_HAL_Driver/Src/stm32f1xx_hal_rtc.o
 .ARM.attributes
                0x000005b1       0x2d ./src/lib/cube_f103xx/Drivers/STM32F1xx_HAL_Driver/Src/stm32f1xx_hal_rtc_ex.o
 .ARM.attributes
                0x000005de       0x2d ./src/lib/cube_f103xx/Drivers/STM32F1xx_HAL_Driver/Src/stm32f1xx_hal_tim.o
 .ARM.attributes
                0x0000060b       0x2d ./src/lib/cube_f103xx/Drivers/STM32F1xx_HAL_Driver/Src/stm32f1xx_hal_tim_ex.o
 .ARM.attributes
                0x00000638       0x2d ./src/lib/cube_f103xx/Drivers/STM32F1xx_HAL_Driver/Src/stm32f1xx_hal_uart.o
 .ARM.attributes
                0x00000665       0x2d ./src/main.o
 .ARM.attributes
                0x00000692       0x2d C:/ST/STM32CubeIDE_1.18.0/STM32CubeIDE/plugins/com.st.stm32cube.ide.mcu.externaltools.gnu-tools-for-stm32.13.3.rel1.win32_1.0.0.202411081344/tools/bin/../lib/gcc/arm-none-eabi/13.3.1/../../../../arm-none-eabi/lib/thumb/v7-m/nofp\libc_nano.a(libc_a-findfp.o)
 .ARM.attributes
                0x000006bf       0x2d C:/ST/STM32CubeIDE_1.18.0/STM32CubeIDE/plugins/com.st.stm32cube.ide.mcu.externaltools.gnu-tools-for-stm32.13.3.rel1.win32_1.0.0.202411081344/tools/bin/../lib/gcc/arm-none-eabi/13.3.1/../../../../arm-none-eabi/lib/thumb/v7-m/nofp\libc_nano.a(libc_a-fwalk.o)
 .ARM.attributes
                0x000006ec       0x2d C:/ST/STM32CubeIDE_1.18.0/STM32CubeIDE/plugins/com.st.stm32cube.ide.mcu.externaltools.gnu-tools-for-stm32.13.3.rel1.win32_1.0.0.202411081344/tools/bin/../lib/gcc/arm-none-eabi/13.3.1/../../../../arm-none-eabi/lib/thumb/v7-m/nofp\libc_nano.a(libc_a-printf.o)
 .ARM.attributes
                0x00000719       0x2d C:/ST/STM32CubeIDE_1.18.0/STM32CubeIDE/plugins/com.st.stm32cube.ide.mcu.externaltools.gnu-tools-for-stm32.13.3.rel1.win32_1.0.0.202411081344/tools/bin/../lib/gcc/arm-none-eabi/13.3.1/../../../../arm-none-eabi/lib/thumb/v7-m/nofp\libc_nano.a(libc_a-puts.o)
 .ARM.attributes
                0x00000746       0x2d C:/ST/STM32CubeIDE_1.18.0/STM32CubeIDE/plugins/com.st.stm32cube.ide.mcu.externaltools.gnu-tools-for-stm32.13.3.rel1.win32_1.0.0.202411081344/tools/bin/../lib/gcc/arm-none-eabi/13.3.1/../../../../arm-none-eabi/lib/thumb/v7-m/nofp\libc_nano.a(libc_a-stdio.o)
 .ARM.attributes
                0x00000773       0x2d C:/ST/STM32CubeIDE_1.18.0/STM32CubeIDE/plugins/com.st.stm32cube.ide.mcu.externaltools.gnu-tools-for-stm32.13.3.rel1.win32_1.0.0.202411081344/tools/bin/../lib/gcc/arm-none-eabi/13.3.1/../../../../arm-none-eabi/lib/thumb/v7-m/nofp\libc_nano.a(libc_a-wbuf.o)
 .ARM.attributes
                0x000007a0       0x2d C:/ST/STM32CubeIDE_1.18.0/STM32CubeIDE/plugins/com.st.stm32cube.ide.mcu.externaltools.gnu-tools-for-stm32.13.3.rel1.win32_1.0.0.202411081344/tools/bin/../lib/gcc/arm-none-eabi/13.3.1/../../../../arm-none-eabi/lib/thumb/v7-m/nofp\libc_nano.a(libc_a-wsetup.o)
 .ARM.attributes
                0x000007cd       0x2d C:/ST/STM32CubeIDE_1.18.0/STM32CubeIDE/plugins/com.st.stm32cube.ide.mcu.externaltools.gnu-tools-for-stm32.13.3.rel1.win32_1.0.0.202411081344/tools/bin/../lib/gcc/arm-none-eabi/13.3.1/../../../../arm-none-eabi/lib/thumb/v7-m/nofp\libc_nano.a(libc_a-memset.o)
 .ARM.attributes
                0x000007fa       0x2d C:/ST/STM32CubeIDE_1.18.0/STM32CubeIDE/plugins/com.st.stm32cube.ide.mcu.externaltools.gnu-tools-for-stm32.13.3.rel1.win32_1.0.0.202411081344/tools/bin/../lib/gcc/arm-none-eabi/13.3.1/../../../../arm-none-eabi/lib/thumb/v7-m/nofp\libc_nano.a(libc_a-closer.o)
 .ARM.attributes
                0x00000827       0x2d C:/ST/STM32CubeIDE_1.18.0/STM32CubeIDE/plugins/com.st.stm32cube.ide.mcu.externaltools.gnu-tools-for-stm32.13.3.rel1.win32_1.0.0.202411081344/tools/bin/../lib/gcc/arm-none-eabi/13.3.1/../../../../arm-none-eabi/lib/thumb/v7-m/nofp\libc_nano.a(libc_a-reent.o)
 .ARM.attributes
                0x00000854       0x2d C:/ST/STM32CubeIDE_1.18.0/STM32CubeIDE/plugins/com.st.stm32cube.ide.mcu.externaltools.gnu-tools-for-stm32.13.3.rel1.win32_1.0.0.202411081344/tools/bin/../lib/gcc/arm-none-eabi/13.3.1/../../../../arm-none-eabi/lib/thumb/v7-m/nofp\libc_nano.a(libc_a-impure.o)
 .ARM.attributes
                0x00000881       0x2d C:/ST/STM32CubeIDE_1.18.0/STM32CubeIDE/plugins/com.st.stm32cube.ide.mcu.externaltools.gnu-tools-for-stm32.13.3.rel1.win32_1.0.0.202411081344/tools/bin/../lib/gcc/arm-none-eabi/13.3.1/../../../../arm-none-eabi/lib/thumb/v7-m/nofp\libc_nano.a(libc_a-lseekr.o)
 .ARM.attributes
                0x000008ae       0x2d C:/ST/STM32CubeIDE_1.18.0/STM32CubeIDE/plugins/com.st.stm32cube.ide.mcu.externaltools.gnu-tools-for-stm32.13.3.rel1.win32_1.0.0.202411081344/tools/bin/../lib/gcc/arm-none-eabi/13.3.1/../../../../arm-none-eabi/lib/thumb/v7-m/nofp\libc_nano.a(libc_a-readr.o)
 .ARM.attributes
                0x000008db       0x2d C:/ST/STM32CubeIDE_1.18.0/STM32CubeIDE/plugins/com.st.stm32cube.ide.mcu.externaltools.gnu-tools-for-stm32.13.3.rel1.win32_1.0.0.202411081344/tools/bin/../lib/gcc/arm-none-eabi/13.3.1/../../../../arm-none-eabi/lib/thumb/v7-m/nofp\libc_nano.a(libc_a-writer.o)
 .ARM.attributes
                0x00000908       0x2d C:/ST/STM32CubeIDE_1.18.0/STM32CubeIDE/plugins/com.st.stm32cube.ide.mcu.externaltools.gnu-tools-for-stm32.13.3.rel1.win32_1.0.0.202411081344/tools/bin/../lib/gcc/arm-none-eabi/13.3.1/../../../../arm-none-eabi/lib/thumb/v7-m/nofp\libc_nano.a(libc_a-errno.o)
 .ARM.attributes
                0x00000935       0x2d C:/ST/STM32CubeIDE_1.18.0/STM32CubeIDE/plugins/com.st.stm32cube.ide.mcu.externaltools.gnu-tools-for-stm32.13.3.rel1.win32_1.0.0.202411081344/tools/bin/../lib/gcc/arm-none-eabi/13.3.1/../../../../arm-none-eabi/lib/thumb/v7-m/nofp\libc_nano.a(libc_a-init.o)
 .ARM.attributes
                0x00000962       0x2d C:/ST/STM32CubeIDE_1.18.0/STM32CubeIDE/plugins/com.st.stm32cube.ide.mcu.externaltools.gnu-tools-for-stm32.13.3.rel1.win32_1.0.0.202411081344/tools/bin/../lib/gcc/arm-none-eabi/13.3.1/../../../../arm-none-eabi/lib/thumb/v7-m/nofp\libc_nano.a(libc_a-lock.o)
 .ARM.attributes
                0x0000098f       0x2d C:/ST/STM32CubeIDE_1.18.0/STM32CubeIDE/plugins/com.st.stm32cube.ide.mcu.externaltools.gnu-tools-for-stm32.13.3.rel1.win32_1.0.0.202411081344/tools/bin/../lib/gcc/arm-none-eabi/13.3.1/../../../../arm-none-eabi/lib/thumb/v7-m/nofp\libc_nano.a(libc_a-freer.o)
 .ARM.attributes
                0x000009bc       0x2d C:/ST/STM32CubeIDE_1.18.0/STM32CubeIDE/plugins/com.st.stm32cube.ide.mcu.externaltools.gnu-tools-for-stm32.13.3.rel1.win32_1.0.0.202411081344/tools/bin/../lib/gcc/arm-none-eabi/13.3.1/../../../../arm-none-eabi/lib/thumb/v7-m/nofp\libc_nano.a(libc_a-mallocr.o)
 .ARM.attributes
                0x000009e9       0x2d C:/ST/STM32CubeIDE_1.18.0/STM32CubeIDE/plugins/com.st.stm32cube.ide.mcu.externaltools.gnu-tools-for-stm32.13.3.rel1.win32_1.0.0.202411081344/tools/bin/../lib/gcc/arm-none-eabi/13.3.1/../../../../arm-none-eabi/lib/thumb/v7-m/nofp\libc_nano.a(libc_a-mlock.o)
 .ARM.attributes
                0x00000a16       0x2d C:/ST/STM32CubeIDE_1.18.0/STM32CubeIDE/plugins/com.st.stm32cube.ide.mcu.externaltools.gnu-tools-for-stm32.13.3.rel1.win32_1.0.0.202411081344/tools/bin/../lib/gcc/arm-none-eabi/13.3.1/../../../../arm-none-eabi/lib/thumb/v7-m/nofp\libc_nano.a(libc_a-nano-vfprintf.o)
 .ARM.attributes
                0x00000a43       0x2d C:/ST/STM32CubeIDE_1.18.0/STM32CubeIDE/plugins/com.st.stm32cube.ide.mcu.externaltools.gnu-tools-for-stm32.13.3.rel1.win32_1.0.0.202411081344/tools/bin/../lib/gcc/arm-none-eabi/13.3.1/../../../../arm-none-eabi/lib/thumb/v7-m/nofp\libc_nano.a(libc_a-nano-vfprintf_i.o)
 .ARM.attributes
                0x00000a70       0x2d C:/ST/STM32CubeIDE_1.18.0/STM32CubeIDE/plugins/com.st.stm32cube.ide.mcu.externaltools.gnu-tools-for-stm32.13.3.rel1.win32_1.0.0.202411081344/tools/bin/../lib/gcc/arm-none-eabi/13.3.1/../../../../arm-none-eabi/lib/thumb/v7-m/nofp\libc_nano.a(libc_a-fflush.o)
 .ARM.attributes
                0x00000a9d       0x2d C:/ST/STM32CubeIDE_1.18.0/STM32CubeIDE/plugins/com.st.stm32cube.ide.mcu.externaltools.gnu-tools-for-stm32.13.3.rel1.win32_1.0.0.202411081344/tools/bin/../lib/gcc/arm-none-eabi/13.3.1/../../../../arm-none-eabi/lib/thumb/v7-m/nofp\libc_nano.a(libc_a-makebuf.o)
 .ARM.attributes
                0x00000aca       0x2d C:/ST/STM32CubeIDE_1.18.0/STM32CubeIDE/plugins/com.st.stm32cube.ide.mcu.externaltools.gnu-tools-for-stm32.13.3.rel1.win32_1.0.0.202411081344/tools/bin/../lib/gcc/arm-none-eabi/13.3.1/../../../../arm-none-eabi/lib/thumb/v7-m/nofp\libc_nano.a(libc_a-fstatr.o)
 .ARM.attributes
                0x00000af7       0x2d C:/ST/STM32CubeIDE_1.18.0/STM32CubeIDE/plugins/com.st.stm32cube.ide.mcu.externaltools.gnu-tools-for-stm32.13.3.rel1.win32_1.0.0.202411081344/tools/bin/../lib/gcc/arm-none-eabi/13.3.1/../../../../arm-none-eabi/lib/thumb/v7-m/nofp\libc_nano.a(libc_a-isattyr.o)
 .ARM.attributes
                0x00000b24       0x2d C:/ST/STM32CubeIDE_1.18.0/STM32CubeIDE/plugins/com.st.stm32cube.ide.mcu.externaltools.gnu-tools-for-stm32.13.3.rel1.win32_1.0.0.202411081344/tools/bin/../lib/gcc/arm-none-eabi/13.3.1/../../../../arm-none-eabi/lib/thumb/v7-m/nofp\libc_nano.a(libc_a-sbrkr.o)
 .ARM.attributes
                0x00000b51       0x2d C:/ST/STM32CubeIDE_1.18.0/STM32CubeIDE/plugins/com.st.stm32cube.ide.mcu.externaltools.gnu-tools-for-stm32.13.3.rel1.win32_1.0.0.202411081344/tools/bin/../lib/gcc/arm-none-eabi/13.3.1/../../../../arm-none-eabi/lib/thumb/v7-m/nofp\libc_nano.a(libc_a-memchr-stub.o)
 .ARM.attributes
                0x00000b7e       0x1d C:/ST/STM32CubeIDE_1.18.0/STM32CubeIDE/plugins/com.st.stm32cube.ide.mcu.externaltools.gnu-tools-for-stm32.13.3.rel1.win32_1.0.0.202411081344/tools/bin/../lib/gcc/arm-none-eabi/13.3.1/thumb/v7-m/nofp/crtn.o
OUTPUT(DriveCoreMCU.elf elf32-littlearm)
LOAD linker stubs
LOAD C:/ST/STM32CubeIDE_1.18.0/STM32CubeIDE/plugins/com.st.stm32cube.ide.mcu.externaltools.gnu-tools-for-stm32.13.3.rel1.win32_1.0.0.202411081344/tools/bin/../lib/gcc/arm-none-eabi/13.3.1/../../../../arm-none-eabi/lib/thumb/v7-m/nofp\libc.a
LOAD C:/ST/STM32CubeIDE_1.18.0/STM32CubeIDE/plugins/com.st.stm32cube.ide.mcu.externaltools.gnu-tools-for-stm32.13.3.rel1.win32_1.0.0.202411081344/tools/bin/../lib/gcc/arm-none-eabi/13.3.1/../../../../arm-none-eabi/lib/thumb/v7-m/nofp\libm.a
LOAD C:/ST/STM32CubeIDE_1.18.0/STM32CubeIDE/plugins/com.st.stm32cube.ide.mcu.externaltools.gnu-tools-for-stm32.13.3.rel1.win32_1.0.0.202411081344/tools/bin/../lib/gcc/arm-none-eabi/13.3.1/thumb/v7-m/nofp\libgcc.a

.debug_info     0x00000000    0x156ca
 .debug_info    0x00000000      0x2c2 ./src/application/ap.o
 .debug_info    0x000002c2      0x58a ./src/bsp/bsp.o
 .debug_info    0x0000084c      0x1f8 ./src/bsp/stm32f1xx_hal_msp.o
 .debug_info    0x00000a44      0x9d5 ./src/bsp/stm32f1xx_it.o
 .debug_info    0x00001419      0x6a3 ./src/bsp/syscalls.o
 .debug_info    0x00001abc      0x168 ./src/bsp/sysmem.o
 .debug_info    0x00001c24      0x21b ./src/bsp/system_stm32f1xx.o
 .debug_info    0x00001e3f       0x30 ./src/bsp/startup/startup_stm32f103rbtx.o
 .debug_info    0x00001e6f      0x2a1 ./src/common/core/qbuffer.o
 .debug_info    0x00002110      0x86e ./src/hw/driver/can.o
 .debug_info    0x0000297e      0x487 ./src/hw/driver/flash.o
 .debug_info    0x00002e05      0x31f ./src/hw/driver/led.o
 .debug_info    0x00003124      0xc19 ./src/hw/driver/motor.o
 .debug_info    0x00003d3d      0x1c3 ./src/hw/driver/reset.o
 .debug_info    0x00003f00      0x549 ./src/hw/driver/rtc.o
 .debug_info    0x00004449      0xdd9 ./src/hw/driver/uart.o
 .debug_info    0x00005222      0x10f ./src/hw/hw.o
 .debug_info    0x00005331     0x178e ./src/lib/FreeRTOS/Source/CMSIS_RTOS/cmsis_os.o
 .debug_info    0x00006abf      0x2af ./src/lib/FreeRTOS/Source/list.o
 .debug_info    0x00006d6e     0x1e8e ./src/lib/FreeRTOS/Source/tasks.o
 .debug_info    0x00008bfc      0x494 ./src/lib/FreeRTOS/Source/portable/GCC/ARM_CM3/port.o
 .debug_info    0x00009090      0x4d5 ./src/lib/FreeRTOS/Source/portable/MemMang/heap_4.o
 .debug_info    0x00009565      0x704 ./src/lib/cube_f103xx/Drivers/STM32F1xx_HAL_Driver/Src/stm32f1xx_hal.o
 .debug_info    0x00009c69      0xf13 ./src/lib/cube_f103xx/Drivers/STM32F1xx_HAL_Driver/Src/stm32f1xx_hal_can.o
 .debug_info    0x0000ab7c      0xa87 ./src/lib/cube_f103xx/Drivers/STM32F1xx_HAL_Driver/Src/stm32f1xx_hal_cortex.o
 .debug_info    0x0000b603      0x6d2 ./src/lib/cube_f103xx/Drivers/STM32F1xx_HAL_Driver/Src/stm32f1xx_hal_dma.o
 .debug_info    0x0000bcd5      0x5ab ./src/lib/cube_f103xx/Drivers/STM32F1xx_HAL_Driver/Src/stm32f1xx_hal_gpio.o
 .debug_info    0x0000c280      0x628 ./src/lib/cube_f103xx/Drivers/STM32F1xx_HAL_Driver/Src/stm32f1xx_hal_pwr.o
 .debug_info    0x0000c8a8      0x7d5 ./src/lib/cube_f103xx/Drivers/STM32F1xx_HAL_Driver/Src/stm32f1xx_hal_rcc.o
 .debug_info    0x0000d07d      0x3c0 ./src/lib/cube_f103xx/Drivers/STM32F1xx_HAL_Driver/Src/stm32f1xx_hal_rcc_ex.o
 .debug_info    0x0000d43d      0xc73 ./src/lib/cube_f103xx/Drivers/STM32F1xx_HAL_Driver/Src/stm32f1xx_hal_rtc.o
 .debug_info    0x0000e0b0      0x6a7 ./src/lib/cube_f103xx/Drivers/STM32F1xx_HAL_Driver/Src/stm32f1xx_hal_rtc_ex.o
 .debug_info    0x0000e757     0x2959 ./src/lib/cube_f103xx/Drivers/STM32F1xx_HAL_Driver/Src/stm32f1xx_hal_tim.o
 .debug_info    0x000110b0     0x149b ./src/lib/cube_f103xx/Drivers/STM32F1xx_HAL_Driver/Src/stm32f1xx_hal_tim_ex.o
 .debug_info    0x0001254b     0x2eed ./src/lib/cube_f103xx/Drivers/STM32F1xx_HAL_Driver/Src/stm32f1xx_hal_uart.o
 .debug_info    0x00015438      0x292 ./src/main.o

.debug_abbrev   0x00000000     0x44e9
 .debug_abbrev  0x00000000      0x192 ./src/application/ap.o
 .debug_abbrev  0x00000192      0x228 ./src/bsp/bsp.o
 .debug_abbrev  0x000003ba       0xdb ./src/bsp/stm32f1xx_hal_msp.o
 .debug_abbrev  0x00000495      0x1e1 ./src/bsp/stm32f1xx_it.o
 .debug_abbrev  0x00000676      0x1b6 ./src/bsp/syscalls.o
 .debug_abbrev  0x0000082c       0xbc ./src/bsp/sysmem.o
 .debug_abbrev  0x000008e8      0x13f ./src/bsp/system_stm32f1xx.o
 .debug_abbrev  0x00000a27       0x24 ./src/bsp/startup/startup_stm32f103rbtx.o
 .debug_abbrev  0x00000a4b      0x108 ./src/common/core/qbuffer.o
 .debug_abbrev  0x00000b53      0x232 ./src/hw/driver/can.o
 .debug_abbrev  0x00000d85      0x17a ./src/hw/driver/flash.o
 .debug_abbrev  0x00000eff      0x198 ./src/hw/driver/led.o
 .debug_abbrev  0x00001097      0x289 ./src/hw/driver/motor.o
 .debug_abbrev  0x00001320      0x113 ./src/hw/driver/reset.o
 .debug_abbrev  0x00001433      0x1d7 ./src/hw/driver/rtc.o
 .debug_abbrev  0x0000160a      0x2fc ./src/hw/driver/uart.o
 .debug_abbrev  0x00001906       0x9a ./src/hw/hw.o
 .debug_abbrev  0x000019a0      0x39c ./src/lib/FreeRTOS/Source/CMSIS_RTOS/cmsis_os.o
 .debug_abbrev  0x00001d3c       0xf5 ./src/lib/FreeRTOS/Source/list.o
 .debug_abbrev  0x00001e31      0x369 ./src/lib/FreeRTOS/Source/tasks.o
 .debug_abbrev  0x0000219a      0x258 ./src/lib/FreeRTOS/Source/portable/GCC/ARM_CM3/port.o
 .debug_abbrev  0x000023f2      0x21d ./src/lib/FreeRTOS/Source/portable/MemMang/heap_4.o