Archive member included to satisfy reference by file (symbol)

C:/ST/STM32CubeIDE_1.18.0/STM32CubeIDE/plugins/com.st.stm32cube.ide.mcu.externaltools.gnu-tools-for-stm32.13.3.rel1.win32_1.0.0.202411081344/tools/bin/../lib/gcc/arm-none-eabi/13.3.1/../../../../arm-none-eabi/lib/thumb/v7-m/nofp\libc_nano.a(libc_a-exit.o)
                              C:/ST/STM32CubeIDE_1.18.0/STM32CubeIDE/plugins/com.st.stm32cube.ide.mcu.externaltools.gnu-tools-for-stm32.13.3.rel1.win32_1.0.0.202411081344/tools/bin/../lib/gcc/arm-none-eabi/13.3.1/../../../../arm-none-eabi/lib/thumb/v7-m/nofp/crt0.o (exit)
C:/ST/STM32CubeIDE_1.18.0/STM32CubeIDE/plugins/com.st.stm32cube.ide.mcu.externaltools.gnu-tools-for-stm32.13.3.rel1.win32_1.0.0.202411081344/tools/bin/../lib/gcc/arm-none-eabi/13.3.1/../../../../arm-none-eabi/lib/thumb/v7-m/nofp\libc_nano.a(libc_a-findfp.o)
                              C:/ST/STM32CubeIDE_1.18.0/STM32CubeIDE/plugins/com.st.stm32cube.ide.mcu.externaltools.gnu-tools-for-stm32.13.3.rel1.win32_1.0.0.202411081344/tools/bin/../lib/gcc/arm-none-eabi/13.3.1/../../../../arm-none-eabi/lib/thumb/v7-m/nofp\libc_nano.a(libc_a-exit.o) (__stdio_exit_handler)
C:/ST/STM32CubeIDE_1.18.0/STM32CubeIDE/plugins/com.st.stm32cube.ide.mcu.externaltools.gnu-tools-for-stm32.13.3.rel1.win32_1.0.0.202411081344/tools/bin/../lib/gcc/arm-none-eabi/13.3.1/../../../../arm-none-eabi/lib/thumb/v7-m/nofp\libc_nano.a(libc_a-fwalk.o)
                              C:/ST/STM32CubeIDE_1.18.0/STM32CubeIDE/plugins/com.st.stm32cube.ide.mcu.externaltools.gnu-tools-for-stm32.13.3.rel1.win32_1.0.0.202411081344/tools/bin/../lib/gcc/arm-none-eabi/13.3.1/../../../../arm-none-eabi/lib/thumb/v7-m/nofp\libc_nano.a(libc_a-findfp.o) (_fwalk_sglue)
C:/ST/STM32CubeIDE_1.18.0/STM32CubeIDE/plugins/com.st.stm32cube.ide.mcu.externaltools.gnu-tools-for-stm32.13.3.rel1.win32_1.0.0.202411081344/tools/bin/../lib/gcc/arm-none-eabi/13.3.1/../../../../arm-none-eabi/lib/thumb/v7-m/nofp\libc_nano.a(libc_a-printf.o)
                              ./src/application/ap.o (printf)
C:/ST/STM32CubeIDE_1.18.0/STM32CubeIDE/plugins/com.st.stm32cube.ide.mcu.externaltools.gnu-tools-for-stm32.13.3.rel1.win32_1.0.0.202411081344/tools/bin/../lib/gcc/arm-none-eabi/13.3.1/../../../../arm-none-eabi/lib/thumb/v7-m/nofp\libc_nano.a(libc_a-puts.o)
                              ./src/application/ap.o (puts)
C:/ST/STM32CubeIDE_1.18.0/STM32CubeIDE/plugins/com.st.stm32cube.ide.mcu.externaltools.gnu-tools-for-stm32.13.3.rel1.win32_1.0.0.202411081344/tools/bin/../lib/gcc/arm-none-eabi/13.3.1/../../../../arm-none-eabi/lib/thumb/v7-m/nofp\libc_nano.a(libc_a-stdio.o)
                              C:/ST/STM32CubeIDE_1.18.0/STM32CubeIDE/plugins/com.st.stm32cube.ide.mcu.externaltools.gnu-tools-for-stm32.13.3.rel1.win32_1.0.0.202411081344/tools/bin/../lib/gcc/arm-none-eabi/13.3.1/../../../../arm-none-eabi/lib/thumb/v7-m/nofp\libc_nano.a(libc_a-findfp.o) (__sread)
C:/ST/STM32CubeIDE_1.18.0/STM32CubeIDE/plugins/com.st.stm32cube.ide.mcu.externaltools.gnu-tools-for-stm32.13.3.rel1.win32_1.0.0.202411081344/tools/bin/../lib/gcc/arm-none-eabi/13.3.1/../../../../arm-none-eabi/lib/thumb/v7-m/nofp\libc_nano.a(libc_a-vsnprintf.o)
                              ./src/hw/driver/uart.o (vsnprintf)
C:/ST/STM32CubeIDE_1.18.0/STM32CubeIDE/plugins/com.st.stm32cube.ide.mcu.externaltools.gnu-tools-for-stm32.13.3.rel1.win32_1.0.0.202411081344/tools/bin/../lib/gcc/arm-none-eabi/13.3.1/../../../../arm-none-eabi/lib/thumb/v7-m/nofp\libc_nano.a(libc_a-wbuf.o)
                              C:/ST/STM32CubeIDE_1.18.0/STM32CubeIDE/plugins/com.st.stm32cube.ide.mcu.externaltools.gnu-tools-for-stm32.13.3.rel1.win32_1.0.0.202411081344/tools/bin/../lib/gcc/arm-none-eabi/13.3.1/../../../../arm-none-eabi/lib/thumb/v7-m/nofp\libc_nano.a(libc_a-puts.o) (__swbuf_r)
C:/ST/STM32CubeIDE_1.18.0/STM32CubeIDE/plugins/com.st.stm32cube.ide.mcu.externaltools.gnu-tools-for-stm32.13.3.rel1.win32_1.0.0.202411081344/tools/bin/../lib/gcc/arm-none-eabi/13.3.1/../../../../arm-none-eabi/lib/thumb/v7-m/nofp\libc_nano.a(libc_a-wsetup.o)
                              C:/ST/STM32CubeIDE_1.18.0/STM32CubeIDE/plugins/com.st.stm32cube.ide.mcu.externaltools.gnu-tools-for-stm32.13.3.rel1.win32_1.0.0.202411081344/tools/bin/../lib/gcc/arm-none-eabi/13.3.1/../../../../arm-none-eabi/lib/thumb/v7-m/nofp\libc_nano.a(libc_a-puts.o) (__swsetup_r)
C:/ST/STM32CubeIDE_1.18.0/STM32CubeIDE/plugins/com.st.stm32cube.ide.mcu.externaltools.gnu-tools-for-stm32.13.3.rel1.win32_1.0.0.202411081344/tools/bin/../lib/gcc/arm-none-eabi/13.3.1/../../../../arm-none-eabi/lib/thumb/v7-m/nofp\libc_nano.a(libc_a-memset.o)
                              C:/ST/STM32CubeIDE_1.18.0/STM32CubeIDE/plugins/com.st.stm32cube.ide.mcu.externaltools.gnu-tools-for-stm32.13.3.rel1.win32_1.0.0.202411081344/tools/bin/../lib/gcc/arm-none-eabi/13.3.1/../../../../arm-none-eabi/lib/thumb/v7-m/nofp/crt0.o (memset)
[...]
Memory Configuration

Name             Origin             Length             Attributes
RAM              0x20000000         0x00005000         xrw
FLASH            0x08000000         0x00020000         xr
*default*        0x00000000         0xffffffff

Linker script and memory map

LOAD C:/ST/STM32CubeIDE_1.18.0/STM32CubeIDE/plugins/com.st.stm32cube.ide.mcu.externaltools.gnu-tools-for-stm32.13.3.rel1.win32_1.0.0.202411081344/tools/bin/../lib/gcc/arm-none-eabi/13.3.1/thumb/v7-m/nofp/crti.o
LOAD C:/ST/STM32CubeIDE_1.18.0/STM32CubeIDE/plugins/com.st.stm32cube.ide.mcu.externaltools.gnu-tools-for-stm32.13.3.rel1.win32_1.0.0.202411081344/tools/bin/../lib/gcc/arm-none-eabi/13.3.1/thumb/v7-m/nofp/crtbegin.o
LOAD C:/ST/STM32CubeIDE_1.18.0/STM32CubeIDE/plugins/com.st.stm32cube.ide.mcu.externaltools.gnu-tools-for-stm32.13.3.rel1.win32_1.0.0.202411081344/tools/bin/../lib/gcc/arm-none-eabi/13.3.1/../../../../arm-none-eabi/lib/thumb/v7-m/nofp/crt0.o
LOAD ./src/application/ap.o
LOAD ./src/bsp/bsp.o
LOAD ./src/bsp/stm32f1xx_hal_msp.o
LOAD ./src/bsp/stm32f1xx_it.o
LOAD ./src/bsp/syscalls.o
LOAD ./src/bsp/sysmem.o
LOAD ./src/bsp/system_stm32f1xx.o
LOAD ./src/bsp/startup/startup_stm32f103rbtx.o
LOAD ./src/common/core/qbuffer.o
LOAD ./src/hw/driver/flash.o
LOAD ./src/hw/driver/led.o
LOAD ./src/hw/driver/reset.o
LOAD ./src/hw/driver/rtc.o
LOAD ./src/hw/driver/uart.o
LOAD ./src/hw/hw.o
LOAD ./src/lib/FreeRTOS/Source/CMSIS_RTOS/cmsis_os.o
LOAD ./src/lib/FreeRTOS/Source/croutine.o
LOAD ./src/lib/FreeRTOS/Source/event_groups.o
LOAD ./src/lib/FreeRTOS/Source/list.o
LOAD ./src/lib/FreeRTOS/Source/queue.o
LOAD ./src/lib/FreeRTOS/Source/stream_buffer.o
LOAD ./src/lib/FreeRTOS/Source/tasks.o
LOAD ./src/lib/FreeRTOS/Source/timers.o
LOAD ./src/lib/FreeRTOS/Source/portable/GCC/ARM_CM3/port.o
LOAD ./src/lib/FreeRTOS/Source/portable/MemMang/heap_4.o
LOAD ./src/lib/cube_f103xx/Drivers/STM32F1xx_HAL_Driver/Src/stm32f1xx_hal.o
LOAD ./src/lib/cube_f103xx/Drivers/STM32F1xx_HAL_Driver/Src/stm32f1xx_hal_cortex.o
LOAD ./src/lib/cube_f103xx/Drivers/STM32F1xx_HAL_Driver/Src/stm32f1xx_hal_dma.o
LOAD ./src/lib/cube_f103xx/Drivers/STM32F1xx_HAL_Driver/Src/stm32f1xx_hal_exti.o
LOAD ./src/lib/cube_f103xx/Drivers/STM32F1xx_HAL_Driver/Src/stm32f1xx_hal_flash.o
LOAD ./src/lib/cube_f103xx/Drivers/STM32F1xx_HAL_Driver/Src/stm32f1xx_hal_flash_ex.o
LOAD ./src/lib/cube_f103xx/Drivers/STM32F1xx_HAL_Driver/Src/stm32f1xx_hal_gpio.o
LOAD ./src/lib/cube_f103xx/Drivers/STM32F1xx_HAL_Driver/Src/stm32f1xx_hal_gpio_ex.o
LOAD ./src/lib/cube_f103xx/Drivers/STM32F1xx_HAL_Driver/Src/stm32f1xx_hal_pwr.o
LOAD ./src/lib/cube_f103xx/Drivers/STM32F1xx_HAL_Driver/Src/stm32f1xx_hal_rcc.o
LOAD ./src/lib/cube_f103xx/Drivers/STM32F1xx_HAL_Driver/Src/stm32f1xx_hal_rcc_ex.o
LOAD ./src/lib/cube_f103xx/Drivers/STM32F1xx_HAL_Driver/Src/stm32f1xx_hal_rtc.o
LOAD ./src/lib/cube_f103xx/Drivers/STM32F1xx_HAL_Driver/Src/stm32f1xx_hal_rtc_ex.o
LOAD ./src/lib/cube_f103xx/Drivers/STM32F1xx_HAL_Driver/Src/stm32f1xx_hal_uart.o
LOAD ./src/main.o
START GROUP
LOAD C:/ST/STM32CubeIDE_1.18.0/STM32CubeIDE/plugins/com.st.stm32cube.ide.mcu.externaltools.gnu-tools-for-stm32.13.3.rel1.win32_1.0.0.202411081344/tools/bin/../lib/gcc/arm-none-eabi/13.3.1/../../../../arm-none-eabi/lib/thumb/v7-m/nofp\libc_nano.a
LOAD C:/ST/STM32CubeIDE_1.18.0/STM32CubeIDE/plugins/com.st.stm32cube.ide.mcu.externaltools.gnu-tools-for-stm32.13.3.rel1.win32_1.0.0.202411081344/tools/bin/../lib/gcc/arm-none-eabi/13.3.1/../../../../arm-none-eabi/lib/thumb/v7-m/nofp\libm.a
END GROUP
START GROUP
LOAD C:/ST/STM32CubeIDE_1.18.0/STM32CubeIDE/plugins/com.st.stm32cube.ide.mcu.externaltools.gnu-tools-for-stm32.13.3.rel1.win32_1.0.0.202411081344/tools/bin/../lib/gcc/arm-none-eabi/13.3.1/thumb/v7-m/nofp\libgcc.a
LOAD C:/ST/STM32CubeIDE_1.18.0/STM32CubeIDE/plugins/com.st.stm32cube.ide.mcu.externaltools.gnu-tools-for-stm32.13.3.rel1.win32_1.0.0.202411081344/tools/bin/../lib/gcc/arm-none-eabi/13.3.1/../../../../arm-none-eabi/lib/thumb/v7-m/nofp\libc_nano.a
END GROUP
START GROUP
LOAD C:/ST/STM32CubeIDE_1.18.0/STM32CubeIDE/plugins/com.st.stm32cube.ide.mcu.externaltools.gnu-tools-for-stm32.13.3.rel1.win32_1.0.0.202411081344/tools/bin/../lib/gcc/arm-none-eabi/13.3.1/thumb/v7-m/nofp\libgcc.a
LOAD C:/ST/STM32CubeIDE_1.18.0/STM32CubeIDE/plugins/com.st.stm32cube.ide.mcu.externaltools.gnu-tools-for-stm32.13.3.rel1.win32_1.0.0.202411081344/tools/bin/../lib/gcc/arm-none-eabi/13.3.1/../../../../arm-none-eabi/lib/thumb/v7-m/nofp\libc_nano.a
LOAD C:/ST/STM32CubeIDE_1.18.0/STM32CubeIDE/plugins/com.st.stm32cube.ide.mcu.externaltools.gnu-tools-for-stm32.13.3.rel1.win32_1.0.0.202411081344/tools/bin/../lib/gcc/arm-none-eabi/13.3.1/../../../../arm-none-eabi/lib/thumb/v7-m/nofp\libnosys.a
END GROUP
START GROUP
LOAD C:/ST/STM32CubeIDE_1.18.0/STM32CubeIDE/plugins/com.st.stm32cube.ide.mcu.externaltools.gnu-tools-for-stm32.13.3.rel1.win32_1.0.0.202411081344/tools/bin/../lib/gcc/arm-none-eabi/13.3.1/thumb/v7-m/nofp\libgcc.a
LOAD C:/ST/STM32CubeIDE_1.18.0/STM32CubeIDE/plugins/com.st.stm32cube.ide.mcu.externaltools.gnu-tools-for-stm32.13.3.rel1.win32_1.0.0.202411081344/tools/bin/../lib/gcc/arm-none-eabi/13.3.1/../../../../arm-none-eabi/lib/thumb/v7-m/nofp\libc_nano.a
LOAD C:/ST/STM32CubeIDE_1.18.0/STM32CubeIDE/plugins/com.st.stm32cube.ide.mcu.externaltools.gnu-tools-for-stm32.13.3.rel1.win32_1.0.0.202411081344/tools/bin/../lib/gcc/arm-none-eabi/13.3.1/../../../../arm-none-eabi/lib/thumb/v7-m/nofp\libnosys.a
END GROUP
LOAD C:/ST/STM32CubeIDE_1.18.0/STM32CubeIDE/plugins/com.st.stm32cube.ide.mcu.externaltools.gnu-tools-for-stm32.13.3.rel1.win32_1.0.0.202411081344/tools/bin/../lib/gcc/arm-none-eabi/13.3.1/thumb/v7-m/nofp/crtend.o
LOAD C:/ST/STM32CubeIDE_1.18.0/STM32CubeIDE/plugins/com.st.stm32cube.ide.mcu.externaltools.gnu-tools-for-stm32.13.3.rel1.win32_1.0.0.202411081344/tools/bin/../lib/gcc/arm-none-eabi/13.3.1/thumb/v7-m/nofp/crtn.o
                0x20005000                        _estack = (ORIGIN (RAM) + LENGTH (RAM))
                0x00000200                        _Min_Heap_Size = 0x200
                0x00000400                        _Min_Stack_Size = 0x400

.isr_vector     0x08000000      0x10c
                0x08000000                        . = ALIGN (0x4)
 *(.isr_vector)
 .isr_vector    0x08000000      0x10c ./src/bsp/startup/startup_stm32f103rbtx.o
                0x08000000                g_pfnVectors
                0x0800010c                        . = ALIGN (0x4)

.text           0x08000110     0x5f84
                0x08000110                        . = ALIGN (0x4)
 *(.text)
 .text          0x08000110       0x40 C:/ST/STM32CubeIDE_1.18.0/STM32CubeIDE/plugins/com.st.stm32cube.ide.mcu.externaltools.gnu-tools-for-stm32.13.3.rel1.win32_1.0.0.202411081344/tools/bin/../lib/gcc/arm-none-eabi/13.3.1/thumb/v7-m/nofp/crtbegin.o
 *(.text*)
 .text.apInit   0x08000150       0x54 ./src/application/ap.o
                0x08000150                apInit
 .text.apMain   0x080001a4       0x24 ./src/application/ap.o
                0x080001a4                apMain
 .text.threadLed
                0x080001c8       0x1a ./src/application/ap.o
 *fill*         0x080001e2        0x2 
 .text.bspInit  0x080001e4       0x4c ./src/bsp/bsp.o
                0x080001e4                bspInit
 .text.delay    0x08000230       0x28 ./src/bsp/bsp.o
                0x08000230                delay
 .text.mills    0x08000258        0xe ./src/bsp/bsp.o
                0x08000258                mills
 .text.__io_putchar
                0x08000266       0x1e ./src/bsp/bsp.o
                0x08000266                __io_putchar
 .text.SystemClock_Config
                0x08000284       0xba ./src/bsp/bsp.o
                0x08000284                SystemClock_Config
 .text.Error_Handler
                0x0800033e        0xc ./src/bsp/bsp.o
                0x0800033e                Error_Handler
 *fill*         0x0800034a        0x2 
 .text.HAL_MspInit
                0x0800034c       0x64 ./src/bsp/stm32f1xx_hal_msp.o
                0x0800034c                HAL_MspInit
 .text.NMI_Handler
                0x080003b0        0x8 ./src/bsp/stm32f1xx_it.o
                0x080003b0                NMI_Handler
 .text.HardFault_Handler
                0x080003b8        0x8 ./src/bsp/stm32f1xx_it.o
                0x080003b8                HardFault_Handler
 .text.MemManage_Handler
                0x080003c0        0x8 ./src/bsp/stm32f1xx_it.o
                0x080003c0                MemManage_Handler
 .text.BusFault_Handler
                0x080003c8        0x8 ./src/bsp/stm32f1xx_it.o
                0x080003c8                BusFault_Handler
 .text.UsageFault_Handler
                0x080003d0        0x8 ./src/bsp/stm32f1xx_it.o
                0x080003d0                UsageFault_Handler
 .text.DebugMon_Handler
                0x080003d8        0xc ./src/bsp/stm32f1xx_it.o
                0x080003d8                DebugMon_Handler
 .text.SysTick_Handler
                0x080003e4       0x10 ./src/bsp/stm32f1xx_it.o
                0x080003e4                SysTick_Handler
 .text.DMA1_Channel5_IRQHandler
                0x080003f4       0x14 ./src/bsp/stm32f1xx_it.o
                0x080003f4                DMA1_Channel5_IRQHandler
 .text.USART1_IRQHandler
                0x08000408       0x14 ./src/bsp/stm32f1xx_it.o
                0x08000408                USART1_IRQHandler
 .text._read    0x0800041c       0x3a ./src/bsp/syscalls.o
                0x0800041c                _read
 .text._write   0x08000456       0x38 ./src/bsp/syscalls.o
                0x08000456                _write
 .text._close   0x0800048e       0x16 ./src/bsp/syscalls.o
                0x0800048e                _close
 .text._fstat   0x080004a4       0x1e ./src/bsp/syscalls.o
                0x080004a4                _fstat
 .text._isatty  0x080004c2       0x14 ./src/bsp/syscalls.o
                0x080004c2                _isatty
 .text._lseek   0x080004d6       0x18 ./src/bsp/syscalls.o
                0x080004d6                _lseek
 *fill*         0x080004ee        0x2 
 .text._sbrk    0x080004f0       0x6c ./src/bsp/sysmem.o
                0x080004f0                _sbrk
 .text.SystemInit
                0x0800055c        0xc ./src/bsp/system_stm32f1xx.o
                0x0800055c                SystemInit
 .text.Reset_Handler
                0x08000568       0x48 ./src/bsp/startup/startup_stm32f103rbtx.o
                0x08000568                Reset_Handler
 .text.Default_Handler
                0x080005b0        0x2 ./src/bsp/startup/startup_stm32f103rbtx.o
                0x080005b0                RTC_Alarm_IRQHandler
                0x080005b0                EXTI2_IRQHandler
                0x080005b0                TIM1_CC_IRQHandler
                0x080005b0                PVD_IRQHandler
                0x080005b0                EXTI3_IRQHandler
                0x080005b0                EXTI0_IRQHandler
                0x080005b0                I2C2_EV_IRQHandler
                0x080005b0                ADC1_2_IRQHandler
                0x080005b0                SPI1_IRQHandler
                0x080005b0                TAMPER_IRQHandler
                0x080005b0                DMA1_Channel4_IRQHandler
                0x080005b0                USART3_IRQHandler
                0x080005b0                RTC_IRQHandler
                0x080005b0                DMA1_Channel7_IRQHandler
                0x080005b0                CAN1_RX1_IRQHandler
                0x080005b0                TIM4_IRQHandler
                0x080005b0                I2C1_EV_IRQHandler
                0x080005b0                DMA1_Channel6_IRQHandler
                0x080005b0                TIM3_IRQHandler
                0x080005b0                RCC_IRQHandler
                0x080005b0                TIM1_TRG_COM_IRQHandler
                0x080005b0                DMA1_Channel1_IRQHandler
                0x080005b0                Default_Handler
                0x080005b0                EXTI15_10_IRQHandler
                0x080005b0                EXTI9_5_IRQHandler
                0x080005b0                SPI2_IRQHandler
                0x080005b0                EXTI4_IRQHandler
                0x080005b0                USB_LP_CAN1_RX0_IRQHandler
                0x080005b0                USB_HP_CAN1_TX_IRQHandler
                0x080005b0                DMA1_Channel3_IRQHandler
                0x080005b0                TIM1_UP_IRQHandler
                0x080005b0                WWDG_IRQHandler
                0x080005b0                TIM2_IRQHandler
                0x080005b0                TIM1_BRK_IRQHandler
                0x080005b0                EXTI1_IRQHandler
                0x080005b0                USART2_IRQHandler
                0x080005b0                I2C2_ER_IRQHandler
                0x080005b0                DMA1_Channel2_IRQHandler
                0x080005b0                CAN1_SCE_IRQHandler
                0x080005b0                FLASH_IRQHandler
                0x080005b0                I2C1_ER_IRQHandler
                0x080005b0                USBWakeUp_IRQHandler
 .text.qbufferCreate
                0x080005b2       0x34 ./src/common/core/qbuffer.o
                0x080005b2                qbufferCreate
 *fill*         0x080005e6        0x2 
 .text.flashInit
                0x080005e8       0x48 ./src/hw/driver/flash.o
                0x080005e8                flashInit
 .text.ledInit  0x08000630       0x78 ./src/hw/driver/led.o
                0x08000630                ledInit
 .text.ledOff   0x080006a8       0x40 ./src/hw/driver/led.o
                0x080006a8                ledOff
 .text.ledToggle
                0x080006e8       0x38 ./src/hw/driver/led.o
                0x080006e8                ledToggle
 .text.resetInit
                0x08000720       0x58 ./src/hw/driver/reset.o
                0x08000720                resetInit
 .text.rtcInit  0x08000778       0xbc ./src/hw/driver/rtc.o
                0x08000778                rtcInit
 .text.rtcBackupRegWrite
                0x08000834       0x20 ./src/hw/driver/rtc.o
                0x08000834                rtcBackupRegWrite
 .text.rtcBackupRegRead
                0x08000854       0x20 ./src/hw/driver/rtc.o
                0x08000854                rtcBackupRegRead
 .text.HAL_RTC_MspInit
                0x08000874       0x48 ./src/hw/driver/rtc.o
                0x08000874                HAL_RTC_MspInit
 .text.uartInit
                0x080008bc       0x34 ./src/hw/driver/uart.o
                0x080008bc                uartInit
 .text.uartOpen
                0x080008f0      0x15c ./src/hw/driver/uart.o
                0x080008f0                uartOpen
 .text.uartWrite
                0x08000a4c       0x5c ./src/hw/driver/uart.o
                0x08000a4c                uartWrite
 .text.HAL_UART_RxCpltCallback
                0x08000aa8       0x12 ./src/hw/driver/uart.o
                0x08000aa8                HAL_UART_RxCpltCallback
 *fill*         0x08000aba        0x2 
 .text.HAL_UART_ErrorCallback
                0x08000abc       0x98 ./src/hw/driver/uart.o
                0x08000abc                HAL_UART_ErrorCallback
 .text.HAL_UART_MspInit
                0x08000b54       0xfc ./src/hw/driver/uart.o
                0x08000b54                HAL_UART_MspInit
 .text.HAL_UART_MspDeInit
                0x08000c50       0x4c ./src/hw/driver/uart.o
                0x08000c50                HAL_UART_MspDeInit
 .text.hwInit   0x08000c9c       0x20 ./src/hw/hw.o
                0x08000c9c                hwInit
 .text.makeFreeRtosPriority
                0x08000cbc       0x2e ./src/lib/FreeRTOS/Source/CMSIS_RTOS/cmsis_os.o
 .text.osKernelStart
                0x08000cea        0xe ./src/lib/FreeRTOS/Source/CMSIS_RTOS/cmsis_os.o
                0x08000cea                osKernelStart
 .text.osThreadCreate
                0x08000cf8       0x4e ./src/lib/FreeRTOS/Source/CMSIS_RTOS/cmsis_os.o
                0x08000cf8                osThreadCreate
 .text.osDelay  0x08000d46       0x28 ./src/lib/FreeRTOS/Source/CMSIS_RTOS/cmsis_os.o
                0x08000d46                osDelay
 .text.osSystickHandler
                0x08000d6e       0x16 ./src/lib/FreeRTOS/Source/CMSIS_RTOS/cmsis_os.o
                0x08000d6e                osSystickHandler
 .text.vListInitialise
                0x08000d84       0x3e ./src/lib/FreeRTOS/Source/list.o
                0x08000d84                vListInitialise
 .text.vListInitialiseItem
                0x08000dc2       0x18 ./src/lib/FreeRTOS/Source/list.o
                0x08000dc2                vListInitialiseItem
 .text.vListInsertEnd
                0x08000dda       0x46 ./src/lib/FreeRTOS/Source/list.o
                0x08000dda                vListInsertEnd
 .text.vListInsert
                0x08000e20       0x70 ./src/lib/FreeRTOS/Source/list.o
                0x08000e20                vListInsert
 .text.uxListRemove
                0x08000e90       0x52 ./src/lib/FreeRTOS/Source/list.o
                0x08000e90                uxListRemove
 .text.xTaskCreate
                0x08000ee2       0x82 ./src/lib/FreeRTOS/Source/tasks.o
                0x08000ee2                xTaskCreate
 .text.prvInitialiseNewTask
                0x08000f64      0x120 ./src/lib/FreeRTOS/Source/tasks.o
 .text.prvAddNewTaskToReadyList
                0x08001084       0xdc ./src/lib/FreeRTOS/Source/tasks.o
 .text.vTaskDelay
                0x08001160       0x6c ./src/lib/FreeRTOS/Source/tasks.o
                0x08001160                vTaskDelay
 .text.vTaskStartScheduler
                0x080011cc       0x90 ./src/lib/FreeRTOS/Source/tasks.o
                0x080011cc                vTaskStartScheduler
 .text.vTaskSuspendAll
                0x0800125c       0x1c ./src/lib/FreeRTOS/Source/tasks.o
                0x0800125c                vTaskSuspendAll
 .text.xTaskResumeAll
                0x08001278      0x13c ./src/lib/FreeRTOS/Source/tasks.o
                0x08001278                xTaskResumeAll
 .text.xTaskIncrementTick
                0x080013b4      0x174 ./src/lib/FreeRTOS/Source/tasks.o
                0x080013b4                xTaskIncrementTick
 .text.vTaskSwitchContext
                0x08001528       0xb8 ./src/lib/FreeRTOS/Source/tasks.o
                0x08001528                vTaskSwitchContext
 .text.prvIdleTask
                0x080015e0       0x30 ./src/lib/FreeRTOS/Source/tasks.o
 .text.prvInitialiseTaskLists
                0x08001610       0x80 ./src/lib/FreeRTOS/Source/tasks.o
 .text.prvCheckTasksWaitingTermination
                0x08001690       0x5c ./src/lib/FreeRTOS/Source/tasks.o
 .text.prvDeleteTCB
                0x080016ec       0x20 ./src/lib/FreeRTOS/Source/tasks.o
 .text.prvResetNextTaskUnblockTime
                0x0800170c       0x40 ./src/lib/FreeRTOS/Source/tasks.o
 .text.xTaskGetSchedulerState
                0x0800174c       0x3c ./src/lib/FreeRTOS/Source/tasks.o
                0x0800174c                xTaskGetSchedulerState
 .text.prvAddCurrentTaskToDelayedList
                0x08001788       0xcc ./src/lib/FreeRTOS/Source/tasks.o
 .text.pxPortInitialiseStack
                0x08001854       0x58 ./src/lib/FreeRTOS/Source/portable/GCC/ARM_CM3/port.o
                0x08001854                pxPortInitialiseStack
 .text.prvTaskExitError
                0x080018ac       0x58 ./src/lib/FreeRTOS/Source/portable/GCC/ARM_CM3/port.o
 *fill*         0x08001904        0xc 
 .text.SVC_Handler
                0x08001910       0x28 ./src/lib/FreeRTOS/Source/portable/GCC/ARM_CM3/port.o
                0x08001910                SVC_Handler
 .text.prvPortStartFirstTask
                0x08001938       0x20 ./src/lib/FreeRTOS/Source/portable/GCC/ARM_CM3/port.o
 .text.xPortStartScheduler
                0x08001958       0xe4 ./src/lib/FreeRTOS/Source/portable/GCC/ARM_CM3/port.o
                0x08001958                xPortStartScheduler
 .text.vPortEnterCritical
                0x08001a3c       0x60 ./src/lib/FreeRTOS/Source/portable/GCC/ARM_CM3/port.o
                0x08001a3c                vPortEnterCritical
 .text.vPortExitCritical
                0x08001a9c       0x54 ./src/lib/FreeRTOS/Source/portable/GCC/ARM_CM3/port.o
                0x08001a9c                vPortExitCritical
 .text.PendSV_Handler
                0x08001af0       0x48 ./src/lib/FreeRTOS/Source/portable/GCC/ARM_CM3/port.o
                0x08001af0                PendSV_Handler
 .text.xPortSysTickHandler
                0x08001b38       0x44 ./src/lib/FreeRTOS/Source/portable/GCC/ARM_CM3/port.o
                0x08001b38                xPortSysTickHandler
 .text.vPortSetupTimerInterrupt
                0x08001b7c       0x44 ./src/lib/FreeRTOS/Source/portable/GCC/ARM_CM3/port.o
                0x08001b7c                vPortSetupTimerInterrupt
 .text.pvPortMalloc
                0x08001bc0      0x19c ./src/lib/FreeRTOS/Source/portable/MemMang/heap_4.o
                0x08001bc0                pvPortMalloc
 .text.vPortFree
                0x08001d5c       0xc8 ./src/lib/FreeRTOS/Source/portable/MemMang/heap_4.o
                0x08001d5c                vPortFree
 .text.prvHeapInit
                0x08001e24       0xc4 ./src/lib/FreeRTOS/Source/portable/MemMang/heap_4.o
 .text.prvInsertBlockIntoFreeList
                0x08001ee8       0xb0 ./src/lib/FreeRTOS/Source/portable/MemMang/heap_4.o
 .text.HAL_Init
                0x08001f98       0x2c ./src/lib/cube_f103xx/Drivers/STM32F1xx_HAL_Driver/Src/stm32f1xx_hal.o
                0x08001f98                HAL_Init
 .text.HAL_InitTick
                0x08001fc4       0x60 ./src/lib/cube_f103xx/Drivers/STM32F1xx_HAL_Driver/Src/stm32f1xx_hal.o
                0x08001fc4                HAL_InitTick
 .text.HAL_IncTick
                0x08002024       0x24 ./src/lib/cube_f103xx/Drivers/STM32F1xx_HAL_Driver/Src/stm32f1xx_hal.o
                0x08002024                HAL_IncTick
 .text.HAL_GetTick
                0x08002048       0x14 ./src/lib/cube_f103xx/Drivers/STM32F1xx_HAL_Driver/Src/stm32f1xx_hal.o
                0x08002048                HAL_GetTick
 .text.HAL_Delay
                0x0800205c       0x48 ./src/lib/cube_f103xx/Drivers/STM32F1xx_HAL_Driver/Src/stm32f1xx_hal.o
                0x0800205c                HAL_Delay
 .text.__NVIC_SetPriorityGrouping
                0x080020a4       0x48 ./src/lib/cube_f103xx/Drivers/STM32F1xx_HAL_Driver/Src/stm32f1xx_hal_cortex.o
 .text.__NVIC_GetPriorityGrouping
                0x080020ec       0x1c ./src/lib/cube_f103xx/Drivers/STM32F1xx_HAL_Driver/Src/stm32f1xx_hal_cortex.o
 .text.__NVIC_EnableIRQ
                0x08002108       0x38 ./src/lib/cube_f103xx/Drivers/STM32F1xx_HAL_Driver/Src/stm32f1xx_hal_cortex.o
 .text.__NVIC_DisableIRQ
                0x08002140       0x48 ./src/lib/cube_f103xx/Drivers/STM32F1xx_HAL_Driver/Src/stm32f1xx_hal_cortex.o
 .text.__NVIC_SetPriority
                0x08002188       0x54 ./src/lib/cube_f103xx/Drivers/STM32F1xx_HAL_Driver/Src/stm32f1xx_hal_cortex.o
 .text.NVIC_EncodePriority
                0x080021dc       0x64 ./src/lib/cube_f103xx/Drivers/STM32F1xx_HAL_Driver/Src/stm32f1xx_hal_cortex.o
 .text.SysTick_Config
                0x08002240       0x44 ./src/lib/cube_f103xx/Drivers/STM32F1xx_HAL_Driver/Src/stm32f1xx_hal_cortex.o
 .text.HAL_NVIC_SetPriorityGrouping
                0x08002284       0x16 ./src/lib/cube_f103xx/Drivers/STM32F1xx_HAL_Driver/Src/stm32f1xx_hal_cortex.o
                0x08002284                HAL_NVIC_SetPriorityGrouping
 .text.HAL_NVIC_SetPriority
                0x0800229a       0x38 ./src/lib/cube_f103xx/Drivers/STM32F1xx_HAL_Driver/Src/stm32f1xx_hal_cortex.o
                0x0800229a                HAL_NVIC_SetPriority
 .text.HAL_NVIC_EnableIRQ
                0x080022d2       0x1c ./src/lib/cube_f103xx/Drivers/STM32F1xx_HAL_Driver/Src/stm32f1xx_hal_cortex.o
                0x080022d2                HAL_NVIC_EnableIRQ
 .text.HAL_NVIC_DisableIRQ
                0x080022ee       0x1c ./src/lib/cube_f103xx/Drivers/STM32F1xx_HAL_Driver/Src/stm32f1xx_hal_cortex.o
                0x080022ee                HAL_NVIC_DisableIRQ
 .text.HAL_SYSTICK_Config
                0x0800230a       0x18 ./src/lib/cube_f103xx/Drivers/STM32F1xx_HAL_Driver/Src/stm32f1xx_hal_cortex.o
                0x0800230a                HAL_SYSTICK_Config
 *fill*         0x08002322        0x2 
 .text.HAL_DMA_Init
                0x08002324       0xb4 ./src/lib/cube_f103xx/Drivers/STM32F1xx_HAL_Driver/Src/stm32f1xx_hal_dma.o
                0x08002324                HAL_DMA_Init
 .text.HAL_DMA_DeInit
                0x080023d8       0xb8 ./src/lib/cube_f103xx/Drivers/STM32F1xx_HAL_Driver/Src/stm32f1xx_hal_dma.o
                0x080023d8                HAL_DMA_DeInit
 .text.HAL_DMA_Start_IT
                0x08002490       0xc0 ./src/lib/cube_f103xx/Drivers/STM32F1xx_HAL_Driver/Src/stm32f1xx_hal_dma.o
                0x08002490                HAL_DMA_Start_IT
 .text.HAL_DMA_Abort
                0x08002550       0x76 ./src/lib/cube_f103xx/Drivers/STM32F1xx_HAL_Driver/Src/stm32f1xx_hal_dma.o
                0x08002550                HAL_DMA_Abort
 *fill*         0x080025c6        0x2 
 .text.HAL_DMA_Abort_IT
                0x080025c8       0xf0 ./src/lib/cube_f103xx/Drivers/STM32F1xx_HAL_Driver/Src/stm32f1xx_hal_dma.o
                0x080025c8                HAL_DMA_Abort_IT
 .text.HAL_DMA_IRQHandler
                0x080026b8      0x20c ./src/lib/cube_f103xx/Drivers/STM32F1xx_HAL_Driver/Src/stm32f1xx_hal_dma.o
                0x080026b8                HAL_DMA_IRQHandler
 .text.DMA_SetConfig
                0x080028c4       0x5a ./src/lib/cube_f103xx/Drivers/STM32F1xx_HAL_Driver/Src/stm32f1xx_hal_dma.o
 *fill*         0x0800291e        0x2 
 .text.HAL_GPIO_Init
                0x08002920      0x308 ./src/lib/cube_f103xx/Drivers/STM32F1xx_HAL_Driver/Src/stm32f1xx_hal_gpio.o
                0x08002920                HAL_GPIO_Init
 .text.HAL_GPIO_DeInit
                0x08002c28      0x178 ./src/lib/cube_f103xx/Drivers/STM32F1xx_HAL_Driver/Src/stm32f1xx_hal_gpio.o
                0x08002c28                HAL_GPIO_DeInit
 .text.HAL_GPIO_WritePin
                0x08002da0       0x30 ./src/lib/cube_f103xx/Drivers/STM32F1xx_HAL_Driver/Src/stm32f1xx_hal_gpio.o
                0x08002da0                HAL_GPIO_WritePin
 .text.HAL_GPIO_TogglePin
                0x08002dd0       0x32 ./src/lib/cube_f103xx/Drivers/STM32F1xx_HAL_Driver/Src/stm32f1xx_hal_gpio.o
                0x08002dd0                HAL_GPIO_TogglePin
 *fill*         0x08002e02        0x2 
 .text.HAL_PWR_EnableBkUpAccess
                0x08002e04       0x18 ./src/lib/cube_f103xx/Drivers/STM32F1xx_HAL_Driver/Src/stm32f1xx_hal_pwr.o
                0x08002e04                HAL_PWR_EnableBkUpAccess
 .text.HAL_RCC_OscConfig
                0x08002e1c      0x504 ./src/lib/cube_f103xx/Drivers/STM32F1xx_HAL_Driver/Src/stm32f1xx_hal_rcc.o
                0x08002e1c                HAL_RCC_OscConfig
 .text.HAL_RCC_ClockConfig
                0x08003320      0x1d4 ./src/lib/cube_f103xx/Drivers/STM32F1xx_HAL_Driver/Src/stm32f1xx_hal_rcc.o
                0x08003320                HAL_RCC_ClockConfig
 .text.HAL_RCC_GetSysClockFreq
                0x080034f4       0xa8 ./src/lib/cube_f103xx/Drivers/STM32F1xx_HAL_Driver/Src/stm32f1xx_hal_rcc.o
                0x080034f4                HAL_RCC_GetSysClockFreq
 .text.HAL_RCC_GetHCLKFreq
                0x0800359c       0x14 ./src/lib/cube_f103xx/Drivers/STM32F1xx_HAL_Driver/Src/stm32f1xx_hal_rcc.o
                0x0800359c                HAL_RCC_GetHCLKFreq
 .text.HAL_RCC_GetPCLK1Freq
                0x080035b0       0x28 ./src/lib/cube_f103xx/Drivers/STM32F1xx_HAL_Driver/Src/stm32f1xx_hal_rcc.o
                0x080035b0                HAL_RCC_GetPCLK1Freq
 .text.HAL_RCC_GetPCLK2Freq
                0x080035d8       0x28 ./src/lib/cube_f103xx/Drivers/STM32F1xx_HAL_Driver/Src/stm32f1xx_hal_rcc.o
                0x080035d8                HAL_RCC_GetPCLK2Freq
 .text.RCC_Delay
                0x08003600       0x3c ./src/lib/cube_f103xx/Drivers/STM32F1xx_HAL_Driver/Src/stm32f1xx_hal_rcc.o
 .text.HAL_RCCEx_PeriphCLKConfig
                0x0800363c      0x16c ./src/lib/cube_f103xx/Drivers/STM32F1xx_HAL_Driver/Src/stm32f1xx_hal_rcc_ex.o
                0x0800363c                HAL_RCCEx_PeriphCLKConfig
 .text.HAL_RCCEx_GetPeriphCLKFreq
                0x080037a8      0x16c ./src/lib/cube_f103xx/Drivers/STM32F1xx_HAL_Driver/Src/stm32f1xx_hal_rcc_ex.o
                0x080037a8                HAL_RCCEx_GetPeriphCLKFreq
 .text.HAL_RTC_Init
                0x08003914      0x118 ./src/lib/cube_f103xx/Drivers/STM32F1xx_HAL_Driver/Src/stm32f1xx_hal_rtc.o
                0x08003914                HAL_RTC_Init
 .text.HAL_RTC_SetTime
                0x08003a2c      0x12e ./src/lib/cube_f103xx/Drivers/STM32F1xx_HAL_Driver/Src/stm32f1xx_hal_rtc.o
                0x08003a2c                HAL_RTC_SetTime
 *fill*         0x08003b5a        0x2 
 .text.HAL_RTC_SetDate
                0x08003b5c      0x16c ./src/lib/cube_f103xx/Drivers/STM32F1xx_HAL_Driver/Src/stm32f1xx_hal_rtc.o
                0x08003b5c                HAL_RTC_SetDate
 .text.HAL_RTC_WaitForSynchro
                0x08003cc8       0x5a ./src/lib/cube_f103xx/Drivers/STM32F1xx_HAL_Driver/Src/stm32f1xx_hal_rtc.o
                0x08003cc8                HAL_RTC_WaitForSynchro
 .text.RTC_ReadTimeCounter
                0x08003d22       0x60 ./src/lib/cube_f103xx/Drivers/STM32F1xx_HAL_Driver/Src/stm32f1xx_hal_rtc.o
 .text.RTC_WriteTimeCounter
                0x08003d82       0x4e ./src/lib/cube_f103xx/Drivers/STM32F1xx_HAL_Driver/Src/stm32f1xx_hal_rtc.o
 .text.RTC_ReadAlarmCounter
                0x08003dd0       0x32 ./src/lib/cube_f103xx/Drivers/STM32F1xx_HAL_Driver/Src/stm32f1xx_hal_rtc.o
 .text.RTC_WriteAlarmCounter
                0x08003e02       0x4e ./src/lib/cube_f103xx/Drivers/STM32F1xx_HAL_Driver/Src/stm32f1xx_hal_rtc.o
 .text.RTC_EnterInitMode
                0x08003e50       0x50 ./src/lib/cube_f103xx/Drivers/STM32F1xx_HAL_Driver/Src/stm32f1xx_hal_rtc.o
 .text.RTC_ExitInitMode
                0x08003ea0       0x50 ./src/lib/cube_f103xx/Drivers/STM32F1xx_HAL_Driver/Src/stm32f1xx_hal_rtc.o
 .text.RTC_Bcd2ToByte
                0x08003ef0       0x3a ./src/lib/cube_f103xx/Drivers/STM32F1xx_HAL_Driver/Src/stm32f1xx_hal_rtc.o
 *fill*         0x08003f2a        0x2 
 .text.RTC_WeekDayNum
                0x08003f2c       0xf0 ./src/lib/cube_f103xx/Drivers/STM32F1xx_HAL_Driver/Src/stm32f1xx_hal_rtc.o
 .text.HAL_RTCEx_BKUPWrite
                0x0800401c       0x34 ./src/lib/cube_f103xx/Drivers/STM32F1xx_HAL_Driver/Src/stm32f1xx_hal_rtc_ex.o
                0x0800401c                HAL_RTCEx_BKUPWrite
 .text.HAL_RTCEx_BKUPRead
                0x08004050       0x38 ./src/lib/cube_f103xx/Drivers/STM32F1xx_HAL_Driver/Src/stm32f1xx_hal_rtc_ex.o
                0x08004050                HAL_RTCEx_BKUPRead
 .text.HAL_UART_Init
                0x08004088       0xa0 ./src/lib/cube_f103xx/Drivers/STM32F1xx_HAL_Driver/Src/stm32f1xx_hal_uart.o
                0x08004088                HAL_UART_Init
 .text.HAL_UART_DeInit
                0x08004128       0x64 ./src/lib/cube_f103xx/Drivers/STM32F1xx_HAL_Driver/Src/stm32f1xx_hal_uart.o
                0x08004128                HAL_UART_DeInit
 .text.HAL_UART_Transmit
                0x0800418c      0x116 ./src/lib/cube_f103xx/Drivers/STM32F1xx_HAL_Driver/Src/stm32f1xx_hal_uart.o
                0x0800418c                HAL_UART_Transmit
 .text.HAL_UART_Receive_DMA
                0x080042a2       0x4a ./src/lib/cube_f103xx/Drivers/STM32F1xx_HAL_Driver/Src/stm32f1xx_hal_uart.o
                0x080042a2                HAL_UART_Receive_DMA
 .text.HAL_UART_IRQHandler
                0x080042ec      0x524 ./src/lib/cube_f103xx/Drivers/STM32F1xx_HAL_Driver/Src/stm32f1xx_hal_uart.o
                0x080042ec                HAL_UART_IRQHandler
 .text.HAL_UART_TxCpltCallback
                0x08004810       0x12 ./src/lib/cube_f103xx/Drivers/STM32F1xx_HAL_Driver/Src/stm32f1xx_hal_uart.o
                0x08004810                HAL_UART_TxCpltCallback
 .text.HAL_UART_RxHalfCpltCallback
                0x08004822       0x12 ./src/lib/cube_f103xx/Drivers/STM32F1xx_HAL_Driver/Src/stm32f1xx_hal_uart.o
                0x08004822                HAL_UART_RxHalfCpltCallback
 .text.HAL_UARTEx_RxEventCallback
                0x08004834       0x16 ./src/lib/cube_f103xx/Drivers/STM32F1xx_HAL_Driver/Src/stm32f1xx_hal_uart.o
                0x08004834                HAL_UARTEx_RxEventCallback
 .text.HAL_UART_GetError
                0x0800484a       0x16 ./src/lib/cube_f103xx/Drivers/STM32F1xx_HAL_Driver/Src/stm32f1xx_hal_uart.o
                0x0800484a                HAL_UART_GetError
 .text.UART_DMAReceiveCplt
                0x08004860      0x12c ./src/lib/cube_f103xx/Drivers/STM32F1xx_HAL_Driver/Src/stm32f1xx_hal_uart.o
 .text.UART_DMARxHalfCplt
                0x0800498c       0x3c ./src/lib/cube_f103xx/Drivers/STM32F1xx_HAL_Driver/Src/stm32f1xx_hal_uart.o
 .text.UART_DMAError
                0x080049c8       0x94 ./src/lib/cube_f103xx/Drivers/STM32F1xx_HAL_Driver/Src/stm32f1xx_hal_uart.o
 .text.UART_WaitOnFlagUntilTimeout
                0x08004a5c       0xb2 ./src/lib/cube_f103xx/Drivers/STM32F1xx_HAL_Driver/Src/stm32f1xx_hal_uart.o
 *fill*         0x08004b0e        0x2 
 .text.UART_Start_Receive_DMA
                0x08004b10      0x134 ./src/lib/cube_f103xx/Drivers/STM32F1xx_HAL_Driver/Src/stm32f1xx_hal_uart.o
                0x08004b10                UART_Start_Receive_DMA
 .text.UART_EndTxTransfer
                0x08004c44       0x4e ./src/lib/cube_f103xx/Drivers/STM32F1xx_HAL_Driver/Src/stm32f1xx_hal_uart.o
 .text.UART_EndRxTransfer
                0x08004c92       0xc4 ./src/lib/cube_f103xx/Drivers/STM32F1xx_HAL_Driver/Src/stm32f1xx_hal_uart.o
 .text.UART_DMAAbortOnError
                0x08004d56       0x28 ./src/lib/cube_f103xx/Drivers/STM32F1xx_HAL_Driver/Src/stm32f1xx_hal_uart.o
 .text.UART_Transmit_IT
                0x08004d7e       0x9e ./src/lib/cube_f103xx/Drivers/STM32F1xx_HAL_Driver/Src/stm32f1xx_hal_uart.o
 .text.UART_EndTransmit_IT
                0x08004e1c       0x30 ./src/lib/cube_f103xx/Drivers/STM32F1xx_HAL_Driver/Src/stm32f1xx_hal_uart.o
 .text.UART_Receive_IT
                0x08004e4c      0x17c ./src/lib/cube_f103xx/Drivers/STM32F1xx_HAL_Driver/Src/stm32f1xx_hal_uart.o
 .text.UART_SetConfig
                0x08004fc8      0x11c ./src/lib/cube_f103xx/Drivers/STM32F1xx_HAL_Driver/Src/stm32f1xx_hal_uart.o
 .text.main     0x080050e4       0x58 ./src/main.o
                0x080050e4                main
 .text.threadMain
                0x0800513c       0x14 ./src/main.o
 .text.std      0x08005150       0x6c C:/ST/STM32CubeIDE_1.18.0/STM32CubeIDE/plugins/com.st.stm32cube.ide.mcu.externaltools.gnu-tools-for-stm32.13.3.rel1.win32_1.0.0.202411081344/tools/bin/../lib/gcc/arm-none-eabi/13.3.1/../../../../arm-none-eabi/lib/thumb/v7-m/nofp\libc_nano.a(libc_a-findfp.o)
 .text.stdio_exit_handler
                0x080051bc       0x18 C:/ST/STM32CubeIDE_1.18.0/STM32CubeIDE/plugins/com.st.stm32cube.ide.mcu.externaltools.gnu-tools-for-stm32.13.3.rel1.win32_1.0.0.202411081344/tools/bin/../lib/gcc/arm-none-eabi/13.3.1/../../../../arm-none-eabi/lib/thumb/v7-m/nofp\libc_nano.a(libc_a-findfp.o)
 .text.cleanup_stdio
                0x080051d4       0x40 C:/ST/STM32CubeIDE_1.18.0/STM32CubeIDE/plugins/com.st.stm32cube.ide.mcu.externaltools.gnu-tools-for-stm32.13.3.rel1.win32_1.0.0.202411081344/tools/bin/../lib/gcc/arm-none-eabi/13.3.1/../../../../arm-none-eabi/lib/thumb/v7-m/nofp\libc_nano.a(libc_a-findfp.o)
 .text.global_stdio_init.part.0
                0x08005214       0x3c C:/ST/STM32CubeIDE_1.18.0/STM32CubeIDE/plugins/com.st.stm32cube.ide.mcu.externaltools.gnu-tools-for-stm32.13.3.rel1.win32_1.0.0.202411081344/tools/bin/../lib/gcc/arm-none-eabi/13.3.1/../../../../arm-none-eabi/lib/thumb/v7-m/nofp\libc_nano.a(libc_a-findfp.o)
 .text.__sfp_lock_acquire
                0x08005250        0xc C:/ST/STM32CubeIDE_1.18.0/STM32CubeIDE/plugins/com.st.stm32cube.ide.mcu.externaltools.gnu-tools-for-stm32.13.3.rel1.win32_1.0.0.202411081344/tools/bin/../lib/gcc/arm-none-eabi/13.3.1/../../../../arm-none-eabi/lib/thumb/v7-m/nofp\libc_nano.a(libc_a-findfp.o)
                0x08005250                __sfp_lock_acquire
 .text.__sfp_lock_release
                0x0800525c        0xc C:/ST/STM32CubeIDE_1.18.0/STM32CubeIDE/plugins/com.st.stm32cube.ide.mcu.externaltools.gnu-tools-for-stm32.13.3.rel1.win32_1.0.0.202411081344/tools/bin/../lib/gcc/arm-none-eabi/13.3.1/../../../../arm-none-eabi/lib/thumb/v7-m/nofp\libc_nano.a(libc_a-findfp.o)
                0x0800525c                __sfp_lock_release
 .text.__sinit  0x08005268       0x30 C:/ST/STM32CubeIDE_1.18.0/STM32CubeIDE/plugins/com.st.stm32cube.ide.mcu.externaltools.gnu-tools-for-stm32.13.3.rel1.win32_1.0.0.202411081344/tools/bin/../lib/gcc/arm-none-eabi/13.3.1/../../../../arm-none-eabi/lib/thumb/v7-m/nofp\libc_nano.a(libc_a-findfp.o)
                0x08005268                __sinit
 .text._fwalk_sglue
                0x08005298       0x3c C:/ST/STM32CubeIDE_1.18.0/STM32CubeIDE/plugins/com.st.stm32cube.ide.mcu.externaltools.gnu-tools-for-stm32.13.3.rel1.win32_1.0.0.202411081344/tools/bin/../lib/gcc/arm-none-eabi/13.3.1/../../../../arm-none-eabi/lib/thumb/v7-m/nofp\libc_nano.a(libc_a-fwalk.o)
                0x08005298                _fwalk_sglue
 .text.printf   0x080052d4       0x24 C:/ST/STM32CubeIDE_1.18.0/STM32CubeIDE/plugins/com.st.stm32cube.ide.mcu.externaltools.gnu-tools-for-stm32.13.3.rel1.win32_1.0.0.202411081344/tools/bin/../lib/gcc/arm-none-eabi/13.3.1/../../../../arm-none-eabi/lib/thumb/v7-m/nofp\libc_nano.a(libc_a-printf.o)
                0x080052d4                iprintf
                0x080052d4                printf
 .text._puts_r  0x080052f8       0xaa C:/ST/STM32CubeIDE_1.18.0/STM32CubeIDE/plugins/com.st.stm32cube.ide.mcu.externaltools.gnu-tools-for-stm32.13.3.rel1.win32_1.0.0.202411081344/tools/bin/../lib/gcc/arm-none-eabi/13.3.1/../../../../arm-none-eabi/lib/thumb/v7-m/nofp\libc_nano.a(libc_a-puts.o)
                0x080052f8                _puts_r
 *fill*         0x080053a2        0x2 
 .text.puts     0x080053a4       0x10 C:/ST/STM32CubeIDE_1.18.0/STM32CubeIDE/plugins/com.st.stm32cube.ide.mcu.externaltools.gnu-tools-for-stm32.13.3.rel1.win32_1.0.0.202411081344/tools/bin/../lib/gcc/arm-none-eabi/13.3.1/../../../../arm-none-eabi/lib/thumb/v7-m/nofp\libc_nano.a(libc_a-puts.o)
                0x080053a4                puts
 .text.__sread  0x080053b4       0x22 C:/ST/STM32CubeIDE_1.18.0/STM32CubeIDE/plugins/com.st.stm32cube.ide.mcu.externaltools.gnu-tools-for-stm32.13.3.rel1.win32_1.0.0.202411081344/tools/bin/../lib/gcc/arm-none-eabi/13.3.1/../../../../arm-none-eabi/lib/thumb/v7-m/nofp\libc_nano.a(libc_a-stdio.o)
                0x080053b4                __sread
 .text.__swrite
                0x080053d6       0x38 C:/ST/STM32CubeIDE_1.18.0/STM32CubeIDE/plugins/com.st.stm32cube.ide.mcu.externaltools.gnu-tools-for-stm32.13.3.rel1.win32_1.0.0.202411081344/tools/bin/../lib/gcc/arm-none-eabi/13.3.1/../../../../arm-none-eabi/lib/thumb/v7-m/nofp\libc_nano.a(libc_a-stdio.o)
                0x080053d6                __swrite
 .text.__sseek  0x0800540e       0x24 C:/ST/STM32CubeIDE_1.18.0/STM32CubeIDE/plugins/com.st.stm32cube.ide.mcu.externaltools.gnu-tools-for-stm32.13.3.rel1.win32_1.0.0.202411081344/tools/bin/../lib/gcc/arm-none-eabi/13.3.1/../../../../arm-none-eabi/lib/thumb/v7-m/nofp\libc_nano.a(libc_a-stdio.o)
                0x0800540e                __sseek
 .text.__sclose
                0x08005432        0x8 C:/ST/STM32CubeIDE_1.18.0/STM32CubeIDE/plugins/com.st.stm32cube.ide.mcu.externaltools.gnu-tools-for-stm32.13.3.rel1.win32_1.0.0.202411081344/tools/bin/../lib/gcc/arm-none-eabi/13.3.1/../../../../arm-none-eabi/lib/thumb/v7-m/nofp\libc_nano.a(libc_a-stdio.o)
                0x08005432                __sclose
 .text.__swbuf_r
                0x0800543a       0x7c C:/ST/STM32CubeIDE_1.18.0/STM32CubeIDE/plugins/com.st.stm32cube.ide.mcu.externaltools.gnu-tools-for-stm32.13.3.rel1.win32_1.0.0.202411081344/tools/bin/../lib/gcc/arm-none-eabi/13.3.1/../../../../arm-none-eabi/lib/thumb/v7-m/nofp\libc_nano.a(libc_a-wbuf.o)
                0x0800543a                __swbuf_r
 *fill*         0x080054b6        0x2 
 .text.__swsetup_r
                0x080054b8       0xac C:/ST/STM32CubeIDE_1.18.0/STM32CubeIDE/plugins/com.st.stm32cube.ide.mcu.externaltools.gnu-tools-for-stm32.13.3.rel1.win32_1.0.0.202411081344/tools/bin/../lib/gcc/arm-none-eabi/13.3.1/../../../../arm-none-eabi/lib/thumb/v7-m/nofp\libc_nano.a(libc_a-wsetup.o)
                0x080054b8                __swsetup_r
 .text.memset   0x08005564       0x10 C:/ST/STM32CubeIDE_1.18.0/STM32CubeIDE/plugins/com.st.stm32cube.ide.mcu.externaltools.gnu-tools-for-stm32.13.3.rel1.win32_1.0.0.202411081344/tools/bin/../lib/gcc/arm-none-eabi/13.3.1/../../../../arm-none-eabi/lib/thumb/v7-m/nofp\libc_nano.a(libc_a-memset.o)
                0x08005564                memset
 .text._close_r
                0x08005574       0x20 C:/ST/STM32CubeIDE_1.18.0/STM32CubeIDE/plugins/com.st.stm32cube.ide.mcu.externaltools.gnu-tools-for-stm32.13.3.rel1.win32_1.0.0.202411081344/tools/bin/../lib/gcc/arm-none-eabi/13.3.1/../../../../arm-none-eabi/lib/thumb/v7-m/nofp\libc_nano.a(libc_a-closer.o)
                0x08005574                _close_r
 .text._lseek_r
                0x08005594       0x24 C:/ST/STM32CubeIDE_1.18.0/STM32CubeIDE/plugins/com.st.stm32cube.ide.mcu.externaltools.gnu-tools-for-stm32.13.3.rel1.win32_1.0.0.202411081344/tools/bin/../lib/gcc/arm-none-eabi/13.3.1/../../../../arm-none-eabi/lib/thumb/v7-m/nofp\libc_nano.a(libc_a-lseekr.o)
                0x08005594                _lseek_r
 .text._read_r  0x080055b8       0x24 C:/ST/STM32CubeIDE_1.18.0/STM32CubeIDE/plugins/com.st.stm32cube.ide.mcu.externaltools.gnu-tools-for-stm32.13.3.rel1.win32_1.0.0.202411081344/tools/bin/../lib/gcc/arm-none-eabi/13.3.1/../../../../arm-none-eabi/lib/thumb/v7-m/nofp\libc_nano.a(libc_a-readr.o)
                0x080055b8                _read_r
 .text._write_r
                0x080055dc       0x24 C:/ST/STM32CubeIDE_1.18.0/STM32CubeIDE/plugins/com.st.stm32cube.ide.mcu.externaltools.gnu-tools-for-stm32.13.3.rel1.win32_1.0.0.202411081344/tools/bin/../lib/gcc/arm-none-eabi/13.3.1/../../../../arm-none-eabi/lib/thumb/v7-m/nofp\libc_nano.a(libc_a-writer.o)
                0x080055dc                _write_r
 .text.__errno  0x08005600        0xc C:/ST/STM32CubeIDE_1.18.0/STM32CubeIDE/plugins/com.st.stm32cube.ide.mcu.externaltools.gnu-tools-for-stm32.13.3.rel1.win32_1.0.0.202411081344/tools/bin/../lib/gcc/arm-none-eabi/13.3.1/../../../../arm-none-eabi/lib/thumb/v7-m/nofp\libc_nano.a(libc_a-errno.o)
                0x08005600                __errno
 .text.__libc_init_array
                0x0800560c       0x48 C:/ST/STM32CubeIDE_1.18.0/STM32CubeIDE/plugins/com.st.stm32cube.ide.mcu.externaltools.gnu-tools-for-stm32.13.3.rel1.win32_1.0.0.202411081344/tools/bin/../lib/gcc/arm-none-eabi/13.3.1/../../../../arm-none-eabi/lib/thumb/v7-m/nofp\libc_nano.a(libc_a-init.o)
                0x0800560c                __libc_init_array
 .text.__retarget_lock_init_recursive
                0x08005654        0x2 C:/ST/STM32CubeIDE_1.18.0/STM32CubeIDE/plugins/com.st.stm32cube.ide.mcu.externaltools.gnu-tools-for-stm32.13.3.rel1.win32_1.0.0.202411081344/tools/bin/../lib/gcc/arm-none-eabi/13.3.1/../../../../arm-none-eabi/lib/thumb/v7-m/nofp\libc_nano.a(libc_a-lock.o)
                0x08005654                __retarget_lock_init_recursive
 .text.__retarget_lock_acquire_recursive
                0x08005656        0x2 C:/ST/STM32CubeIDE_1.18.0/STM32CubeIDE/plugins/com.st.stm32cube.ide.mcu.externaltools.gnu-tools-for-stm32.13.3.rel1.win32_1.0.0.202411081344/tools/bin/../lib/gcc/arm-none-eabi/13.3.1/../../../../arm-none-eabi/lib/thumb/v7-m/nofp\libc_nano.a(libc_a-lock.o)
                0x08005656                __retarget_lock_acquire_recursive
 .text.__retarget_lock_release_recursive
                0x08005658        0x2 C:/ST/STM32CubeIDE_1.18.0/STM32CubeIDE/plugins/com.st.stm32cube.ide.mcu.externaltools.gnu-tools-for-stm32.13.3.rel1.win32_1.0.0.202411081344/tools/bin/../lib/gcc/arm-none-eabi/13.3.1/../../../../arm-none-eabi/lib/thumb/v7-m/nofp\libc_nano.a(libc_a-lock.o)
                0x08005658                __retarget_lock_release_recursive
 *fill*         0x0800565a        0x2 
 .text._free_r  0x0800565c       0x90 C:/ST/STM32CubeIDE_1.18.0/STM32CubeIDE/plugins/com.st.stm32cube.ide.mcu.externaltools.gnu-tools-for-stm32.13.3.rel1.win32_1.0.0.202411081344/tools/bin/../lib/gcc/arm-none-eabi/13.3.1/../../../../arm-none-eabi/lib/thumb/v7-m/nofp\libc_nano.a(libc_a-freer.o)
                0x0800565c                _free_r
 .text.sbrk_aligned
                0x080056ec       0x44 C:/ST/STM32CubeIDE_1.18.0/STM32CubeIDE/plugins/com.st.stm32cube.ide.mcu.externaltools.gnu-tools-for-stm32.13.3.rel1.win32_1.0.0.202411081344/tools/bin/../lib/gcc/arm-none-eabi/13.3.1/../../../../arm-none-eabi/lib/thumb/v7-m/nofp\libc_nano.a(libc_a-mallocr.o)
 .text._malloc_r
                0x08005730      0x100 C:/ST/STM32CubeIDE_1.18.0/STM32CubeIDE/plugins/com.st.stm32cube.ide.mcu.externaltools.gnu-tools-for-stm32.13.3.rel1.win32_1.0.0.202411081344/tools/bin/../lib/gcc/arm-none-eabi/13.3.1/../../../../arm-none-eabi/lib/thumb/v7-m/nofp\libc_nano.a(libc_a-mallocr.o)
                0x08005730                _malloc_r
 .text.__malloc_lock
                0x08005830        0xc C:/ST/STM32CubeIDE_1.18.0/STM32CubeIDE/plugins/com.st.stm32cube.ide.mcu.externaltools.gnu-tools-for-stm32.13.3.rel1.win32_1.0.0.202411081344/tools/bin/../lib/gcc/arm-none-eabi/13.3.1/../../../../arm-none-eabi/lib/thumb/v7-m/nofp\libc_nano.a(libc_a-mlock.o)
                0x08005830                __malloc_lock
 .text.__malloc_unlock
                0x0800583c        0xc C:/ST/STM32CubeIDE_1.18.0/STM32CubeIDE/plugins/com.st.stm32cube.ide.mcu.externaltools.gnu-tools-for-stm32.13.3.rel1.win32_1.0.0.202411081344/tools/bin/../lib/gcc/arm-none-eabi/13.3.1/../../../../arm-none-eabi/lib/thumb/v7-m/nofp\libc_nano.a(libc_a-mlock.o)
                0x0800583c                __malloc_unlock
 .text.__sfputc_r
                0x08005848       0x2a C:/ST/STM32CubeIDE_1.18.0/STM32CubeIDE/plugins/com.st.stm32cube.ide.mcu.externaltools.gnu-tools-for-stm32.13.3.rel1.win32_1.0.0.202411081344/tools/bin/../lib/gcc/arm-none-eabi/13.3.1/../../../../arm-none-eabi/lib/thumb/v7-m/nofp\libc_nano.a(libc_a-nano-vfprintf.o)
 .text.__sfputs_r
                0x08005872       0x24 C:/ST/STM32CubeIDE_1.18.0/STM32CubeIDE/plugins/com.st.stm32cube.ide.mcu.externaltools.gnu-tools-for-stm32.13.3.rel1.win32_1.0.0.202411081344/tools/bin/../lib/gcc/arm-none-eabi/13.3.1/../../../../arm-none-eabi/lib/thumb/v7-m/nofp\libc_nano.a(libc_a-nano-vfprintf.o)
                0x08005872                __sfputs_r
 *fill*         0x08005896        0x2 
 .text._vfprintf_r
                0x08005898      0x230 C:/ST/STM32CubeIDE_1.18.0/STM32CubeIDE/plugins/com.st.stm32cube.ide.mcu.externaltools.gnu-tools-for-stm32.13.3.rel1.win32_1.0.0.202411081344/tools/bin/../lib/gcc/arm-none-eabi/13.3.1/../../../../arm-none-eabi/lib/thumb/v7-m/nofp\libc_nano.a(libc_a-nano-vfprintf.o)
                0x08005898                _vfprintf_r
                0x08005898                _vfiprintf_r
 .text._printf_common
                0x08005ac8       0xe4 C:/ST/STM32CubeIDE_1.18.0/STM32CubeIDE/plugins/com.st.stm32cube.ide.mcu.externaltools.gnu-tools-for-stm32.13.3.rel1.win32_1.0.0.202411081344/tools/bin/../lib/gcc/arm-none-eabi/13.3.1/../../../../arm-none-eabi/lib/thumb/v7-m/nofp\libc_nano.a(libc_a-nano-vfprintf_i.o)
                0x08005ac8                _printf_common
 .text._printf_i
                0x08005bac      0x23c C:/ST/STM32CubeIDE_1.18.0/STM32CubeIDE/plugins/com.st.stm32cube.ide.mcu.externaltools.gnu-tools-for-stm32.13.3.rel1.win32_1.0.0.202411081344/tools/bin/../lib/gcc/arm-none-eabi/13.3.1/../../../../arm-none-eabi/lib/thumb/v7-m/nofp\libc_nano.a(libc_a-nano-vfprintf_i.o)
                0x08005bac                _printf_i
 .text.__sflush_r
                0x08005de8      0x100 C:/ST/STM32CubeIDE_1.18.0/STM32CubeIDE/plugins/com.st.stm32cube.ide.mcu.externaltools.gnu-tools-for-stm32.13.3.rel1.win32_1.0.0.202411081344/tools/bin/../lib/gcc/arm-none-eabi/13.3.1/../../../../arm-none-eabi/lib/thumb/v7-m/nofp\libc_nano.a(libc_a-fflush.o)
                0x08005de8                __sflush_r
 .text._fflush_r
                0x08005ee8       0x50 C:/ST/STM32CubeIDE_1.18.0/STM32CubeIDE/plugins/com.st.stm32cube.ide.mcu.externaltools.gnu-tools-for-stm32.13.3.rel1.win32_1.0.0.202411081344/tools/bin/../lib/gcc/arm-none-eabi/13.3.1/../../../../arm-none-eabi/lib/thumb/v7-m/nofp\libc_nano.a(libc_a-fflush.o)
                0x08005ee8                _fflush_r
 .text.__swhatbuf_r
                0x08005f38       0x4a C:/ST/STM32CubeIDE_1.18.0/STM32CubeIDE/plugins/com.st.stm32cube.ide.mcu.externaltools.gnu-tools-for-stm32.13.3.rel1.win32_1.0.0.202411081344/tools/bin/../lib/gcc/arm-none-eabi/13.3.1/../../../../arm-none-eabi/lib/thumb/v7-m/nofp\libc_nano.a(libc_a-makebuf.o)
                0x08005f38                __swhatbuf_r
 .text.__smakebuf_r
                0x08005f82       0x78 C:/ST/STM32CubeIDE_1.18.0/STM32CubeIDE/plugins/com.st.stm32cube.ide.mcu.externaltools.gnu-tools-for-stm32.13.3.rel1.win32_1.0.0.202411081344/tools/bin/../lib/gcc/arm-none-eabi/13.3.1/../../../../arm-none-eabi/lib/thumb/v7-m/nofp\libc_nano.a(libc_a-makebuf.o)
                0x08005f82                __smakebuf_r
 *fill*         0x08005ffa        0x2 
 .text._fstat_r
                0x08005ffc       0x24 C:/ST/STM32CubeIDE_1.18.0/STM32CubeIDE/plugins/com.st.stm32cube.ide.mcu.externaltools.gnu-tools-for-stm32.13.3.rel1.win32_1.0.0.202411081344/tools/bin/../lib/gcc/arm-none-eabi/13.3.1/../../../../arm-none-eabi/lib/thumb/v7-m/nofp\libc_nano.a(libc_a-fstatr.o)
                0x08005ffc                _fstat_r
 .text._isatty_r
                0x08006020       0x20 C:/ST/STM32CubeIDE_1.18.0/STM32CubeIDE/plugins/com.st.stm32cube.ide.mcu.externaltools.gnu-tools-for-stm32.13.3.rel1.win32_1.0.0.202411081344/tools/bin/../lib/gcc/arm-none-eabi/13.3.1/../../../../arm-none-eabi/lib/thumb/v7-m/nofp\libc_nano.a(libc_a-isattyr.o)
                0x08006020                _isatty_r
 .text._sbrk_r  0x08006040       0x20 C:/ST/STM32CubeIDE_1.18.0/STM32CubeIDE/plugins/com.st.stm32cube.ide.mcu.externaltools.gnu-tools-for-stm32.13.3.rel1.win32_1.0.0.202411081344/tools/bin/../lib/gcc/arm-none-eabi/13.3.1/../../../../arm-none-eabi/lib/thumb/v7-m/nofp\libc_nano.a(libc_a-sbrkr.o)
                0x08006040                _sbrk_r
 .text.memchr   0x08006060       0x1c C:/ST/STM32CubeIDE_1.18.0/STM32CubeIDE/plugins/com.st.stm32cube.ide.mcu.externaltools.gnu-tools-for-stm32.13.3.rel1.win32_1.0.0.202411081344/tools/bin/../lib/gcc/arm-none-eabi/13.3.1/../../../../arm-none-eabi/lib/thumb/v7-m/nofp\libc_nano.a(libc_a-memchr-stub.o)
                0x08006060                memchr
 *(.glue_7)
 .glue_7        0x0800607c        0x0 linker stubs
 *(.glue_7t)
 .glue_7t       0x0800607c        0x0 linker stubs
 *(.eh_frame)
 .eh_frame      0x0800607c        0x0 C:/ST/STM32CubeIDE_1.18.0/STM32CubeIDE/plugins/com.st.stm32cube.ide.mcu.externaltools.gnu-tools-for-stm32.13.3.rel1.win32_1.0.0.202411081344/tools/bin/../lib/gcc/arm-none-eabi/13.3.1/thumb/v7-m/nofp/crtbegin.o
 *(.init)
 .init          0x0800607c        0x4 C:/ST/STM32CubeIDE_1.18.0/STM32CubeIDE/plugins/com.st.stm32cube.ide.mcu.externaltools.gnu-tools-for-stm32.13.3.rel1.win32_1.0.0.202411081344/tools/bin/../lib/gcc/arm-none-eabi/13.3.1/thumb/v7-m/nofp/crti.o
                0x0800607c                _init
 .init          0x08006080        0x8 C:/ST/STM32CubeIDE_1.18.0/STM32CubeIDE/plugins/com.st.stm32cube.ide.mcu.externaltools.gnu-tools-for-stm32.13.3.rel1.win32_1.0.0.202411081344/tools/bin/../lib/gcc/arm-none-eabi/13.3.1/thumb/v7-m/nofp/crtn.o
 *(.fini)
 .fini          0x08006088        0x4 C:/ST/STM32CubeIDE_1.18.0/STM32CubeIDE/plugins/com.st.stm32cube.ide.mcu.externaltools.gnu-tools-for-stm32.13.3.rel1.win32_1.0.0.202411081344/tools/bin/../lib/gcc/arm-none-eabi/13.3.1/thumb/v7-m/nofp/crti.o
                0x08006088                _fini
 .fini          0x0800608c        0x8 C:/ST/STM32CubeIDE_1.18.0/STM32CubeIDE/plugins/com.st.stm32cube.ide.mcu.externaltools.gnu-tools-for-stm32.13.3.rel1.win32_1.0.0.202411081344/tools/bin/../lib/gcc/arm-none-eabi/13.3.1/thumb/v7-m/nofp/crtn.o
                0x08006094                        . = ALIGN (0x4)
                0x08006094                        _etext = .

.vfp11_veneer   0x08006094        0x0
 .vfp11_veneer  0x08006094        0x0 linker stubs

.v4_bx          0x08006094        0x0
 .v4_bx         0x08006094        0x0 linker stubs

.iplt           0x08006094        0x0
 .iplt          0x08006094        0x0 C:/ST/STM32CubeIDE_1.18.0/STM32CubeIDE/plugins/com.st.stm32cube.ide.mcu.externaltools.gnu-tools-for-stm32.13.3.rel1.win32_1.0.0.202411081344/tools/bin/../lib/gcc/arm-none-eabi/13.3.1/thumb/v7-m/nofp/crtbegin.o

.rodata         0x08006094      0x18c
                0x08006094                        . = ALIGN (0x4)
 *(.rodata)
 .rodata        0x08006094       0x5b ./src/application/ap.o
 *fill*         0x080060ef        0x1 
 .rodata        0x080060f0       0x67 ./src/hw/driver/uart.o
 *fill*         0x08006157        0x1 
 .rodata        0x08006158        0x5 ./src/lib/FreeRTOS/Source/tasks.o
 *fill*         0x0800615d        0x3 
 .rodata        0x08006160       0x4c ./src/main.o
 *(.rodata*)
 .rodata.AHBPrescTable
                0x080061ac       0x10 ./src/bsp/system_stm32f1xx.o
                0x080061ac                AHBPrescTable
 .rodata.APBPrescTable
                0x080061bc        0x8 ./src/bsp/system_stm32f1xx.o
                0x080061bc                APBPrescTable
 .rodata.aPLLMULFactorTable.1
                0x080061c4       0x10 ./src/lib/cube_f103xx/Drivers/STM32F1xx_HAL_Driver/Src/stm32f1xx_hal_rcc.o
 .rodata.aPredivFactorTable.0
                0x080061d4        0x2 ./src/lib/cube_f103xx/Drivers/STM32F1xx_HAL_Driver/Src/stm32f1xx_hal_rcc.o
 *fill*         0x080061d6        0x2 
 .rodata.aPLLMULFactorTable.1
                0x080061d8       0x10 ./src/lib/cube_f103xx/Drivers/STM32F1xx_HAL_Driver/Src/stm32f1xx_hal_rcc_ex.o
 .rodata.aPredivFactorTable.0
                0x080061e8        0x2 ./src/lib/cube_f103xx/Drivers/STM32F1xx_HAL_Driver/Src/stm32f1xx_hal_rcc_ex.o
 .rodata._vfprintf_r.str1.1
                0x080061ea       0x33 C:/ST/STM32CubeIDE_1.18.0/STM32CubeIDE/plugins/com.st.stm32cube.ide.mcu.externaltools.gnu-tools-for-stm32.13.3.rel1.win32_1.0.0.202411081344/tools/bin/../lib/gcc/arm-none-eabi/13.3.1/../../../../arm-none-eabi/lib/thumb/v7-m/nofp\libc_nano.a(libc_a-nano-vfprintf.o)
                                 0x11 (size before relaxing)
 .rodata._printf_i.str1.1
                0x0800621d       0x22 C:/ST/STM32CubeIDE_1.18.0/STM32CubeIDE/plugins/com.st.stm32cube.ide.mcu.externaltools.gnu-tools-for-stm32.13.3.rel1.win32_1.0.0.202411081344/tools/bin/../lib/gcc/arm-none-eabi/13.3.1/../../../../arm-none-eabi/lib/thumb/v7-m/nofp\libc_nano.a(libc_a-nano-vfprintf_i.o)
                0x08006240                        . = ALIGN (0x4)
 *fill*         0x0800621d        0x3 

.ARM.extab      0x08006220        0x0
                0x08006220                        . = ALIGN (0x4)
 *(.ARM.extab* .gnu.linkonce.armextab.*)
                0x08006220                        . = ALIGN (0x4)

.ARM            0x08006220        0x0
                0x08006220                        . = ALIGN (0x4)
                0x08006220                        __exidx_start = .
 *(.ARM.exidx*)
                0x08006220                        __exidx_end = .
                0x08006220                        . = ALIGN (0x4)

.preinit_array  0x08006220        0x0
                0x08006220                        . = ALIGN (0x4)
                0x08006220                        PROVIDE (__preinit_array_start = .)
 *(.preinit_array*)
                0x08006220                        PROVIDE (__preinit_array_end = .)
                0x08006220                        . = ALIGN (0x4)

.init_array     0x08006220        0x4
                0x08006220                        . = ALIGN (0x4)
                0x08006220                        PROVIDE (__init_array_start = .)
 *(SORT_BY_NAME(.init_array.*))
 *(.init_array*)
 .init_array    0x08006220        0x4 C:/ST/STM32CubeIDE_1.18.0/STM32CubeIDE/plugins/com.st.stm32cube.ide.mcu.externaltools.gnu-tools-for-stm32.13.3.rel1.win32_1.0.0.202411081344/tools/bin/../lib/gcc/arm-none-eabi/13.3.1/thumb/v7-m/nofp/crtbegin.o
                0x08006224                        PROVIDE (__init_array_end = .)
                0x08006224                        . = ALIGN (0x4)

.fini_array     0x08006224        0x4
                0x08006224                        . = ALIGN (0x4)
                [!provide]                        PROVIDE (__fini_array_start = .)
 *(SORT_BY_NAME(.fini_array.*))
 *(.fini_array*)
 .fini_array    0x08006224        0x4 C:/ST/STM32CubeIDE_1.18.0/STM32CubeIDE/plugins/com.st.stm32cube.ide.mcu.externaltools.gnu-tools-for-stm32.13.3.rel1.win32_1.0.0.202411081344/tools/bin/../lib/gcc/arm-none-eabi/13.3.1/thumb/v7-m/nofp/crtbegin.o
                [!provide]                        PROVIDE (__fini_array_end = .)
                0x08006228                        . = ALIGN (0x4)
                0x08006228                        _sidata = LOADADDR (.data)

.rel.dyn        0x08006228        0x0
 .rel.iplt      0x08006228        0x0 C:/ST/STM32CubeIDE_1.18.0/STM32CubeIDE/plugins/com.st.stm32cube.ide.mcu.externaltools.gnu-tools-for-stm32.13.3.rel1.win32_1.0.0.202411081344/tools/bin/../lib/gcc/arm-none-eabi/13.3.1/thumb/v7-m/nofp/crtbegin.o

.data           0x20000000       0x74 load address 0x08006228
                0x20000000                        . = ALIGN (0x4)
                0x20000000                        _sdata = .
 *(.data)
 *(.data*)
 .data.SystemCoreClock
                0x20000000        0x4 ./src/bsp/system_stm32f1xx.o
                0x20000000                SystemCoreClock
 .data.led_tbl  0x20000004        0x8 ./src/hw/driver/led.o
                0x20000004                led_tbl
 .data.uxCriticalNesting
                0x2000000c        0x4 ./src/lib/FreeRTOS/Source/portable/GCC/ARM_CM3/port.o
 .data.uwTickPrio
                0x20000010        0x4 ./src/lib/cube_f103xx/Drivers/STM32F1xx_HAL_Driver/Src/stm32f1xx_hal.o
                0x20000010                uwTickPrio
 .data.uwTickFreq
                0x20000014        0x1 ./src/lib/cube_f103xx/Drivers/STM32F1xx_HAL_Driver/Src/stm32f1xx_hal.o
                0x20000014                uwTickFreq
 *fill*         0x20000015        0x3 
 .data.__sglue  0x20000018        0xc C:/ST/STM32CubeIDE_1.18.0/STM32CubeIDE/plugins/com.st.stm32cube.ide.mcu.externaltools.gnu-tools-for-stm32.13.3.rel1.win32_1.0.0.202411081344/tools/bin/../lib/gcc/arm-none-eabi/13.3.1/../../../../arm-none-eabi/lib/thumb/v7-m/nofp\libc_nano.a(libc_a-findfp.o)
                0x20000018                __sglue
 .data._impure_ptr
                0x20000024        0x4 C:/ST/STM32CubeIDE_1.18.0/STM32CubeIDE/plugins/com.st.stm32cube.ide.mcu.externaltools.gnu-tools-for-stm32.13.3.rel1.win32_1.0.0.202411081344/tools/bin/../lib/gcc/arm-none-eabi/13.3.1/../../../../arm-none-eabi/lib/thumb/v7-m/nofp\libc_nano.a(libc_a-impure.o)
                0x20000024                _impure_ptr
 .data._impure_data
                0x20000028       0x4c C:/ST/STM32CubeIDE_1.18.0/STM32CubeIDE/plugins/com.st.stm32cube.ide.mcu.externaltools.gnu-tools-for-stm32.13.3.rel1.win32_1.0.0.202411081344/tools/bin/../lib/gcc/arm-none-eabi/13.3.1/../../../../arm-none-eabi/lib/thumb/v7-m/nofp\libc_nano.a(libc_a-impure.o)
                0x20000028                _impure_data
 *(.RamFunc)
 *(.RamFunc*)
                0x20000074                        . = ALIGN (0x4)
                0x20000074                        _edata = .

.igot.plt       0x20000074        0x0 load address 0x0800629c
 .igot.plt      0x20000074        0x0 C:/ST/STM32CubeIDE_1.18.0/STM32CubeIDE/plugins/com.st.stm32cube.ide.mcu.externaltools.gnu-tools-for-stm32.13.3.rel1.win32_1.0.0.202411081344/tools/bin/../lib/gcc/arm-none-eabi/13.3.1/thumb/v7-m/nofp/crtbegin.o
                0x20000074                        . = ALIGN (0x4)

.bss            0x20000074     0x307c load address 0x0800629c
                0x20000074                        _sbss = .
                0x20000074                        __bss_start__ = _sbss
 *(.bss)
 .bss           0x20000074       0x1c C:/ST/STM32CubeIDE_1.18.0/STM32CubeIDE/plugins/com.st.stm32cube.ide.mcu.externaltools.gnu-tools-for-stm32.13.3.rel1.win32_1.0.0.202411081344/tools/bin/../lib/gcc/arm-none-eabi/13.3.1/thumb/v7-m/nofp/crtbegin.o
 *(.bss*)
 .bss.__sbrk_heap_end
                0x20000090        0x4 ./src/bsp/sysmem.o
 .bss.flash_tbl
                0x20000094      0x400 ./src/hw/driver/flash.o
 .bss.reset_count
                0x20000494        0x4 ./src/hw/driver/reset.o
 .bss.hrtc      0x20000498       0x14 ./src/hw/driver/rtc.o
 .bss.is_open   0x200004ac        0x1 ./src/hw/driver/uart.o
 *fill*         0x200004ad        0x3 
 .bss.qbuffer   0x200004b0       0x10 ./src/hw/driver/uart.o
 .bss.rx_buf    0x200004c0      0x100 ./src/hw/driver/uart.o
 .bss.huart1    0x200005c0       0x48 ./src/hw/driver/uart.o
                0x200005c0                huart1
 .bss.hdma_usart1_rx
                0x20000608       0x44 ./src/hw/driver/uart.o
                0x20000608                hdma_usart1_rx
 .bss.pxCurrentTCB
                0x2000064c        0x4 ./src/lib/FreeRTOS/Source/tasks.o
                0x2000064c                pxCurrentTCB
 .bss.pxReadyTasksLists
                0x20000650       0x8c ./src/lib/FreeRTOS/Source/tasks.o
 .bss.xDelayedTaskList1
                0x200006dc       0x14 ./src/lib/FreeRTOS/Source/tasks.o
 .bss.xDelayedTaskList2
                0x200006f0       0x14 ./src/lib/FreeRTOS/Source/tasks.o
 .bss.pxDelayedTaskList
                0x20000704        0x4 ./src/lib/FreeRTOS/Source/tasks.o
 .bss.pxOverflowDelayedTaskList
                0x20000708        0x4 ./src/lib/FreeRTOS/Source/tasks.o
 .bss.xPendingReadyList
                0x2000070c       0x14 ./src/lib/FreeRTOS/Source/tasks.o
 .bss.xTasksWaitingTermination
                0x20000720       0x14 ./src/lib/FreeRTOS/Source/tasks.o
 .bss.uxDeletedTasksWaitingCleanUp
                0x20000734        0x4 ./src/lib/FreeRTOS/Source/tasks.o
 .bss.xSuspendedTaskList
                0x20000738       0x14 ./src/lib/FreeRTOS/Source/tasks.o
 .bss.uxCurrentNumberOfTasks
                0x2000074c        0x4 ./src/lib/FreeRTOS/Source/tasks.o
 .bss.xTickCount
                0x20000750        0x4 ./src/lib/FreeRTOS/Source/tasks.o
 .bss.uxTopReadyPriority
                0x20000754        0x4 ./src/lib/FreeRTOS/Source/tasks.o
 .bss.xSchedulerRunning
                0x20000758        0x4 ./src/lib/FreeRTOS/Source/tasks.o
 .bss.xPendedTicks
                0x2000075c        0x4 ./src/lib/FreeRTOS/Source/tasks.o
 .bss.xYieldPending
                0x20000760        0x4 ./src/lib/FreeRTOS/Source/tasks.o
 .bss.xNumOfOverflows
                0x20000764        0x4 ./src/lib/FreeRTOS/Source/tasks.o
 .bss.uxTaskNumber
                0x20000768        0x4 ./src/lib/FreeRTOS/Source/tasks.o
 .bss.xNextTaskUnblockTime
                0x2000076c        0x4 ./src/lib/FreeRTOS/Source/tasks.o
 .bss.xIdleTaskHandle
                0x20000770        0x4 ./src/lib/FreeRTOS/Source/tasks.o
 .bss.uxSchedulerSuspended
                0x20000774        0x4 ./src/lib/FreeRTOS/Source/tasks.o
 .bss.ucMaxSysCallPriority
                0x20000778        0x1 ./src/lib/FreeRTOS/Source/portable/GCC/ARM_CM3/port.o
 *fill*         0x20000779        0x3 
 .bss.ulMaxPRIGROUPValue
                0x2000077c        0x4 ./src/lib/FreeRTOS/Source/portable/GCC/ARM_CM3/port.o
 .bss.ucHeap    0x20000780     0x2800 ./src/lib/FreeRTOS/Source/portable/MemMang/heap_4.o
 .bss.xStart    0x20002f80        0x8 ./src/lib/FreeRTOS/Source/portable/MemMang/heap_4.o
 .bss.pxEnd     0x20002f88        0x4 ./src/lib/FreeRTOS/Source/portable/MemMang/heap_4.o
 .bss.xFreeBytesRemaining
                0x20002f8c        0x4 ./src/lib/FreeRTOS/Source/portable/MemMang/heap_4.o
 .bss.xMinimumEverFreeBytesRemaining
                0x20002f90        0x4 ./src/lib/FreeRTOS/Source/portable/MemMang/heap_4.o
 .bss.xNumberOfSuccessfulAllocations
                0x20002f94        0x4 ./src/lib/FreeRTOS/Source/portable/MemMang/heap_4.o
 .bss.xNumberOfSuccessfulFrees
                0x20002f98        0x4 ./src/lib/FreeRTOS/Source/portable/MemMang/heap_4.o
 .bss.xBlockAllocatedBit
                0x20002f9c        0x4 ./src/lib/FreeRTOS/Source/portable/MemMang/heap_4.o
 .bss.uwTick    0x20002fa0        0x4 ./src/lib/cube_f103xx/Drivers/STM32F1xx_HAL_Driver/Src/stm32f1xx_hal.o
                0x20002fa0                uwTick
 .bss.__sf      0x20002fa4      0x138 C:/ST/STM32CubeIDE_1.18.0/STM32CubeIDE/plugins/com.st.stm32cube.ide.mcu.externaltools.gnu-tools-for-stm32.13.3.rel1.win32_1.0.0.202411081344/tools/bin/../lib/gcc/arm-none-eabi/13.3.1/../../../../arm-none-eabi/lib/thumb/v7-m/nofp\libc_nano.a(libc_a-findfp.o)
                0x20002fa4                __sf
 .bss.__stdio_exit_handler
                0x200030dc        0x4 C:/ST/STM32CubeIDE_1.18.0/STM32CubeIDE/plugins/com.st.stm32cube.ide.mcu.externaltools.gnu-tools-for-stm32.13.3.rel1.win32_1.0.0.202411081344/tools/bin/../lib/gcc/arm-none-eabi/13.3.1/../../../../arm-none-eabi/lib/thumb/v7-m/nofp\libc_nano.a(libc_a-findfp.o)
                0x200030dc                __stdio_exit_handler
 .bss.errno     0x200030e0        0x4 C:/ST/STM32CubeIDE_1.18.0/STM32CubeIDE/plugins/com.st.stm32cube.ide.mcu.externaltools.gnu-tools-for-stm32.13.3.rel1.win32_1.0.0.202411081344/tools/bin/../lib/gcc/arm-none-eabi/13.3.1/../../../../arm-none-eabi/lib/thumb/v7-m/nofp\libc_nano.a(libc_a-reent.o)
                0x200030e0                errno
 .bss.__lock___malloc_recursive_mutex
                0x200030e4        0x1 C:/ST/STM32CubeIDE_1.18.0/STM32CubeIDE/plugins/com.st.stm32cube.ide.mcu.externaltools.gnu-tools-for-stm32.13.3.rel1.win32_1.0.0.202411081344/tools/bin/../lib/gcc/arm-none-eabi/13.3.1/../../../../arm-none-eabi/lib/thumb/v7-m/nofp\libc_nano.a(libc_a-lock.o)
                0x200030e4                __lock___malloc_recursive_mutex
 .bss.__lock___sfp_recursive_mutex
                0x200030e5        0x1 C:/ST/STM32CubeIDE_1.18.0/STM32CubeIDE/plugins/com.st.stm32cube.ide.mcu.externaltools.gnu-tools-for-stm32.13.3.rel1.win32_1.0.0.202411081344/tools/bin/../lib/gcc/arm-none-eabi/13.3.1/../../../../arm-none-eabi/lib/thumb/v7-m/nofp\libc_nano.a(libc_a-lock.o)
                0x200030e5                __lock___sfp_recursive_mutex
 *fill*         0x200030e6        0x2 
 .bss.__malloc_sbrk_start
                0x200030e8        0x4 C:/ST/STM32CubeIDE_1.18.0/STM32CubeIDE/plugins/com.st.stm32cube.ide.mcu.externaltools.gnu-tools-for-stm32.13.3.rel1.win32_1.0.0.202411081344/tools/bin/../lib/gcc/arm-none-eabi/13.3.1/../../../../arm-none-eabi/lib/thumb/v7-m/nofp\libc_nano.a(libc_a-mallocr.o)
                0x200030e8                __malloc_sbrk_start
 .bss.__malloc_free_list
                0x200030ec        0x4 C:/ST/STM32CubeIDE_1.18.0/STM32CubeIDE/plugins/com.st.stm32cube.ide.mcu.externaltools.gnu-tools-for-stm32.13.3.rel1.win32_1.0.0.202411081344/tools/bin/../lib/gcc/arm-none-eabi/13.3.1/../../../../arm-none-eabi/lib/thumb/v7-m/nofp\libc_nano.a(libc_a-mallocr.o)
                0x200030ec                __malloc_free_list
 *(COMMON)
                0x200030f0                        . = ALIGN (0x4)
                0x200030f0                        _ebss = .
                0x200030f0                        __bss_end__ = _ebss

._user_heap_stack
                0x200030f0      0x600 load address 0x0800629c
                0x200030f0                        . = ALIGN (0x8)
                [!provide]                        PROVIDE (end = .)
                0x200030f0                        PROVIDE (_end = .)
                0x200032f0                        . = (. + _Min_Heap_Size)
 *fill*         0x200030f0      0x200 
                0x200036f0                        . = (. + _Min_Stack_Size)
 *fill*         0x200032f0      0x400 
                0x200036f0                        . = ALIGN (0x8)

/DISCARD/
 libc.a(*)
 libm.a(*)
 libgcc.a(*)

.ARM.attributes
                0x00000000       0x29
 *(.ARM.attributes)
 .ARM.attributes
                0x00000000       0x1d C:/ST/STM32CubeIDE_1.18.0/STM32CubeIDE/plugins/com.st.stm32cube.ide.mcu.externaltools.gnu-tools-for-stm32.13.3.rel1.win32_1.0.0.202411081344/tools/bin/../lib/gcc/arm-none-eabi/13.3.1/thumb/v7-m/nofp/crti.o
 .ARM.attributes
                0x0000001d       0x2d C:/ST/STM32CubeIDE_1.18.0/STM32CubeIDE/plugins/com.st.stm32cube.ide.mcu.externaltools.gnu-tools-for-stm32.13.3.rel1.win32_1.0.0.202411081344/tools/bin/../lib/gcc/arm-none-eabi/13.3.1/thumb/v7-m/nofp/crtbegin.o
 .ARM.attributes
                0x0000004a       0x2d ./src/application/ap.o
 .ARM.attributes
                0x00000077       0x2d ./src/bsp/bsp.o
 .ARM.attributes
                0x000000a4       0x2d ./src/bsp/stm32f1xx_hal_msp.o
 .ARM.attributes
                0x000000d1       0x2d ./src/bsp/stm32f1xx_it.o
 .ARM.attributes
                0x000000fe       0x2d ./src/bsp/syscalls.o
 .ARM.attributes
                0x0000012b       0x2d ./src/bsp/sysmem.o
 .ARM.attributes
                0x00000158       0x2d ./src/bsp/system_stm32f1xx.o
 .ARM.attributes
                0x00000185       0x21 ./src/bsp/startup/startup_stm32f103rbtx.o
 .ARM.attributes
                0x000001a6       0x2d ./src/common/core/qbuffer.o
 .ARM.attributes
                0x000001d3       0x2d ./src/hw/driver/flash.o
 .ARM.attributes
                0x00000200       0x2d ./src/hw/driver/led.o
 .ARM.attributes
                0x0000022d       0x2d ./src/hw/driver/reset.o
 .ARM.attributes
                0x0000025a       0x2d ./src/hw/driver/rtc.o
 .ARM.attributes
                0x00000287       0x2d ./src/hw/driver/uart.o
 .ARM.attributes
                0x000002b4       0x2d ./src/hw/hw.o
 .ARM.attributes
                0x000002e1       0x2d ./src/lib/FreeRTOS/Source/CMSIS_RTOS/cmsis_os.o
 .ARM.attributes
                0x0000030e       0x2d ./src/lib/FreeRTOS/Source/list.o
 .ARM.attributes
                0x0000033b       0x2d ./src/lib/FreeRTOS/Source/tasks.o
 .ARM.attributes
                0x00000368       0x2d ./src/lib/FreeRTOS/Source/portable/GCC/ARM_CM3/port.o
 .ARM.attributes
                0x00000395       0x2d ./src/lib/FreeRTOS/Source/portable/MemMang/heap_4.o
 .ARM.attributes
                0x000003c2       0x2d ./src/lib/cube_f103xx/Drivers/STM32F1xx_HAL_Driver/Src/stm32f1xx_hal.o
 .ARM.attributes
                0x000003ef       0x2d ./src/lib/cube_f103xx/Drivers/STM32F1xx_HAL_Driver/Src/stm32f1xx_hal_cortex.o
 .ARM.attributes
                0x0000041c       0x2d ./src/lib/cube_f103xx/Drivers/STM32F1xx_HAL_Driver/Src/stm32f1xx_hal_dma.o
 .ARM.attributes
                0x00000449       0x2d ./src/lib/cube_f103xx/Drivers/STM32F1xx_HAL_Driver/Src/stm32f1xx_hal_gpio.o
 .ARM.attributes
                0x00000476       0x2d ./src/lib/cube_f103xx/Drivers/STM32F1xx_HAL_Driver/Src/stm32f1xx_hal_pwr.o
 .ARM.attributes
                0x000004a3       0x2d ./src/lib/cube_f103xx/Drivers/STM32F1xx_HAL_Driver/Src/stm32f1xx_hal_rcc.o
 .ARM.attributes
                0x000004d0       0x2d ./src/lib/cube_f103xx/Drivers/STM32F1xx_HAL_Driver/Src/stm32f1xx_hal_rcc_ex.o
 .ARM.attributes
                0x000004fd       0x2d ./src/lib/cube_f103xx/Drivers/STM32F1xx_HAL_Driver/Src/stm32f1xx_hal_rtc.o
 .ARM.attributes
                0x0000052a       0x2d ./src/lib/cube_f103xx/Drivers/STM32F1xx_HAL_Driver/Src/stm32f1xx_hal_rtc_ex.o
 .ARM.attributes
                0x00000557       0x2d ./src/lib/cube_f103xx/Drivers/STM32F1xx_HAL_Driver/Src/stm32f1xx_hal_uart.o
 .ARM.attributes
                0x00000584       0x2d ./src/main.o
 .ARM.attributes
                0x000005b1       0x2d C:/ST/STM32CubeIDE_1.18.0/STM32CubeIDE/plugins/com.st.stm32cube.ide.mcu.externaltools.gnu-tools-for-stm32.13.3.rel1.win32_1.0.0.202411081344/tools/bin/../lib/gcc/arm-none-eabi/13.3.1/../../../../arm-none-eabi/lib/thumb/v7-m/nofp\libc_nano.a(libc_a-findfp.o)
 .ARM.attributes
                0x000005de       0x2d C:/ST/STM32CubeIDE_1.18.0/STM32CubeIDE/plugins/com.st.stm32cube.ide.mcu.externaltools.gnu-tools-for-stm32.13.3.rel1.win32_1.0.0.202411081344/tools/bin/../lib/gcc/arm-none-eabi/13.3.1/../../../../arm-none-eabi/lib/thumb/v7-m/nofp\libc_nano.a(libc_a-fwalk.o)
 .ARM.attributes
                0x0000060b       0x2d C:/ST/STM32CubeIDE_1.18.0/STM32CubeIDE/plugins/com.st.stm32cube.ide.mcu.externaltools.gnu-tools-for-stm32.13.3.rel1.win32_1.0.0.202411081344/tools/bin/../lib/gcc/arm-none-eabi/13.3.1/../../../../arm-none-eabi/lib/thumb/v7-m/nofp\libc_nano.a(libc_a-printf.o)
 .ARM.attributes
                0x00000638       0x2d C:/ST/STM32CubeIDE_1.18.0/STM32CubeIDE/plugins/com.st.stm32cube.ide.mcu.externaltools.gnu-tools-for-stm32.13.3.rel1.win32_1.0.0.202411081344/tools/bin/../lib/gcc/arm-none-eabi/13.3.1/../../../../arm-none-eabi/lib/thumb/v7-m/nofp\libc_nano.a(libc_a-puts.o)
 .ARM.attributes
                0x00000665       0x2d C:/ST/STM32CubeIDE_1.18.0/STM32CubeIDE/plugins/com.st.stm32cube.ide.mcu.externaltools.gnu-tools-for-stm32.13.3.rel1.win32_1.0.0.202411081344/tools/bin/../lib/gcc/arm-none-eabi/13.3.1/../../../../arm-none-eabi/lib/thumb/v7-m/nofp\libc_nano.a(libc_a-stdio.o)
 .ARM.attributes
                0x00000692       0x2d C:/ST/STM32CubeIDE_1.18.0/STM32CubeIDE/plugins/com.st.stm32cube.ide.mcu.externaltools.gnu-tools-for-stm32.13.3.rel1.win32_1.0.0.202411081344/tools/bin/../lib/gcc/arm-none-eabi/13.3.1/../../../../arm-none-eabi/lib/thumb/v7-m/nofp\libc_nano.a(libc_a-wbuf.o)
 .ARM.attributes
                0x000006bf       0x2d C:/ST/STM32CubeIDE_1.18.0/STM32CubeIDE/plugins/com.st.stm32cube.ide.mcu.externaltools.gnu-tools-for-stm32.13.3.rel1.win32_1.0.0.202411081344/tools/bin/../lib/gcc/arm-none-eabi/13.3.1/../../../../arm-none-eabi/lib/thumb/v7-m/nofp\libc_nano.a(libc_a-wsetup.o)
 .ARM.attributes
                0x000006ec       0x2d C:/ST/STM32CubeIDE_1.18.0/STM32CubeIDE/plugins/com.st.stm32cube.ide.mcu.externaltools.gnu-tools-for-stm32.13.3.rel1.win32_1.0.0.202411081344/tools/bin/../lib/gcc/arm-none-eabi/13.3.1/../../../../arm-none-eabi/lib/thumb/v7-m/nofp\libc_nano.a(libc_a-memset.o)
 .ARM.attributes
                0x00000719       0x2d C:/ST/STM32CubeIDE_1.18.0/STM32CubeIDE/plugins/com.st.stm32cube.ide.mcu.externaltools.gnu-tools-for-stm32.13.3.rel1.win32_1.0.0.202411081344/tools/bin/../lib/gcc/arm-none-eabi/13.3.1/../../../../arm-none-eabi/lib/thumb/v7-m/nofp\libc_nano.a(libc_a-closer.o)
 .ARM.attributes
                0x00000746       0x2d C:/ST/STM32CubeIDE_1.18.0/STM32CubeIDE/plugins/com.st.stm32cube.ide.mcu.externaltools.gnu-tools-for-stm32.13.3.rel1.win32_1.0.0.202411081344/tools/bin/../lib/gcc/arm-none-eabi/13.3.1/../../../../arm-none-eabi/lib/thumb/v7-m/nofp\libc_nano.a(libc_a-reent.o)
 .ARM.attributes
                0x00000773       0x2d C:/ST/STM32CubeIDE_1.18.0/STM32CubeIDE/plugins/com.st.stm32cube.ide.mcu.externaltools.gnu-tools-for-stm32.13.3.rel1.win32_1.0.0.202411081344/tools/bin/../lib/gcc/arm-none-eabi/13.3.1/../../../../arm-none-eabi/lib/thumb/v7-m/nofp\libc_nano.a(libc_a-impure.o)
 .ARM.attributes
                0x000007a0       0x2d C:/ST/STM32CubeIDE_1.18.0/STM32CubeIDE/plugins/com.st.stm32cube.ide.mcu.externaltools.gnu-tools-for-stm32.13.3.rel1.win32_1.0.0.202411081344/tools/bin/../lib/gcc/arm-none-eabi/13.3.1/../../../../arm-none-eabi/lib/thumb/v7-m/nofp\libc_nano.a(libc_a-lseekr.o)
 .ARM.attributes
                0x000007cd       0x2d C:/ST/STM32CubeIDE_1.18.0/STM32CubeIDE/plugins/com.st.stm32cube.ide.mcu.externaltools.gnu-tools-for-stm32.13.3.rel1.win32_1.0.0.202411081344/tools/bin/../lib/gcc/arm-none-eabi/13.3.1/../../../../arm-none-eabi/lib/thumb/v7-m/nofp\libc_nano.a(libc_a-readr.o)
 .ARM.attributes
                0x000007fa       0x2d C:/ST/STM32CubeIDE_1.18.0/STM32CubeIDE/plugins/com.st.stm32cube.ide.mcu.externaltools.gnu-tools-for-stm32.13.3.rel1.win32_1.0.0.202411081344/tools/bin/../lib/gcc/arm-none-eabi/13.3.1/../../../../arm-none-eabi/lib/thumb/v7-m/nofp\libc_nano.a(libc_a-writer.o)
 .ARM.attributes
                0x00000827       0x2d C:/ST/STM32CubeIDE_1.18.0/STM32CubeIDE/plugins/com.st.stm32cube.ide.mcu.externaltools.gnu-tools-for-stm32.13.3.rel1.win32_1.0.0.202411081344/tools/bin/../lib/gcc/arm-none-eabi/13.3.1/../../../../arm-none-eabi/lib/thumb/v7-m/nofp\libc_nano.a(libc_a-errno.o)
 .ARM.attributes
                0x00000854       0x2d C:/ST/STM32CubeIDE_1.18.0/STM32CubeIDE/plugins/com.st.stm32cube.ide.mcu.externaltools.gnu-tools-for-stm32.13.3.rel1.win32_1.0.0.202411081344/tools/bin/../lib/gcc/arm-none-eabi/13.3.1/../../../../arm-none-eabi/lib/thumb/v7-m/nofp\libc_nano.a(libc_a-init.o)
 .ARM.attributes
                0x00000881       0x2d C:/ST/STM32CubeIDE_1.18.0/STM32CubeIDE/plugins/com.st.stm32cube.ide.mcu.externaltools.gnu-tools-for-stm32.13.3.rel1.win32_1.0.0.202411081344/tools/bin/../lib/gcc/arm-none-eabi/13.3.1/../../../../arm-none-eabi/lib/thumb/v7-m/nofp\libc_nano.a(libc_a-lock.o)
 .ARM.attributes
                0x000008ae       0x2d C:/ST/STM32CubeIDE_1.18.0/STM32CubeIDE/plugins/com.st.stm32cube.ide.mcu.externaltools.gnu-tools-for-stm32.13.3.rel1.win32_1.0.0.202411081344/tools/bin/../lib/gcc/arm-none-eabi/13.3.1/../../../../arm-none-eabi/lib/thumb/v7-m/nofp\libc_nano.a(libc_a-freer.o)
 .ARM.attributes
                0x000008db       0x2d C:/ST/STM32CubeIDE_1.18.0/STM32CubeIDE/plugins/com.st.stm32cube.ide.mcu.externaltools.gnu-tools-for-stm32.13.3.rel1.win32_1.0.0.202411081344/tools/bin/../lib/gcc/arm-none-eabi/13.3.1/../../../../arm-none-eabi/lib/thumb/v7-m/nofp\libc_nano.a(libc_a-mallocr.o)
 .ARM.attributes
                0x00000908       0x2d C:/ST/STM32CubeIDE_1.18.0/STM32CubeIDE/plugins/com.st.stm32cube.ide.mcu.externaltools.gnu-tools-for-stm32.13.3.rel1.win32_1.0.0.202411081344/tools/bin/../lib/gcc/arm-none-eabi/13.3.1/../../../../arm-none-eabi/lib/thumb/v7-m/nofp\libc_nano.a(libc_a-mlock.o)
 .ARM.attributes
                0x00000935       0x2d C:/ST/STM32CubeIDE_1.18.0/STM32CubeIDE/plugins/com.st.stm32cube.ide.mcu.externaltools.gnu-tools-for-stm32.13.3.rel1.win32_1.0.0.202411081344/tools/bin/../lib/gcc/arm-none-eabi/13.3.1/../../../../arm-none-eabi/lib/thumb/v7-m/nofp\libc_nano.a(libc_a-nano-vfprintf.o)
 .ARM.attributes
                0x00000962       0x2d C:/ST/STM32CubeIDE_1.18.0/STM32CubeIDE/plugins/com.st.stm32cube.ide.mcu.externaltools.gnu-tools-for-stm32.13.3.rel1.win32_1.0.0.202411081344/tools/bin/../lib/gcc/arm-none-eabi/13.3.1/../../../../arm-none-eabi/lib/thumb/v7-m/nofp\libc_nano.a(libc_a-nano-vfprintf_i.o)
 .ARM.attributes
                0x0000098f       0x2d C:/ST/STM32CubeIDE_1.18.0/STM32CubeIDE/plugins/com.st.stm32cube.ide.mcu.externaltools.gnu-tools-for-stm32.13.3.rel1.win32_1.0.0.202411081344/tools/bin/../lib/gcc/arm-none-eabi/13.3.1/../../../../arm-none-eabi/lib/thumb/v7-m/nofp\libc_nano.a(libc_a-fflush.o)
 .ARM.attributes
                0x000009bc       0x2d C:/ST/STM32CubeIDE_1.18.0/STM32CubeIDE/plugins/com.st.stm32cube.ide.mcu.externaltools.gnu-tools-for-stm32.13.3.rel1.win32_1.0.0.202411081344/tools/bin/../lib/gcc/arm-none-eabi/13.3.1/../../../../arm-none-eabi/lib/thumb/v7-m/nofp\libc_nano.a(libc_a-makebuf.o)
 .ARM.attributes
                0x000009e9       0x2d C:/ST/STM32CubeIDE_1.18.0/STM32CubeIDE/plugins/com.st.stm32cube.ide.mcu.externaltools.gnu-tools-for-stm32.13.3.rel1.win32_1.0.0.202411081344/tools/bin/../lib/gcc/arm-none-eabi/13.3.1/../../../../arm-none-eabi/lib/thumb/v7-m/nofp\libc_nano.a(libc_a-fstatr.o)
 .ARM.attributes
                0x00000a16       0x2d C:/ST/STM32CubeIDE_1.18.0/STM32CubeIDE/plugins/com.st.stm32cube.ide.mcu.externaltools.gnu-tools-for-stm32.13.3.rel1.win32_1.0.0.202411081344/tools/bin/../lib/gcc/arm-none-eabi/13.3.1/../../../../arm-none-eabi/lib/thumb/v7-m/nofp\libc_nano.a(libc_a-isattyr.o)
 .ARM.attributes
                0x00000a43       0x2d C:/ST/STM32CubeIDE_1.18.0/STM32CubeIDE/plugins/com.st.stm32cube.ide.mcu.externaltools.gnu-tools-for-stm32.13.3.rel1.win32_1.0.0.202411081344/tools/bin/../lib/gcc/arm-none-eabi/13.3.1/../../../../arm-none-eabi/lib/thumb/v7-m/nofp\libc_nano.a(libc_a-sbrkr.o)
 .ARM.attributes
                0x00000a70       0x2d C:/ST/STM32CubeIDE_1.18.0/STM32CubeIDE/plugins/com.st.stm32cube.ide.mcu.externaltools.gnu-tools-for-stm32.13.3.rel1.win32_1.0.0.202411081344/tools/bin/../lib/gcc/arm-none-eabi/13.3.1/../../../../arm-none-eabi/lib/thumb/v7-m/nofp\libc_nano.a(libc_a-memchr-stub.o)
 .ARM.attributes
                0x00000a9d       0x1d C:/ST/STM32CubeIDE_1.18.0/STM32CubeIDE/plugins/com.st.stm32cube.ide.mcu.externaltools.gnu-tools-for-stm32.13.3.rel1.win32_1.0.0.202411081344/tools/bin/../lib/gcc/arm-none-eabi/13.3.1/thumb/v7-m/nofp/crtn.o
OUTPUT(DriveCoreMCU.elf elf32-littlearm)
LOAD linker stubs
LOAD C:/ST/STM32CubeIDE_1.18.0/STM32CubeIDE/plugins/com.st.stm32cube.ide.mcu.externaltools.gnu-tools-for-stm32.13.3.rel1.win32_1.0.0.202411081344/tools/bin/../lib/gcc/arm-none-eabi/13.3.1/../../../../arm-none-eabi/lib/thumb/v7-m/nofp\libc.a
LOAD C:/ST/STM32CubeIDE_1.18.0/STM32CubeIDE/plugins/com.st.stm32cube.ide.mcu.externaltools.gnu-tools-for-stm32.13.3.rel1.win32_1.0.0.202411081344/tools/bin/../lib/gcc/arm-none-eabi/13.3.1/../../../../arm-none-eabi/lib/thumb/v7-m/nofp\libm.a
LOAD C:/ST/STM32CubeIDE_1.18.0/STM32CubeIDE/plugins/com.st.stm32cube.ide.mcu.externaltools.gnu-tools-for-stm32.13.3.rel1.win32_1.0.0.202411081344/tools/bin/../lib/gcc/arm-none-eabi/13.3.1/thumb/v7-m/nofp\libgcc.a

.debug_info     0x00000000     0xefb3
 .debug_info    0x00000000      0x293 ./src/application/ap.o
 .debug_info    0x00000293      0x536 ./src/bsp/bsp.o
 .debug_info    0x000007c9      0x1f8 ./src/bsp/stm32f1xx_hal_msp.o
 .debug_info    0x000009c1      0x604 ./src/bsp/stm32f1xx_it.o
 .debug_info    0x00000fc5      0x6a3 ./src/bsp/syscalls.o
 .debug_info    0x00001668      0x168 ./src/bsp/sysmem.o
 .debug_info    0x000017d0      0x21b ./src/bsp/system_stm32f1xx.o
 .debug_info    0x000019eb       0x30 ./src/bsp/startup/startup_stm32f103rbtx.o
 .debug_info    0x00001a1b      0x2a1 ./src/common/core/qbuffer.o
 .debug_info    0x00001cbc      0x487 ./src/hw/driver/flash.o
 .debug_info    0x00002143      0x31f ./src/hw/driver/led.o
 .debug_info    0x00002462      0x1c3 ./src/hw/driver/reset.o
 .debug_info    0x00002625      0x549 ./src/hw/driver/rtc.o
 .debug_info    0x00002b6e      0xdd9 ./src/hw/driver/uart.o
 .debug_info    0x00003947       0xdc ./src/hw/hw.o
 .debug_info    0x00003a23     0x175e ./src/lib/FreeRTOS/Source/CMSIS_RTOS/cmsis_os.o
 .debug_info    0x00005181      0x2af ./src/lib/FreeRTOS/Source/list.o
 .debug_info    0x00005430     0x1dbc ./src/lib/FreeRTOS/Source/tasks.o
 .debug_info    0x000071ec      0x494 ./src/lib/FreeRTOS/Source/portable/GCC/ARM_CM3/port.o
 .debug_info    0x00007680      0x4d5 ./src/lib/FreeRTOS/Source/portable/MemMang/heap_4.o
 .debug_info    0x00007b55      0x704 ./src/lib/cube_f103xx/Drivers/STM32F1xx_HAL_Driver/Src/stm32f1xx_hal.o
 .debug_info    0x00008259      0xa87 ./src/lib/cube_f103xx/Drivers/STM32F1xx_HAL_Driver/Src/stm32f1xx_hal_cortex.o
 .debug_info    0x00008ce0      0x6d2 ./src/lib/cube_f103xx/Drivers/STM32F1xx_HAL_Driver/Src/stm32f1xx_hal_dma.o
 .debug_info    0x000093b2      0x5ab ./src/lib/cube_f103xx/Drivers/STM32F1xx_HAL_Driver/Src/stm32f1xx_hal_gpio.o
 .debug_info    0x0000995d      0x628 ./src/lib/cube_f103xx/Drivers/STM32F1xx_HAL_Driver/Src/stm32f1xx_hal_pwr.o
 .debug_info    0x00009f85      0x7d5 ./src/lib/cube_f103xx/Drivers/STM32F1xx_HAL_Driver/Src/stm32f1xx_hal_rcc.o
 .debug_info    0x0000a75a      0x3c0 ./src/lib/cube_f103xx/Drivers/STM32F1xx_HAL_Driver/Src/stm32f1xx_hal_rcc_ex.o
 .debug_info    0x0000ab1a      0xc73 ./src/lib/cube_f103xx/Drivers/STM32F1xx_HAL_Driver/Src/stm32f1xx_hal_rtc.o
 .debug_info    0x0000b78d      0x6a7 ./src/lib/cube_f103xx/Drivers/STM32F1xx_HAL_Driver/Src/stm32f1xx_hal_rtc_ex.o
 .debug_info    0x0000be34     0x2eed ./src/lib/cube_f103xx/Drivers/STM32F1xx_HAL_Driver/Src/stm32f1xx_hal_uart.o
 .debug_info    0x0000ed21      0x292 ./src/main.o

.debug_abbrev   0x00000000     0x3885
 .debug_abbrev  0x00000000      0x193 ./src/application/ap.o
 .debug_abbrev  0x00000193      0x228 ./src/bsp/bsp.o
 .debug_abbrev  0x000003bb       0xdb ./src/bsp/stm32f1xx_hal_msp.o
 .debug_abbrev  0x00000496      0x179 ./src/bsp/stm32f1xx_it.o
 .debug_abbrev  0x0000060f      0x1b6 ./src/bsp/syscalls.o
 .debug_abbrev  0x000007c5       0xbc ./src/bsp/sysmem.o
 .debug_abbrev  0x00000881      0x13f ./src/bsp/system_stm32f1xx.o
 .debug_abbrev  0x000009c0       0x24 ./src/bsp/startup/startup_stm32f103rbtx.o
 .debug_abbrev  0x000009e4      0x108 ./src/common/core/qbuffer.o
 .debug_abbrev  0x00000aec      0x17a ./src/hw/driver/flash.o
 .debug_abbrev  0x00000c66      0x198 ./src/hw/driver/led.o
 .debug_abbrev  0x00000dfe      0x113 ./src/hw/driver/reset.o
 .debug_abbrev  0x00000f11      0x1d7 ./src/hw/driver/rtc.o
 .debug_abbrev  0x000010e8      0x2fc ./src/hw/driver/uart.o
 .debug_abbrev  0x000013e4       0x6d ./src/hw/hw.o
 .debug_abbrev  0x00001451      0x39c ./src/lib/FreeRTOS/Source/CMSIS_RTOS/cmsis_os.o
 .debug_abbrev  0x000017ed       0xf5 ./src/lib/FreeRTOS/Source/list.o
 .debug_abbrev  0x000018e2      0x369 ./src/lib/FreeRTOS/Source/tasks.o
 .debug_abbrev  0x00001c4b      0x258 ./src/lib/FreeRTOS/Source/portable/GCC/ARM_CM3/port.o
 .debug_abbrev  0x00001ea3      0x21d ./src/lib/FreeRTOS/Source/portable/MemMang/heap_4.o
 .debug_abbrev  0x000020c0      0x201 ./src/lib/cube_f103xx/Drivers/STM32F1xx_HAL_Driver/Src/stm32f1xx_hal.o
 .debug_abbrev  0x000022c1      0x2f8 ./src/lib/cube_f103xx/Drivers/STM32F1xx_HAL_Driver/Src/stm32f1xx_hal_cortex.o
 .debug_abbrev  0x000025b9      0x20b ./src/lib/cube_f103xx/Drivers/STM32F1xx_HAL_Driver/Src/stm32f1xx_hal_dma.o
 .debug_abbrev  0x000027c4      0x1ca ./src/lib/cube_f103xx/Drivers/STM32F1xx_HAL_Driver/Src/stm32f1xx_hal_gpio.o
 .debug_abbrev  0x0000298e      0x1f6 ./src/lib/cube_f103xx/Drivers/STM32F1xx_HAL_Driver/Src/stm32f1xx_hal_pwr.o
 .debug_abbrev  0x00002b84      0x2b3 ./src/lib/cube_f103xx/Drivers/STM32F1xx_HAL_Driver/Src/stm32f1xx_hal_rcc.o
 .debug_abbrev  0x00002e37      0x188 ./src/lib/cube_f103xx/Drivers/STM32F1xx_HAL_Driver/Src/stm32f1xx_hal_rcc_ex.o
 .debug_abbrev  0x00002fbf      0x23a ./src/lib/cube_f103xx/Drivers/STM32F1xx_HAL_Driver/Src/stm32f1xx_hal_rtc.o
 .debug_abbrev  0x000031f9      0x22b ./src/lib/cube_f103xx/Drivers/STM32F1xx_HAL_Driver/Src/stm32f1xx_hal_rtc_ex.o
 .debug_abbrev  0x00003424      0x2f8 ./src/lib/cube_f103xx/Drivers/STM32F1xx_HAL_Driver/Src/stm32f1xx_hal_uart.o
 .debug_abbrev  0x0000371c      0x169 ./src/main.o

.debug_aranges  0x00000000     0x1068
 .debug_aranges
                0x00000000       0x30 ./src/application/ap.o
 .debug_aranges
                0x00000030       0x48 ./src/bsp/bsp.o
 .debug_aranges
                0x00000078       0x20 ./src/bsp/stm32f1xx_hal_msp.o
 .debug_aranges
                0x00000098       0x60 ./src/bsp/stm32f1xx_it.o
 .debug_aranges
                0x000000f8       0xa8 ./src/bsp/syscalls.o
 .debug_aranges
                0x000001a0       0x20 ./src/bsp/sysmem.o
 .debug_aranges
                0x000001c0       0x28 ./src/bsp/system_stm32f1xx.o
 .debug_aranges
                0x000001e8       0x28 ./src/bsp/startup/startup_stm32f103rbtx.o
 .debug_aranges
                0x00000210       0x48 ./src/common/core/qbuffer.o
 .debug_aranges
                0x00000258       0x40 ./src/hw/driver/flash.o
 .debug_aranges
                0x00000298       0x38 ./src/hw/driver/led.o
 .debug_aranges
                0x000002d0       0x28 ./src/hw/driver/reset.o
 .debug_aranges
                0x000002f8       0x40 ./src/hw/driver/rtc.o
 .debug_aranges
                0x00000338       0x70 ./src/hw/driver/uart.o
 .debug_aranges
                0x000003a8       0x20 ./src/hw/hw.o
 .debug_aranges
                0x000003c8      0x1d8 ./src/lib/FreeRTOS/Source/CMSIS_RTOS/cmsis_os.o
 .debug_aranges
                0x000005a0       0x40 ./src/lib/FreeRTOS/Source/list.o
 .debug_aranges
                0x000005e0      0x1e8 ./src/lib/FreeRTOS/Source/tasks.o
 .debug_aranges
                0x000007c8       0x78 ./src/lib/FreeRTOS/Source/portable/GCC/ARM_CM3/port.o
 .debug_aranges
                0x00000840       0x58 ./src/lib/FreeRTOS/Source/portable/MemMang/heap_4.o
 .debug_aranges
                0x00000898       0xe0 ./src/lib/cube_f103xx/Drivers/STM32F1xx_HAL_Driver/Src/stm32f1xx_hal.o
 .debug_aranges
                0x00000978      0x100 ./src/lib/cube_f103xx/Drivers/STM32F1xx_HAL_Driver/Src/stm32f1xx_hal_cortex.o
 .debug_aranges
                0x00000a78       0x80 ./src/lib/cube_f103xx/Drivers/STM32F1xx_HAL_Driver/Src/stm32f1xx_hal_dma.o
 .debug_aranges
                0x00000af8       0x58 ./src/lib/cube_f103xx/Drivers/STM32F1xx_HAL_Driver/Src/stm32f1xx_hal_gpio.o
 .debug_aranges
                0x00000b50       0xa8 ./src/lib/cube_f103xx/Drivers/STM32F1xx_HAL_Driver/Src/stm32f1xx_hal_pwr.o
 .debug_aranges
                0x00000bf8       0x90 ./src/lib/cube_f103xx/Drivers/STM32F1xx_HAL_Driver/Src/stm32f1xx_hal_rcc.o
 .debug_aranges
                0x00000c88       0x30 ./src/lib/cube_f103xx/Drivers/STM32F1xx_HAL_Driver/Src/stm32f1xx_hal_rcc_ex.o
 .debug_aranges
                0x00000cb8       0xf8 ./src/lib/cube_f103xx/Drivers/STM32F1xx_HAL_Driver/Src/stm32f1xx_hal_rtc.o
 .debug_aranges
                0x00000db0       0x88 ./src/lib/cube_f103xx/Drivers/STM32F1xx_HAL_Driver/Src/stm32f1xx_hal_rtc_ex.o
 .debug_aranges
                0x00000e38      0x208 ./src/lib/cube_f103xx/Drivers/STM32F1xx_HAL_Driver/Src/stm32f1xx_hal_uart.o
 .debug_aranges
                0x00001040       0x28 ./src/main.o

.debug_rnglists
                0x00000000      0xc48
 .debug_rnglists
                0x00000000       0x1f ./src/application/ap.o
 .debug_rnglists
                0x0000001f       0x32 ./src/bsp/bsp.o
 .debug_rnglists
                0x00000051       0x13 ./src/bsp/stm32f1xx_hal_msp.o
 .debug_rnglists
                0x00000064       0x43 ./src/bsp/stm32f1xx_it.o
 .debug_rnglists
                0x000000a7       0x79 ./src/bsp/syscalls.o
 .debug_rnglists
                0x00000120       0x13 ./src/bsp/sysmem.o
 .debug_rnglists
                0x00000133       0x1a ./src/bsp/system_stm32f1xx.o
 .debug_rnglists
                0x0000014d       0x19 ./src/bsp/startup/startup_stm32f103rbtx.o
 .debug_rnglists
                0x00000166       0x31 ./src/common/core/qbuffer.o
 .debug_rnglists
                0x00000197       0x2e ./src/hw/driver/flash.o
 .debug_rnglists
                0x000001c5       0x25 ./src/hw/driver/led.o
 .debug_rnglists
                0x000001ea       0x19 ./src/hw/driver/reset.o
 .debug_rnglists
                0x00000203       0x2c ./src/hw/driver/rtc.o
 .debug_rnglists
                0x0000022f       0x52 ./src/hw/driver/uart.o
 .debug_rnglists
                0x00000281       0x13 ./src/hw/hw.o
 .debug_rnglists
                0x00000294      0x169 ./src/lib/FreeRTOS/Source/CMSIS_RTOS/cmsis_os.o
 .debug_rnglists
                0x000003fd       0x2b ./src/lib/FreeRTOS/Source/list.o
 .debug_rnglists
                0x00000428      0x186 ./src/lib/FreeRTOS/Source/tasks.o
 .debug_rnglists
                0x000005ae       0x57 ./src/lib/FreeRTOS/Source/portable/GCC/ARM_CM3/port.o
 .debug_rnglists
                0x00000605       0x42 ./src/lib/FreeRTOS/Source/portable/MemMang/heap_4.o
 .debug_rnglists
                0x00000647       0xa3 ./src/lib/cube_f103xx/Drivers/STM32F1xx_HAL_Driver/Src/stm32f1xx_hal.o
 .debug_rnglists
                0x000006ea       0xbb ./src/lib/cube_f103xx/Drivers/STM32F1xx_HAL_Driver/Src/stm32f1xx_hal_cortex.o
 .debug_rnglists
                0x000007a5       0x64 ./src/lib/cube_f103xx/Drivers/STM32F1xx_HAL_Driver/Src/stm32f1xx_hal_dma.o
 .debug_rnglists
                0x00000809       0x3f ./src/lib/cube_f103xx/Drivers/STM32F1xx_HAL_Driver/Src/stm32f1xx_hal_gpio.o
 .debug_rnglists
                0x00000848       0x7a ./src/lib/cube_f103xx/Drivers/STM32F1xx_HAL_Driver/Src/stm32f1xx_hal_pwr.o
 .debug_rnglists
                0x000008c2       0x6c ./src/lib/cube_f103xx/Drivers/STM32F1xx_HAL_Driver/Src/stm32f1xx_hal_rcc.o
 .debug_rnglists
                0x0000092e       0x21 ./src/lib/cube_f103xx/Drivers/STM32F1xx_HAL_Driver/Src/stm32f1xx_hal_rcc_ex.o
 .debug_rnglists
                0x0000094f       0xc1 ./src/lib/cube_f103xx/Drivers/STM32F1xx_HAL_Driver/Src/stm32f1xx_hal_rtc.o
 .debug_rnglists
                0x00000a10       0x63 ./src/lib/cube_f103xx/Drivers/STM32F1xx_HAL_Driver/Src/stm32f1xx_hal_rtc_ex.o
 .debug_rnglists
                0x00000a73      0x1bc ./src/lib/cube_f103xx/Drivers/STM32F1xx_HAL_Driver/Src/stm32f1xx_hal_uart.o
 .debug_rnglists
                0x00000c2f       0x19 ./src/main.o

.debug_macro    0x00000000    0x1c007
 .debug_macro   0x00000000      0x3ab ./src/application/ap.o
 .debug_macro   0x000003ab      0xac0 ./src/application/ap.o
 .debug_macro   0x00000e6b       0x22 ./src/application/ap.o
 .debug_macro   0x00000e8d       0x5b ./src/application/ap.o
 .debug_macro   0x00000ee8       0x24 ./src/application/ap.o
 .debug_macro   0x00000f0c       0x94 ./src/application/ap.o
 .debug_macro   0x00000fa0       0x43 ./src/application/ap.o
 .debug_macro   0x00000fe3       0x34 ./src/application/ap.o
 .debug_macro   0x00001017       0x16 ./src/application/ap.o
 .debug_macro   0x0000102d       0x57 ./src/application/ap.o
 .debug_macro   0x00001084       0x9e ./src/application/ap.o
 .debug_macro   0x00001122      0x370 ./src/application/ap.o
 .debug_macro   0x00001492      0x112 ./src/application/ap.o
 .debug_macro   0x000015a4       0x10 ./src/application/ap.o
 .debug_macro   0x000015b4       0x16 ./src/application/ap.o
 .debug_macro   0x000015ca       0x4a ./src/application/ap.o
 .debug_macro   0x00001614       0x34 ./src/application/ap.o
 .debug_macro   0x00001648       0x10 ./src/application/ap.o
 .debug_macro   0x00001658       0x58 ./src/application/ap.o
 .debug_macro   0x000016b0       0x8e ./src/application/ap.o
 .debug_macro   0x0000173e       0x1c ./src/application/ap.o
 .debug_macro   0x0000175a      0x185 ./src/application/ap.o
 .debug_macro   0x000018df       0x16 ./src/application/ap.o