../src/bsp/stm32f1xx_it.c:70:6:NMI_Handler	4	static
../src/bsp/stm32f1xx_it.c:85:6:HardFault_Handler	4	static
../src/bsp/stm32f1xx_it.c:100:6:MemManage_Handler	4	static
../src/bsp/stm32f1xx_it.c:115:6:BusFault_Handler	4	static
../src/bsp/stm32f1xx_it.c:130:6:UsageFault_Handler	4	static
../src/bsp/stm32f1xx_it.c:160:6:DebugMon_Handler	4	static
../src/bsp/stm32f1xx_it.c:189:6:SysTick_Handler	8	static
../src/bsp/stm32f1xx_it.c:211:6:DMA1_Channel5_IRQHandler	8	static
../src/bsp/stm32f1xx_it.c:225:6:USART1_IRQHandler	8	static
